Archive member included to satisfy reference by file (symbol)

/opt/st/stm32cubeide_1.9.0/plugins/com.st.stm32cube.ide.mcu.externaltools.gnu-tools-for-stm32.10.3-2021.10.linux64_1.0.0.202111181127/tools/bin/../lib/gcc/arm-none-eabi/10.3.1/../../../../arm-none-eabi/lib/thumb/v8-m.main+fp/hard/libc_nano.a(lib_a-errno.o)
                              ./Core/Src/syscalls.o (__errno)
/opt/st/stm32cubeide_1.9.0/plugins/com.st.stm32cube.ide.mcu.externaltools.gnu-tools-for-stm32.10.3-2021.10.linux64_1.0.0.202111181127/tools/bin/../lib/gcc/arm-none-eabi/10.3.1/../../../../arm-none-eabi/lib/thumb/v8-m.main+fp/hard/libc_nano.a(lib_a-exit.o)
                              /opt/st/stm32cubeide_1.9.0/plugins/com.st.stm32cube.ide.mcu.externaltools.gnu-tools-for-stm32.10.3-2021.10.linux64_1.0.0.202111181127/tools/bin/../lib/gcc/arm-none-eabi/10.3.1/../../../../arm-none-eabi/lib/thumb/v8-m.main+fp/hard/crt0.o (exit)
/opt/st/stm32cubeide_1.9.0/plugins/com.st.stm32cube.ide.mcu.externaltools.gnu-tools-for-stm32.10.3-2021.10.linux64_1.0.0.202111181127/tools/bin/../lib/gcc/arm-none-eabi/10.3.1/../../../../arm-none-eabi/lib/thumb/v8-m.main+fp/hard/libc_nano.a(lib_a-impure.o)
                              /opt/st/stm32cubeide_1.9.0/plugins/com.st.stm32cube.ide.mcu.externaltools.gnu-tools-for-stm32.10.3-2021.10.linux64_1.0.0.202111181127/tools/bin/../lib/gcc/arm-none-eabi/10.3.1/../../../../arm-none-eabi/lib/thumb/v8-m.main+fp/hard/libc_nano.a(lib_a-exit.o) (_global_impure_ptr)
/opt/st/stm32cubeide_1.9.0/plugins/com.st.stm32cube.ide.mcu.externaltools.gnu-tools-for-stm32.10.3-2021.10.linux64_1.0.0.202111181127/tools/bin/../lib/gcc/arm-none-eabi/10.3.1/../../../../arm-none-eabi/lib/thumb/v8-m.main+fp/hard/libc_nano.a(lib_a-init.o)
                              /opt/st/stm32cubeide_1.9.0/plugins/com.st.stm32cube.ide.mcu.externaltools.gnu-tools-for-stm32.10.3-2021.10.linux64_1.0.0.202111181127/tools/bin/../lib/gcc/arm-none-eabi/10.3.1/../../../../arm-none-eabi/lib/thumb/v8-m.main+fp/hard/crt0.o (__libc_init_array)
/opt/st/stm32cubeide_1.9.0/plugins/com.st.stm32cube.ide.mcu.externaltools.gnu-tools-for-stm32.10.3-2021.10.linux64_1.0.0.202111181127/tools/bin/../lib/gcc/arm-none-eabi/10.3.1/../../../../arm-none-eabi/lib/thumb/v8-m.main+fp/hard/libc_nano.a(lib_a-memcpy-stub.o)
                              ./Core/Src/Hacl_SHA2_256.o (memcpy)
/opt/st/stm32cubeide_1.9.0/plugins/com.st.stm32cube.ide.mcu.externaltools.gnu-tools-for-stm32.10.3-2021.10.linux64_1.0.0.202111181127/tools/bin/../lib/gcc/arm-none-eabi/10.3.1/../../../../arm-none-eabi/lib/thumb/v8-m.main+fp/hard/libc_nano.a(lib_a-memset.o)
                              /opt/st/stm32cubeide_1.9.0/plugins/com.st.stm32cube.ide.mcu.externaltools.gnu-tools-for-stm32.10.3-2021.10.linux64_1.0.0.202111181127/tools/bin/../lib/gcc/arm-none-eabi/10.3.1/../../../../arm-none-eabi/lib/thumb/v8-m.main+fp/hard/crt0.o (memset)
/opt/st/stm32cubeide_1.9.0/plugins/com.st.stm32cube.ide.mcu.externaltools.gnu-tools-for-stm32.10.3-2021.10.linux64_1.0.0.202111181127/tools/bin/../lib/gcc/arm-none-eabi/10.3.1/../../../../arm-none-eabi/lib/thumb/v8-m.main+fp/hard/libc_nano.a(lib_a-printf.o)
                              ./Core/Src/kremlib.o (printf)
/opt/st/stm32cubeide_1.9.0/plugins/com.st.stm32cube.ide.mcu.externaltools.gnu-tools-for-stm32.10.3-2021.10.linux64_1.0.0.202111181127/tools/bin/../lib/gcc/arm-none-eabi/10.3.1/../../../../arm-none-eabi/lib/thumb/v8-m.main+fp/hard/libc_nano.a(lib_a-putchar.o)
                              ./Core/Src/kremlib.o (putchar)
/opt/st/stm32cubeide_1.9.0/plugins/com.st.stm32cube.ide.mcu.externaltools.gnu-tools-for-stm32.10.3-2021.10.linux64_1.0.0.202111181127/tools/bin/../lib/gcc/arm-none-eabi/10.3.1/../../../../arm-none-eabi/lib/thumb/v8-m.main+fp/hard/libc_nano.a(lib_a-rand.o)
                              ./Core/Src/uECC.o (rand)
/opt/st/stm32cubeide_1.9.0/plugins/com.st.stm32cube.ide.mcu.externaltools.gnu-tools-for-stm32.10.3-2021.10.linux64_1.0.0.202111181127/tools/bin/../lib/gcc/arm-none-eabi/10.3.1/../../../../arm-none-eabi/lib/thumb/v8-m.main+fp/hard/libc_nano.a(lib_a-strcmp.o)
                              ./Core/Src/cfa_engine.o (strcmp)
/opt/st/stm32cubeide_1.9.0/plugins/com.st.stm32cube.ide.mcu.externaltools.gnu-tools-for-stm32.10.3-2021.10.linux64_1.0.0.202111181127/tools/bin/../lib/gcc/arm-none-eabi/10.3.1/../../../../arm-none-eabi/lib/thumb/v8-m.main+fp/hard/libc_nano.a(lib_a-assert.o)
                              /opt/st/stm32cubeide_1.9.0/plugins/com.st.stm32cube.ide.mcu.externaltools.gnu-tools-for-stm32.10.3-2021.10.linux64_1.0.0.202111181127/tools/bin/../lib/gcc/arm-none-eabi/10.3.1/../../../../arm-none-eabi/lib/thumb/v8-m.main+fp/hard/libc_nano.a(lib_a-rand.o) (__assert_func)
/opt/st/stm32cubeide_1.9.0/plugins/com.st.stm32cube.ide.mcu.externaltools.gnu-tools-for-stm32.10.3-2021.10.linux64_1.0.0.202111181127/tools/bin/../lib/gcc/arm-none-eabi/10.3.1/../../../../arm-none-eabi/lib/thumb/v8-m.main+fp/hard/libc_nano.a(lib_a-findfp.o)
[...]
Memory Configuration

Name             Origin             Length             Attributes
RAM              0x0000000030000000 0x0000000000018000 xrw
RAM2             0x0000000030030000 0x0000000000010000 xrw
FLASH            0x000000000c000000 0x000000000003e000 xr
FLASH_NSC        0x000000000c03e000 0x0000000000002000 xr
CFA_REPORT       0x000000000e002000 0x0000000000002400 rw
*default*        0x0000000000000000 0xffffffffffffffff

Linker script and memory map

LOAD /opt/st/stm32cubeide_1.9.0/plugins/com.st.stm32cube.ide.mcu.externaltools.gnu-tools-for-stm32.10.3-2021.10.linux64_1.0.0.202111181127/tools/bin/../lib/gcc/arm-none-eabi/10.3.1/thumb/v8-m.main+fp/hard/crti.o
LOAD /opt/st/stm32cubeide_1.9.0/plugins/com.st.stm32cube.ide.mcu.externaltools.gnu-tools-for-stm32.10.3-2021.10.linux64_1.0.0.202111181127/tools/bin/../lib/gcc/arm-none-eabi/10.3.1/thumb/v8-m.main+fp/hard/crtbegin.o
LOAD /opt/st/stm32cubeide_1.9.0/plugins/com.st.stm32cube.ide.mcu.externaltools.gnu-tools-for-stm32.10.3-2021.10.linux64_1.0.0.202111181127/tools/bin/../lib/gcc/arm-none-eabi/10.3.1/../../../../arm-none-eabi/lib/thumb/v8-m.main+fp/hard/crt0.o
LOAD ./Core/Src/Hacl_SHA2_256.o
LOAD ./Core/Src/cfa_engine.o
LOAD ./Core/Src/gpio.o
LOAD ./Core/Src/gtzc.o
LOAD ./Core/Src/kremlib.o
LOAD ./Core/Src/main.o
LOAD ./Core/Src/secure_nsc.o
LOAD ./Core/Src/serial_messages.o
LOAD ./Core/Src/stm32l5xx_hal_msp.o
LOAD ./Core/Src/stm32l5xx_it.o
LOAD ./Core/Src/syscalls.o
LOAD ./Core/Src/sysmem.o
LOAD ./Core/Src/system_stm32l5xx_s.o
LOAD ./Core/Src/test_application.o
LOAD ./Core/Src/tim.o
LOAD ./Core/Src/uECC.o
LOAD ./Core/Src/usart.o
LOAD ./Core/Startup/startup_stm32l552zetxq.o
LOAD ./Drivers/STM32L5xx_HAL_Driver/stm32l5xx_hal.o
LOAD ./Drivers/STM32L5xx_HAL_Driver/stm32l5xx_hal_cortex.o
LOAD ./Drivers/STM32L5xx_HAL_Driver/stm32l5xx_hal_dma.o
LOAD ./Drivers/STM32L5xx_HAL_Driver/stm32l5xx_hal_dma_ex.o
LOAD ./Drivers/STM32L5xx_HAL_Driver/stm32l5xx_hal_exti.o
LOAD ./Drivers/STM32L5xx_HAL_Driver/stm32l5xx_hal_flash.o
LOAD ./Drivers/STM32L5xx_HAL_Driver/stm32l5xx_hal_flash_ex.o
LOAD ./Drivers/STM32L5xx_HAL_Driver/stm32l5xx_hal_flash_ramfunc.o
LOAD ./Drivers/STM32L5xx_HAL_Driver/stm32l5xx_hal_gpio.o
LOAD ./Drivers/STM32L5xx_HAL_Driver/stm32l5xx_hal_gtzc.o
LOAD ./Drivers/STM32L5xx_HAL_Driver/stm32l5xx_hal_i2c.o
LOAD ./Drivers/STM32L5xx_HAL_Driver/stm32l5xx_hal_i2c_ex.o
LOAD ./Drivers/STM32L5xx_HAL_Driver/stm32l5xx_hal_icache.o
LOAD ./Drivers/STM32L5xx_HAL_Driver/stm32l5xx_hal_pwr.o
LOAD ./Drivers/STM32L5xx_HAL_Driver/stm32l5xx_hal_pwr_ex.o
LOAD ./Drivers/STM32L5xx_HAL_Driver/stm32l5xx_hal_rcc.o
LOAD ./Drivers/STM32L5xx_HAL_Driver/stm32l5xx_hal_rcc_ex.o
LOAD ./Drivers/STM32L5xx_HAL_Driver/stm32l5xx_hal_tim.o
LOAD ./Drivers/STM32L5xx_HAL_Driver/stm32l5xx_hal_tim_ex.o
LOAD ./Drivers/STM32L5xx_HAL_Driver/stm32l5xx_hal_uart.o
LOAD ./Drivers/STM32L5xx_HAL_Driver/stm32l5xx_hal_uart_ex.o
START GROUP
LOAD /opt/st/stm32cubeide_1.9.0/plugins/com.st.stm32cube.ide.mcu.externaltools.gnu-tools-for-stm32.10.3-2021.10.linux64_1.0.0.202111181127/tools/bin/../lib/gcc/arm-none-eabi/10.3.1/../../../../arm-none-eabi/lib/thumb/v8-m.main+fp/hard/libc_nano.a
LOAD /opt/st/stm32cubeide_1.9.0/plugins/com.st.stm32cube.ide.mcu.externaltools.gnu-tools-for-stm32.10.3-2021.10.linux64_1.0.0.202111181127/tools/bin/../lib/gcc/arm-none-eabi/10.3.1/../../../../arm-none-eabi/lib/thumb/v8-m.main+fp/hard/libm.a
END GROUP
START GROUP
LOAD /opt/st/stm32cubeide_1.9.0/plugins/com.st.stm32cube.ide.mcu.externaltools.gnu-tools-for-stm32.10.3-2021.10.linux64_1.0.0.202111181127/tools/bin/../lib/gcc/arm-none-eabi/10.3.1/thumb/v8-m.main+fp/hard/libgcc.a
LOAD /opt/st/stm32cubeide_1.9.0/plugins/com.st.stm32cube.ide.mcu.externaltools.gnu-tools-for-stm32.10.3-2021.10.linux64_1.0.0.202111181127/tools/bin/../lib/gcc/arm-none-eabi/10.3.1/../../../../arm-none-eabi/lib/thumb/v8-m.main+fp/hard/libc_nano.a
END GROUP
START GROUP
LOAD /opt/st/stm32cubeide_1.9.0/plugins/com.st.stm32cube.ide.mcu.externaltools.gnu-tools-for-stm32.10.3-2021.10.linux64_1.0.0.202111181127/tools/bin/../lib/gcc/arm-none-eabi/10.3.1/thumb/v8-m.main+fp/hard/libgcc.a
LOAD /opt/st/stm32cubeide_1.9.0/plugins/com.st.stm32cube.ide.mcu.externaltools.gnu-tools-for-stm32.10.3-2021.10.linux64_1.0.0.202111181127/tools/bin/../lib/gcc/arm-none-eabi/10.3.1/../../../../arm-none-eabi/lib/thumb/v8-m.main+fp/hard/libc_nano.a
LOAD /opt/st/stm32cubeide_1.9.0/plugins/com.st.stm32cube.ide.mcu.externaltools.gnu-tools-for-stm32.10.3-2021.10.linux64_1.0.0.202111181127/tools/bin/../lib/gcc/arm-none-eabi/10.3.1/../../../../arm-none-eabi/lib/thumb/v8-m.main+fp/hard/libnosys.a
END GROUP
START GROUP
LOAD /opt/st/stm32cubeide_1.9.0/plugins/com.st.stm32cube.ide.mcu.externaltools.gnu-tools-for-stm32.10.3-2021.10.linux64_1.0.0.202111181127/tools/bin/../lib/gcc/arm-none-eabi/10.3.1/thumb/v8-m.main+fp/hard/libgcc.a
LOAD /opt/st/stm32cubeide_1.9.0/plugins/com.st.stm32cube.ide.mcu.externaltools.gnu-tools-for-stm32.10.3-2021.10.linux64_1.0.0.202111181127/tools/bin/../lib/gcc/arm-none-eabi/10.3.1/../../../../arm-none-eabi/lib/thumb/v8-m.main+fp/hard/libc_nano.a
LOAD /opt/st/stm32cubeide_1.9.0/plugins/com.st.stm32cube.ide.mcu.externaltools.gnu-tools-for-stm32.10.3-2021.10.linux64_1.0.0.202111181127/tools/bin/../lib/gcc/arm-none-eabi/10.3.1/../../../../arm-none-eabi/lib/thumb/v8-m.main+fp/hard/libnosys.a
END GROUP
LOAD /opt/st/stm32cubeide_1.9.0/plugins/com.st.stm32cube.ide.mcu.externaltools.gnu-tools-for-stm32.10.3-2021.10.linux64_1.0.0.202111181127/tools/bin/../lib/gcc/arm-none-eabi/10.3.1/thumb/v8-m.main+fp/hard/crtend.o
LOAD /opt/st/stm32cubeide_1.9.0/plugins/com.st.stm32cube.ide.mcu.externaltools.gnu-tools-for-stm32.10.3-2021.10.linux64_1.0.0.202111181127/tools/bin/../lib/gcc/arm-none-eabi/10.3.1/thumb/v8-m.main+fp/hard/crtn.o
                0x0000000030018000                _estack = (ORIGIN (RAM) + LENGTH (RAM))
                0x0000000000000200                _Min_Heap_Size = 0x200
                0x0000000000000400                _Min_Stack_Size = 0x400

.isr_vector     0x000000000c000000      0x1f4
                0x000000000c000000                . = ALIGN (0x4)
 *(.isr_vector)
 .isr_vector    0x000000000c000000      0x1f4 ./Core/Startup/startup_stm32l552zetxq.o
                0x000000000c000000                g_pfnVectors
                0x000000000c0001f4                . = ALIGN (0x4)

.text           0x000000000c000200     0x9384
                0x000000000c000200                . = ALIGN (0x4)
 *(.text)
 .text          0x000000000c000200       0x40 /opt/st/stm32cubeide_1.9.0/plugins/com.st.stm32cube.ide.mcu.externaltools.gnu-tools-for-stm32.10.3-2021.10.linux64_1.0.0.202111181127/tools/bin/../lib/gcc/arm-none-eabi/10.3.1/thumb/v8-m.main+fp/hard/crtbegin.o
 .text          0x000000000c000240       0x14 /opt/st/stm32cubeide_1.9.0/plugins/com.st.stm32cube.ide.mcu.externaltools.gnu-tools-for-stm32.10.3-2021.10.linux64_1.0.0.202111181127/tools/bin/../lib/gcc/arm-none-eabi/10.3.1/../../../../arm-none-eabi/lib/thumb/v8-m.main+fp/hard/libc_nano.a(lib_a-strcmp.o)
                0x000000000c000240                strcmp
 .text          0x000000000c000254       0x5c /opt/st/stm32cubeide_1.9.0/plugins/com.st.stm32cube.ide.mcu.externaltools.gnu-tools-for-stm32.10.3-2021.10.linux64_1.0.0.202111181127/tools/bin/../lib/gcc/arm-none-eabi/10.3.1/thumb/v8-m.main+fp/hard/libgcc.a(cmse_nonsecure_call.o)
                0x000000000c000254                __gnu_cmse_nonsecure_call
 .text          0x000000000c0002b0       0x30 /opt/st/stm32cubeide_1.9.0/plugins/com.st.stm32cube.ide.mcu.externaltools.gnu-tools-for-stm32.10.3-2021.10.linux64_1.0.0.202111181127/tools/bin/../lib/gcc/arm-none-eabi/10.3.1/thumb/v8-m.main+fp/hard/libgcc.a(_aeabi_uldivmod.o)
                0x000000000c0002b0                __aeabi_uldivmod
 .text          0x000000000c0002e0      0x2ec /opt/st/stm32cubeide_1.9.0/plugins/com.st.stm32cube.ide.mcu.externaltools.gnu-tools-for-stm32.10.3-2021.10.linux64_1.0.0.202111181127/tools/bin/../lib/gcc/arm-none-eabi/10.3.1/thumb/v8-m.main+fp/hard/libgcc.a(_udivmoddi4.o)
                0x000000000c0002e0                __udivmoddi4
 .text          0x000000000c0005cc        0x4 /opt/st/stm32cubeide_1.9.0/plugins/com.st.stm32cube.ide.mcu.externaltools.gnu-tools-for-stm32.10.3-2021.10.linux64_1.0.0.202111181127/tools/bin/../lib/gcc/arm-none-eabi/10.3.1/thumb/v8-m.main+fp/hard/libgcc.a(_dvmd_tls.o)
                0x000000000c0005cc                __aeabi_ldiv0
                0x000000000c0005cc                __aeabi_idiv0
 *(.text*)
 .text.load32   0x000000000c0005d0       0x1c ./Core/Src/Hacl_SHA2_256.o
 .text.store32  0x000000000c0005ec       0x1c ./Core/Src/Hacl_SHA2_256.o
 .text.store64  0x000000000c000608       0x20 ./Core/Src/Hacl_SHA2_256.o
 .text.Hacl_Hash_Lib_LoadStore_uint32s_from_be_bytes
                0x000000000c000628       0x68 ./Core/Src/Hacl_SHA2_256.o
 .text.Hacl_Hash_Lib_LoadStore_uint32s_to_be_bytes
                0x000000000c000690       0x6a ./Core/Src/Hacl_SHA2_256.o
 *fill*         0x000000000c0006fa        0x2 
 .text.Hacl_Impl_SHA2_256_init
                0x000000000c0006fc      0x408 ./Core/Src/Hacl_SHA2_256.o
 .text.Hacl_Impl_SHA2_256_update
                0x000000000c000b04      0x356 ./Core/Src/Hacl_SHA2_256.o
 .text.Hacl_Impl_SHA2_256_update_multi
                0x000000000c000e5a       0x3c ./Core/Src/Hacl_SHA2_256.o
 .text.Hacl_Impl_SHA2_256_update_last
                0x000000000c000e96      0x1b6 ./Core/Src/Hacl_SHA2_256.o
 .text.Hacl_Impl_SHA2_256_finish
                0x000000000c00104c       0x24 ./Core/Src/Hacl_SHA2_256.o
 .text.Hacl_Impl_SHA2_256_hash
                0x000000000c001070       0xce ./Core/Src/Hacl_SHA2_256.o
 .text.Hacl_SHA2_256_hash
                0x000000000c00113e       0x1e ./Core/Src/Hacl_SHA2_256.o
                0x000000000c00113e                Hacl_SHA2_256_hash
 .text._setup_data
                0x000000000c00115c       0x50 ./Core/Src/cfa_engine.o
                0x000000000c00115c                _setup_data
 .text._update_challenge
                0x000000000c0011ac       0x68 ./Core/Src/cfa_engine.o
                0x000000000c0011ac                _update_challenge
 .text._clean   0x000000000c001214       0x6c ./Core/Src/cfa_engine.o
                0x000000000c001214                _clean
 .text._run_application
                0x000000000c001280       0x6c ./Core/Src/cfa_engine.o
                0x000000000c001280                _run_application
 .text.record_output_data
                0x000000000c0012ec       0x2c ./Core/Src/cfa_engine.o
                0x000000000c0012ec                record_output_data
 .text.CFA_ENGINE_start
                0x000000000c001318       0x16 ./Core/Src/cfa_engine.o
                0x000000000c001318                CFA_ENGINE_start
 *fill*         0x000000000c00132e        0x2 
 .text.CFA_ENGINE_register_callback
                0x000000000c001330       0x20 ./Core/Src/cfa_engine.o
                0x000000000c001330                CFA_ENGINE_register_callback
 .text.STATE_initialize_attestation
                0x000000000c001350       0x6c ./Core/Src/cfa_engine.o
                0x000000000c001350                STATE_initialize_attestation
 .text.STATE_accept_report
                0x000000000c0013bc       0x24 ./Core/Src/cfa_engine.o
                0x000000000c0013bc                STATE_accept_report
 .text.STATE_heal
                0x000000000c0013e0       0x28 ./Core/Src/cfa_engine.o
                0x000000000c0013e0                STATE_heal
 .text.STATE_continue
                0x000000000c001408       0x18 ./Core/Src/cfa_engine.o
                0x000000000c001408                STATE_continue
 .text.translate_command
                0x000000000c001420       0x74 ./Core/Src/cfa_engine.o
                0x000000000c001420                translate_command
 .text.wait_for_command
                0x000000000c001494       0x56 ./Core/Src/cfa_engine.o
                0x000000000c001494                wait_for_command
 *fill*         0x000000000c0014ea        0x2 
 .text._read_serial_loop
                0x000000000c0014ec       0xcc ./Core/Src/cfa_engine.o
                0x000000000c0014ec                _read_serial_loop
 .text._receive_challenge
                0x000000000c0015b8       0xb8 ./Core/Src/cfa_engine.o
                0x000000000c0015b8                _receive_challenge
 .text._receive_request
                0x000000000c001670       0x1e ./Core/Src/cfa_engine.o
                0x000000000c001670                _receive_request
 *fill*         0x000000000c00168e        0x2 
 .text._send_report_message
                0x000000000c001690       0xa8 ./Core/Src/cfa_engine.o
                0x000000000c001690                _send_report_message
 .text._send_report
                0x000000000c001738       0x9c ./Core/Src/cfa_engine.o
                0x000000000c001738                _send_report
 .text._attest_memory
                0x000000000c0017d4       0x4c ./Core/Src/cfa_engine.o
                0x000000000c0017d4                _attest_memory
 .text._sign_report
                0x000000000c001820       0x9c ./Core/Src/cfa_engine.o
                0x000000000c001820                _sign_report
 .text.CFA_ENGINE_new_log_entry
                0x000000000c0018bc      0x168 ./Core/Src/cfa_engine.o
                0x000000000c0018bc                CFA_ENGINE_new_log_entry
 .text.CFA_ENGINE_run_attestation
                0x000000000c001a24       0x74 ./Core/Src/cfa_engine.o
                0x000000000c001a24                CFA_ENGINE_run_attestation
 .text.CFA_ENGINE_initialize
                0x000000000c001a98       0x24 ./Core/Src/cfa_engine.o
                0x000000000c001a98                CFA_ENGINE_initialize
 .text._heal_function
                0x000000000c001abc        0x6 ./Core/Src/cfa_engine.o
                0x000000000c001abc                _heal_function
 *fill*         0x000000000c001ac2        0x2 
 .text.MX_GPIO_Init
                0x000000000c001ac4       0x30 ./Core/Src/gpio.o
                0x000000000c001ac4                MX_GPIO_Init
 .text.MX_GTZC_S_Init
                0x000000000c001af4      0x13c ./Core/Src/gtzc.o
                0x000000000c001af4                MX_GTZC_S_Init
 .text.main     0x000000000c001c30       0x58 ./Core/Src/main.o
                0x000000000c001c30                main
 .text.NonSecure_Init
                0x000000000c001c88       0x88 ./Core/Src/main.o
 .text.SystemClock_Config
                0x000000000c001d10       0xa0 ./Core/Src/main.o
                0x000000000c001d10                SystemClock_Config
 .text.MPU_init
                0x000000000c001db0       0x60 ./Core/Src/main.o
                0x000000000c001db0                MPU_init
 .text.FPU_Init
                0x000000000c001e10       0x30 ./Core/Src/main.o
                0x000000000c001e10                FPU_Init
 .text.Error_Handler
                0x000000000c001e40        0xa ./Core/Src/main.o
                0x000000000c001e40                Error_Handler
 *fill*         0x000000000c001e4a        0x2 
 .text.SECURE_RegisterCallback
                0x000000000c001e4c       0xc8 ./Core/Src/secure_nsc.o
                0x000000000c001e4c                __acle_se_SECURE_RegisterCallback
 .text.SECURE_RunCallback
                0x000000000c001f14       0x7c ./Core/Src/secure_nsc.o
                0x000000000c001f14                __acle_se_SECURE_RunCallback
 .text.SECURE_Initialize_CFA_engine
                0x000000000c001f90       0x78 ./Core/Src/secure_nsc.o
                0x000000000c001f90                __acle_se_SECURE_Initialize_CFA_engine
 .text.SECURE_Initialize_Attestation
                0x000000000c002008       0x78 ./Core/Src/secure_nsc.o
                0x000000000c002008                __acle_se_SECURE_Initialize_Attestation
 .text.SECURE_log_ret
                0x000000000c002080       0x98 ./Core/Src/secure_nsc.o
                0x000000000c002080                __acle_se_SECURE_log_ret
 .text.SECURE_log_call
                0x000000000c002118       0x92 ./Core/Src/secure_nsc.o
                0x000000000c002118                __acle_se_SECURE_log_call
 .text.SECURE_log_cond_br
                0x000000000c0021aa       0x9a ./Core/Src/secure_nsc.o
                0x000000000c0021aa                __acle_se_SECURE_log_cond_br
 .text.SECURE_run_attestation_wait_mode
                0x000000000c002244       0x78 ./Core/Src/secure_nsc.o
                0x000000000c002244                __acle_se_SECURE_run_attestation_wait_mode
 .text.SECURE_record_output_data
                0x000000000c0022bc       0x80 ./Core/Src/secure_nsc.o
                0x000000000c0022bc                __acle_se_SECURE_record_output_data
 .text.HAL_MspInit
                0x000000000c00233c       0xd0 ./Core/Src/stm32l5xx_hal_msp.o
                0x000000000c00233c                HAL_MspInit
 .text.NMI_Handler
                0x000000000c00240c        0x6 ./Core/Src/stm32l5xx_it.o
                0x000000000c00240c                NMI_Handler
 .text.HardFault_Handler
                0x000000000c002412        0x6 ./Core/Src/stm32l5xx_it.o
                0x000000000c002412                HardFault_Handler
 .text.MemManage_Handler
                0x000000000c002418        0x6 ./Core/Src/stm32l5xx_it.o
                0x000000000c002418                MemManage_Handler
 .text.BusFault_Handler
                0x000000000c00241e        0x6 ./Core/Src/stm32l5xx_it.o
                0x000000000c00241e                BusFault_Handler
 .text.UsageFault_Handler
                0x000000000c002424        0x6 ./Core/Src/stm32l5xx_it.o
                0x000000000c002424                UsageFault_Handler
 .text.SecureFault_Handler
                0x000000000c00242a        0x6 ./Core/Src/stm32l5xx_it.o
                0x000000000c00242a                SecureFault_Handler
 .text.SVC_Handler
                0x000000000c002430        0xe ./Core/Src/stm32l5xx_it.o
                0x000000000c002430                SVC_Handler
 .text.DebugMon_Handler
                0x000000000c00243e        0xe ./Core/Src/stm32l5xx_it.o
                0x000000000c00243e                DebugMon_Handler
 .text.PendSV_Handler
                0x000000000c00244c        0xe ./Core/Src/stm32l5xx_it.o
                0x000000000c00244c                PendSV_Handler
 .text.SysTick_Handler
                0x000000000c00245a        0xc ./Core/Src/stm32l5xx_it.o
                0x000000000c00245a                SysTick_Handler
 .text.GTZC_IRQHandler
                0x000000000c002466        0xc ./Core/Src/stm32l5xx_it.o
                0x000000000c002466                GTZC_IRQHandler
 .text._getpid  0x000000000c002472       0x10 ./Core/Src/syscalls.o
                0x000000000c002472                _getpid
 .text._kill    0x000000000c002482       0x20 ./Core/Src/syscalls.o
                0x000000000c002482                _kill
 .text._exit    0x000000000c0024a2       0x14 ./Core/Src/syscalls.o
                0x000000000c0024a2                _exit
 .text._read    0x000000000c0024b6       0x3a ./Core/Src/syscalls.o
                0x000000000c0024b6                _read
 .text._write   0x000000000c0024f0       0x38 ./Core/Src/syscalls.o
                0x000000000c0024f0                _write
 .text._close   0x000000000c002528       0x18 ./Core/Src/syscalls.o
                0x000000000c002528                _close
 .text._fstat   0x000000000c002540       0x20 ./Core/Src/syscalls.o
                0x000000000c002540                _fstat
 .text._isatty  0x000000000c002560       0x16 ./Core/Src/syscalls.o
                0x000000000c002560                _isatty
 .text._lseek   0x000000000c002576       0x1a ./Core/Src/syscalls.o
                0x000000000c002576                _lseek
 .text._sbrk    0x000000000c002590       0x6c ./Core/Src/sysmem.o
                0x000000000c002590                _sbrk
 .text.TZ_SAU_Setup
                0x000000000c0025fc       0xfc ./Core/Src/system_stm32l5xx_s.o
 .text.SystemInit
                0x000000000c0026f8       0x34 ./Core/Src/system_stm32l5xx_s.o
                0x000000000c0026f8                SystemInit
 .text.SystemCoreClockUpdate
                0x000000000c00272c      0x158 ./Core/Src/system_stm32l5xx_s.o
                0x000000000c00272c                SystemCoreClockUpdate
 .text.SECURE_SystemCoreClockUpdate
                0x000000000c002884       0x80 ./Core/Src/system_stm32l5xx_s.o
                0x000000000c002884                __acle_se_SECURE_SystemCoreClockUpdate
 .text.default_RNG
                0x000000000c002904       0x38 ./Core/Src/uECC.o
 *fill*         0x000000000c00293c        0x4 
 .text.uECC_vli_add
                0x000000000c002940       0x90 ./Core/Src/uECC.o
 .text.uECC_vli_sub
                0x000000000c0029d0       0x9c ./Core/Src/uECC.o
 .text.uECC_vli_mult
                0x000000000c002a6c       0xa2 ./Core/Src/uECC.o
 .text.uECC_vli_clear
                0x000000000c002b0e       0x42 ./Core/Src/uECC.o
 .text.uECC_vli_isZero
                0x000000000c002b50       0x54 ./Core/Src/uECC.o
 .text.uECC_vli_testBit
                0x000000000c002ba4       0x36 ./Core/Src/uECC.o
 .text.vli_numDigits
                0x000000000c002bda       0x4a ./Core/Src/uECC.o
 .text.uECC_vli_numBits
                0x000000000c002c24       0x74 ./Core/Src/uECC.o
 .text.uECC_vli_set
                0x000000000c002c98       0x4e ./Core/Src/uECC.o
 .text.uECC_vli_cmp_unsafe
                0x000000000c002ce6       0x78 ./Core/Src/uECC.o
 .text.uECC_vli_equal
                0x000000000c002d5e       0x64 ./Core/Src/uECC.o
 .text.uECC_vli_cmp
                0x000000000c002dc2       0x62 ./Core/Src/uECC.o
 .text.uECC_vli_rshift1
                0x000000000c002e24       0x54 ./Core/Src/uECC.o
 .text.uECC_vli_modAdd
                0x000000000c002e78       0x4e ./Core/Src/uECC.o
 .text.uECC_vli_modSub
                0x000000000c002ec6       0x3a ./Core/Src/uECC.o
 .text.uECC_vli_mmod
                0x000000000c002f00      0x278 ./Core/Src/uECC.o
 .text.uECC_vli_modMult
                0x000000000c003178       0x36 ./Core/Src/uECC.o
 .text.uECC_vli_modMult_fast
                0x000000000c0031ae       0x38 ./Core/Src/uECC.o
 .text.uECC_vli_modSquare_fast
                0x000000000c0031e6       0x20 ./Core/Src/uECC.o
 .text.vli_modInv_update
                0x000000000c003206       0x70 ./Core/Src/uECC.o
 .text.uECC_vli_modInv
                0x000000000c003276      0x1f2 ./Core/Src/uECC.o
 .text.double_jacobian_default
                0x000000000c003468      0x1fe ./Core/Src/uECC.o
 .text.x_side_default
                0x000000000c003666       0x76 ./Core/Src/uECC.o
 .text.mod_sqrt_default
                0x000000000c0036dc       0xca ./Core/Src/uECC.o
 *fill*         0x000000000c0037a6        0x2 
 .text.uECC_secp256r1
                0x000000000c0037a8       0x14 ./Core/Src/uECC.o
                0x000000000c0037a8                uECC_secp256r1
 .text.vli_mmod_fast_secp256r1
                0x000000000c0037bc      0x29c ./Core/Src/uECC.o
 .text.apply_z  0x000000000c003a58       0x50 ./Core/Src/uECC.o
 .text.XYcZ_initial_double
                0x000000000c003aa8       0x94 ./Core/Src/uECC.o
 .text.XYcZ_add
                0x000000000c003b3c      0x126 ./Core/Src/uECC.o
 .text.XYcZ_addC
                0x000000000c003c62      0x1d4 ./Core/Src/uECC.o
 .text.EccPoint_mult
                0x000000000c003e36      0x2c2 ./Core/Src/uECC.o
 .text.regularize_k
                0x000000000c0040f8       0x82 ./Core/Src/uECC.o
 *fill*         0x000000000c00417a        0x2 
 .text.uECC_generate_random_int
                0x000000000c00417c       0xd4 ./Core/Src/uECC.o
 .text.uECC_vli_nativeToBytes
                0x000000000c004250       0x5a ./Core/Src/uECC.o
 .text.uECC_vli_bytesToNative
                0x000000000c0042aa       0x78 ./Core/Src/uECC.o
 .text.bits2int
                0x000000000c004322       0xe2 ./Core/Src/uECC.o
 .text.uECC_sign_with_k_internal
                0x000000000c004404      0x2d8 ./Core/Src/uECC.o
 .text.uECC_sign
                0x000000000c0046dc       0x78 ./Core/Src/uECC.o
                0x000000000c0046dc                uECC_sign
 .text.smax     0x000000000c004754       0x2c ./Core/Src/uECC.o
 .text.uECC_verify
                0x000000000c004780      0x598 ./Core/Src/uECC.o
                0x000000000c004780                uECC_verify
 .text.MX_LPUART1_UART_Init
                0x000000000c004d18       0x98 ./Core/Src/usart.o
                0x000000000c004d18                MX_LPUART1_UART_Init
 .text.HAL_UART_MspInit
                0x000000000c004db0       0xc0 ./Core/Src/usart.o
                0x000000000c004db0                HAL_UART_MspInit
 .text.SecureUartTx
                0x000000000c004e70       0x28 ./Core/Src/usart.o
                0x000000000c004e70                SecureUartTx
 .text.SecureUartRx
                0x000000000c004e98       0x28 ./Core/Src/usart.o
                0x000000000c004e98                SecureUartRx
 .text.Reset_Handler
                0x000000000c004ec0       0x50 ./Core/Startup/startup_stm32l552zetxq.o
                0x000000000c004ec0                Reset_Handler
 .text.Default_Handler
                0x000000000c004f10        0x2 ./Core/Startup/startup_stm32l552zetxq.o
                0x000000000c004f10                EXTI2_IRQHandler
                0x000000000c004f10                TIM8_TRG_COM_IRQHandler
                0x000000000c004f10                TIM8_CC_IRQHandler
                0x000000000c004f10                EXTI5_IRQHandler
                0x000000000c004f10                FLASH_S_IRQHandler
                0x000000000c004f10                EXTI13_IRQHandler
                0x000000000c004f10                TIM1_CC_IRQHandler
                0x000000000c004f10                TSC_IRQHandler
                0x000000000c004f10                TAMP_IRQHandler
                0x000000000c004f10                TIM6_IRQHandler
                0x000000000c004f10                EXTI12_IRQHandler
                0x000000000c004f10                DMA2_Channel8_IRQHandler
                0x000000000c004f10                EXTI3_IRQHandler
                0x000000000c004f10                EXTI8_IRQHandler
                0x000000000c004f10                LPTIM2_IRQHandler
                0x000000000c004f10                DFSDM1_FLT1_IRQHandler
                0x000000000c004f10                USB_FS_IRQHandler
                0x000000000c004f10                I2C3_ER_IRQHandler
                0x000000000c004f10                DFSDM1_FLT2_IRQHandler
                0x000000000c004f10                DMAMUX1_IRQHandler
                0x000000000c004f10                LPTIM3_IRQHandler
                0x000000000c004f10                EXTI0_IRQHandler
                0x000000000c004f10                I2C2_EV_IRQHandler
                0x000000000c004f10                FPU_IRQHandler
                0x000000000c004f10                FDCAN1_IT1_IRQHandler
                0x000000000c004f10                ADC1_2_IRQHandler
                0x000000000c004f10                SPI1_IRQHandler
                0x000000000c004f10                OCTOSPI1_IRQHandler
                0x000000000c004f10                TIM8_UP_IRQHandler
                0x000000000c004f10                RCC_S_IRQHandler
                0x000000000c004f10                DMA2_Channel2_IRQHandler
                0x000000000c004f10                DMA1_Channel4_IRQHandler
                0x000000000c004f10                SAI2_IRQHandler
                0x000000000c004f10                DFSDM1_FLT3_IRQHandler
                0x000000000c004f10                EXTI15_IRQHandler
                0x000000000c004f10                TIM17_IRQHandler
                0x000000000c004f10                USART3_IRQHandler
                0x000000000c004f10                RTC_IRQHandler
                0x000000000c004f10                EXTI9_IRQHandler
                0x000000000c004f10                DMA1_Channel7_IRQHandler
                0x000000000c004f10                UART5_IRQHandler
                0x000000000c004f10                TIM4_IRQHandler
                0x000000000c004f10                DMA2_Channel1_IRQHandler
                0x000000000c004f10                I2C1_EV_IRQHandler
                0x000000000c004f10                DMA1_Channel6_IRQHandler
                0x000000000c004f10                TIM16_IRQHandler
                0x000000000c004f10                UART4_IRQHandler
                0x000000000c004f10                DMA2_Channel4_IRQHandler
                0x000000000c004f10                TIM3_IRQHandler
                0x000000000c004f10                RCC_IRQHandler
                0x000000000c004f10                TIM1_TRG_COM_IRQHandler
                0x000000000c004f10                DMA1_Channel1_IRQHandler
                0x000000000c004f10                Default_Handler
                0x000000000c004f10                DMA2_Channel7_IRQHandler
                0x000000000c004f10                DMA1_Channel8_IRQHandler
                0x000000000c004f10                TIM7_IRQHandler
                0x000000000c004f10                SDMMC1_IRQHandler
                0x000000000c004f10                TIM5_IRQHandler
                0x000000000c004f10                UCPD1_IRQHandler
                0x000000000c004f10                TIM15_IRQHandler
                0x000000000c004f10                I2C3_EV_IRQHandler
                0x000000000c004f10                PVD_PVM_IRQHandler
                0x000000000c004f10                SPI2_IRQHandler
                0x000000000c004f10                EXTI14_IRQHandler
                0x000000000c004f10                EXTI11_IRQHandler
                0x000000000c004f10                DMA2_Channel5_IRQHandler
                0x000000000c004f10                CRS_IRQHandler
                0x000000000c004f10                DMA1_Channel5_IRQHandler
                0x000000000c004f10                EXTI4_IRQHandler
                0x000000000c004f10                RTC_S_IRQHandler
                0x000000000c004f10                RNG_IRQHandler
                0x000000000c004f10                DMAMUX1_S_IRQHandler
                0x000000000c004f10                DMA1_Channel3_IRQHandler
                0x000000000c004f10                COMP_IRQHandler
                0x000000000c004f10                TIM1_UP_IRQHandler
                0x000000000c004f10                WWDG_IRQHandler
                0x000000000c004f10                I2C4_EV_IRQHandler
                0x000000000c004f10                LPUART1_IRQHandler
                0x000000000c004f10                DMA2_Channel6_IRQHandler
                0x000000000c004f10                FDCAN1_IT0_IRQHandler
                0x000000000c004f10                TIM2_IRQHandler
                0x000000000c004f10                TAMP_S_IRQHandler
                0x000000000c004f10                EXTI7_IRQHandler
                0x000000000c004f10                TIM1_BRK_IRQHandler
                0x000000000c004f10                DAC_IRQHandler
                0x000000000c004f10                EXTI1_IRQHandler
                0x000000000c004f10                USART2_IRQHandler
                0x000000000c004f10                DFSDM1_FLT0_IRQHandler
                0x000000000c004f10                I2C2_ER_IRQHandler
                0x000000000c004f10                DMA1_Channel2_IRQHandler
                0x000000000c004f10                TIM8_BRK_IRQHandler
                0x000000000c004f10                FLASH_IRQHandler
                0x000000000c004f10                USART1_IRQHandler
                0x000000000c004f10                EXTI10_IRQHandler
                0x000000000c004f10                SPI3_IRQHandler
                0x000000000c004f10                I2C1_ER_IRQHandler
                0x000000000c004f10                FMC_IRQHandler
                0x000000000c004f10                EXTI6_IRQHandler
                0x000000000c004f10                LPTIM1_IRQHandler
                0x000000000c004f10                I2C4_ER_IRQHandler
                0x000000000c004f10                ICACHE_IRQHandler
                0x000000000c004f10                SAI1_IRQHandler
                0x000000000c004f10                HASH_IRQHandler
                0x000000000c004f10                DMA2_Channel3_IRQHandler
 .text.HAL_Init
                0x000000000c004f12       0x34 ./Drivers/STM32L5xx_HAL_Driver/stm32l5xx_hal.o
                0x000000000c004f12                HAL_Init
 *fill*         0x000000000c004f46        0x2 
 .text.HAL_InitTick
                0x000000000c004f48       0x78 ./Drivers/STM32L5xx_HAL_Driver/stm32l5xx_hal.o
                0x000000000c004f48                HAL_InitTick
 .text.HAL_IncTick
                0x000000000c004fc0       0x28 ./Drivers/STM32L5xx_HAL_Driver/stm32l5xx_hal.o
                0x000000000c004fc0                HAL_IncTick
 .text.HAL_GetTick
                0x000000000c004fe8       0x18 ./Drivers/STM32L5xx_HAL_Driver/stm32l5xx_hal.o
                0x000000000c004fe8                HAL_GetTick
 .text.__NVIC_SetPriorityGrouping
                0x000000000c005000       0x48 ./Drivers/STM32L5xx_HAL_Driver/stm32l5xx_hal_cortex.o
 .text.__NVIC_GetPriorityGrouping
                0x000000000c005048       0x1c ./Drivers/STM32L5xx_HAL_Driver/stm32l5xx_hal_cortex.o
 .text.__NVIC_EnableIRQ
                0x000000000c005064       0x3c ./Drivers/STM32L5xx_HAL_Driver/stm32l5xx_hal_cortex.o
 .text.__NVIC_SetPriority
                0x000000000c0050a0       0x54 ./Drivers/STM32L5xx_HAL_Driver/stm32l5xx_hal_cortex.o
 .text.NVIC_EncodePriority
                0x000000000c0050f4       0x66 ./Drivers/STM32L5xx_HAL_Driver/stm32l5xx_hal_cortex.o
 *fill*         0x000000000c00515a        0x2 
 .text.SysTick_Config
                0x000000000c00515c       0x44 ./Drivers/STM32L5xx_HAL_Driver/stm32l5xx_hal_cortex.o
 .text.HAL_NVIC_SetPriorityGrouping
                0x000000000c0051a0       0x16 ./Drivers/STM32L5xx_HAL_Driver/stm32l5xx_hal_cortex.o
                0x000000000c0051a0                HAL_NVIC_SetPriorityGrouping
 .text.HAL_NVIC_SetPriority
                0x000000000c0051b6       0x34 ./Drivers/STM32L5xx_HAL_Driver/stm32l5xx_hal_cortex.o
                0x000000000c0051b6                HAL_NVIC_SetPriority
 .text.HAL_NVIC_EnableIRQ
                0x000000000c0051ea       0x1c ./Drivers/STM32L5xx_HAL_Driver/stm32l5xx_hal_cortex.o
                0x000000000c0051ea                HAL_NVIC_EnableIRQ
 .text.HAL_SYSTICK_Config
                0x000000000c005206       0x18 ./Drivers/STM32L5xx_HAL_Driver/stm32l5xx_hal_cortex.o
                0x000000000c005206                HAL_SYSTICK_Config
 *fill*         0x000000000c00521e        0x2 
 .text.HAL_MPU_Enable
                0x000000000c005220       0x40 ./Drivers/STM32L5xx_HAL_Driver/stm32l5xx_hal_cortex.o
                0x000000000c005220                HAL_MPU_Enable
 .text.HAL_MPU_Disable
                0x000000000c005260       0x24 ./Drivers/STM32L5xx_HAL_Driver/stm32l5xx_hal_cortex.o
                0x000000000c005260                HAL_MPU_Disable
 .text.HAL_MPU_ConfigRegion
                0x000000000c005284       0x1c ./Drivers/STM32L5xx_HAL_Driver/stm32l5xx_hal_cortex.o
                0x000000000c005284                HAL_MPU_ConfigRegion
 .text.MPU_ConfigRegion
                0x000000000c0052a0       0x78 ./Drivers/STM32L5xx_HAL_Driver/stm32l5xx_hal_cortex.o
 .text.HAL_GPIO_Init
                0x000000000c005318      0x300 ./Drivers/STM32L5xx_HAL_Driver/stm32l5xx_hal_gpio.o
                0x000000000c005318                HAL_GPIO_Init
 .text.HAL_GTZC_TZSC_ConfigPeriphAttributes
                0x000000000c005618      0x1b0 ./Drivers/STM32L5xx_HAL_Driver/stm32l5xx_hal_gtzc.o
                0x000000000c005618                HAL_GTZC_TZSC_ConfigPeriphAttributes
 .text.HAL_GTZC_MPCBB_ConfigMem
                0x000000000c0057c8      0x108 ./Drivers/STM32L5xx_HAL_Driver/stm32l5xx_hal_gtzc.o
                0x000000000c0057c8                HAL_GTZC_MPCBB_ConfigMem
 .text.HAL_GTZC_TZIC_EnableIT
                0x000000000c0058d0       0x94 ./Drivers/STM32L5xx_HAL_Driver/stm32l5xx_hal_gtzc.o
                0x000000000c0058d0                HAL_GTZC_TZIC_EnableIT
 .text.HAL_GTZC_IRQHandler
                0x000000000c005964      0x108 ./Drivers/STM32L5xx_HAL_Driver/stm32l5xx_hal_gtzc.o
                0x000000000c005964                HAL_GTZC_IRQHandler
 .text.HAL_GTZC_TZIC_Callback
                0x000000000c005a6c       0x14 ./Drivers/STM32L5xx_HAL_Driver/stm32l5xx_hal_gtzc.o
                0x000000000c005a6c                HAL_GTZC_TZIC_Callback
 .text.HAL_PWR_ConfigAttributes
                0x000000000c005a80       0x8c ./Drivers/STM32L5xx_HAL_Driver/stm32l5xx_hal_pwr.o
                0x000000000c005a80                HAL_PWR_ConfigAttributes
 .text.HAL_PWREx_GetVoltageRange
                0x000000000c005b0c       0x1c ./Drivers/STM32L5xx_HAL_Driver/stm32l5xx_hal_pwr_ex.o
                0x000000000c005b0c                HAL_PWREx_GetVoltageRange
 .text.HAL_PWREx_ControlVoltageScaling
                0x000000000c005b28       0xb8 ./Drivers/STM32L5xx_HAL_Driver/stm32l5xx_hal_pwr_ex.o
                0x000000000c005b28                HAL_PWREx_ControlVoltageScaling
 .text.HAL_PWREx_EnableVddIO2
                0x000000000c005be0       0x20 ./Drivers/STM32L5xx_HAL_Driver/stm32l5xx_hal_pwr_ex.o
                0x000000000c005be0                HAL_PWREx_EnableVddIO2
 .text.HAL_PWREx_DisableUCPDDeadBattery
                0x000000000c005c00       0x20 ./Drivers/STM32L5xx_HAL_Driver/stm32l5xx_hal_pwr_ex.o
                0x000000000c005c00                HAL_PWREx_DisableUCPDDeadBattery
 .text.HAL_PWREx_SMPS_GetEffectiveMode
                0x000000000c005c20       0x48 ./Drivers/STM32L5xx_HAL_Driver/stm32l5xx_hal_pwr_ex.o
                0x000000000c005c20                HAL_PWREx_SMPS_GetEffectiveMode
 .text.HAL_RCC_OscConfig
                0x000000000c005c68      0x9c4 ./Drivers/STM32L5xx_HAL_Driver/stm32l5xx_hal_rcc.o
                0x000000000c005c68                HAL_RCC_OscConfig
 .text.HAL_RCC_ClockConfig
                0x000000000c00662c      0x250 ./Drivers/STM32L5xx_HAL_Driver/stm32l5xx_hal_rcc.o
                0x000000000c00662c                HAL_RCC_ClockConfig
 .text.HAL_RCC_GetSysClockFreq
                0x000000000c00687c      0x138 ./Drivers/STM32L5xx_HAL_Driver/stm32l5xx_hal_rcc.o
                0x000000000c00687c                HAL_RCC_GetSysClockFreq
 .text.HAL_RCC_GetHCLKFreq
                0x000000000c0069b4       0x28 ./Drivers/STM32L5xx_HAL_Driver/stm32l5xx_hal_rcc.o
                0x000000000c0069b4                HAL_RCC_GetHCLKFreq
 .text.HAL_RCC_GetPCLK1Freq
                0x000000000c0069dc       0x28 ./Drivers/STM32L5xx_HAL_Driver/stm32l5xx_hal_rcc.o
                0x000000000c0069dc                HAL_RCC_GetPCLK1Freq
 .text.HAL_RCC_GetPCLK2Freq
                0x000000000c006a04       0x28 ./Drivers/STM32L5xx_HAL_Driver/stm32l5xx_hal_rcc.o
                0x000000000c006a04                HAL_RCC_GetPCLK2Freq
 .text.RCC_SetFlashLatencyFromMSIRange
                0x000000000c006a2c       0xc8 ./Drivers/STM32L5xx_HAL_Driver/stm32l5xx_hal_rcc.o
 .text.RCC_GetSysClockFreqFromPLLSource
                0x000000000c006af4       0xf0 ./Drivers/STM32L5xx_HAL_Driver/stm32l5xx_hal_rcc.o
 .text.HAL_RCCEx_PeriphCLKConfig
                0x000000000c006be4      0x708 ./Drivers/STM32L5xx_HAL_Driver/stm32l5xx_hal_rcc_ex.o
                0x000000000c006be4                HAL_RCCEx_PeriphCLKConfig
 .text.RCCEx_PLLSAI1_Config
                0x000000000c0072ec      0x1cc ./Drivers/STM32L5xx_HAL_Driver/stm32l5xx_hal_rcc_ex.o
 .text.RCCEx_PLLSAI2_Config
                0x000000000c0074b8      0x158 ./Drivers/STM32L5xx_HAL_Driver/stm32l5xx_hal_rcc_ex.o
 .text.HAL_UART_Init
                0x000000000c007610       0xa0 ./Drivers/STM32L5xx_HAL_Driver/stm32l5xx_hal_uart.o
                0x000000000c007610                HAL_UART_Init
 .text.HAL_UART_Transmit
                0x000000000c0076b0      0x12c ./Drivers/STM32L5xx_HAL_Driver/stm32l5xx_hal_uart.o
                0x000000000c0076b0                HAL_UART_Transmit
 .text.HAL_UART_Receive
                0x000000000c0077dc      0x1a6 ./Drivers/STM32L5xx_HAL_Driver/stm32l5xx_hal_uart.o
                0x000000000c0077dc                HAL_UART_Receive
 *fill*         0x000000000c007982        0x2 
 .text.UART_SetConfig
                0x000000000c007984      0x5fc ./Drivers/STM32L5xx_HAL_Driver/stm32l5xx_hal_uart.o
                0x000000000c007984                UART_SetConfig
 .text.UART_AdvFeatureConfig
                0x000000000c007f80      0x144 ./Drivers/STM32L5xx_HAL_Driver/stm32l5xx_hal_uart.o
                0x000000000c007f80                UART_AdvFeatureConfig
 .text.UART_CheckIdleState
                0x000000000c0080c4       0x96 ./Drivers/STM32L5xx_HAL_Driver/stm32l5xx_hal_uart.o
                0x000000000c0080c4                UART_CheckIdleState
 .text.UART_WaitOnFlagUntilTimeout
                0x000000000c00815a      0x100 ./Drivers/STM32L5xx_HAL_Driver/stm32l5xx_hal_uart.o
                0x000000000c00815a                UART_WaitOnFlagUntilTimeout
 .text.HAL_UARTEx_DisableFifoMode
                0x000000000c00825a       0x72 ./Drivers/STM32L5xx_HAL_Driver/stm32l5xx_hal_uart_ex.o
                0x000000000c00825a                HAL_UARTEx_DisableFifoMode
 .text.HAL_UARTEx_SetTxFifoThreshold
                0x000000000c0082cc       0x7c ./Drivers/STM32L5xx_HAL_Driver/stm32l5xx_hal_uart_ex.o
                0x000000000c0082cc                HAL_UARTEx_SetTxFifoThreshold
 .text.HAL_UARTEx_SetRxFifoThreshold
                0x000000000c008348       0x7c ./Drivers/STM32L5xx_HAL_Driver/stm32l5xx_hal_uart_ex.o
                0x000000000c008348                HAL_UARTEx_SetRxFifoThreshold
 .text.UARTEx_SetNbDataToProcess
                0x000000000c0083c4       0x9c ./Drivers/STM32L5xx_HAL_Driver/stm32l5xx_hal_uart_ex.o
 .text.__errno  0x000000000c008460        0xc /opt/st/stm32cubeide_1.9.0/plugins/com.st.stm32cube.ide.mcu.externaltools.gnu-tools-for-stm32.10.3-2021.10.linux64_1.0.0.202111181127/tools/bin/../lib/gcc/arm-none-eabi/10.3.1/../../../../arm-none-eabi/lib/thumb/v8-m.main+fp/hard/libc_nano.a(lib_a-errno.o)
                0x000000000c008460                __errno
 .text.__libc_init_array
                0x000000000c00846c       0x48 /opt/st/stm32cubeide_1.9.0/plugins/com.st.stm32cube.ide.mcu.externaltools.gnu-tools-for-stm32.10.3-2021.10.linux64_1.0.0.202111181127/tools/bin/../lib/gcc/arm-none-eabi/10.3.1/../../../../arm-none-eabi/lib/thumb/v8-m.main+fp/hard/libc_nano.a(lib_a-init.o)
                0x000000000c00846c                __libc_init_array
 .text.memcpy   0x000000000c0084b4       0x1a /opt/st/stm32cubeide_1.9.0/plugins/com.st.stm32cube.ide.mcu.externaltools.gnu-tools-for-stm32.10.3-2021.10.linux64_1.0.0.202111181127/tools/bin/../lib/gcc/arm-none-eabi/10.3.1/../../../../arm-none-eabi/lib/thumb/v8-m.main+fp/hard/libc_nano.a(lib_a-memcpy-stub.o)
                0x000000000c0084b4                memcpy
 .text.memset   0x000000000c0084ce       0x10 /opt/st/stm32cubeide_1.9.0/plugins/com.st.stm32cube.ide.mcu.externaltools.gnu-tools-for-stm32.10.3-2021.10.linux64_1.0.0.202111181127/tools/bin/../lib/gcc/arm-none-eabi/10.3.1/../../../../arm-none-eabi/lib/thumb/v8-m.main+fp/hard/libc_nano.a(lib_a-memset.o)
                0x000000000c0084ce                memset
 *fill*         0x000000000c0084de        0x2 
 .text.rand     0x000000000c0084e0       0x7c /opt/st/stm32cubeide_1.9.0/plugins/com.st.stm32cube.ide.mcu.externaltools.gnu-tools-for-stm32.10.3-2021.10.linux64_1.0.0.202111181127/tools/bin/../lib/gcc/arm-none-eabi/10.3.1/../../../../arm-none-eabi/lib/thumb/v8-m.main+fp/hard/libc_nano.a(lib_a-rand.o)
                0x000000000c0084e0                rand
 .text.__assert_func
                0x000000000c00855c       0x3c /opt/st/stm32cubeide_1.9.0/plugins/com.st.stm32cube.ide.mcu.externaltools.gnu-tools-for-stm32.10.3-2021.10.linux64_1.0.0.202111181127/tools/bin/../lib/gcc/arm-none-eabi/10.3.1/../../../../arm-none-eabi/lib/thumb/v8-m.main+fp/hard/libc_nano.a(lib_a-assert.o)
                0x000000000c00855c                __assert_func
 .text.std      0x000000000c008598       0x48 /opt/st/stm32cubeide_1.9.0/plugins/com.st.stm32cube.ide.mcu.externaltools.gnu-tools-for-stm32.10.3-2021.10.linux64_1.0.0.202111181127/tools/bin/../lib/gcc/arm-none-eabi/10.3.1/../../../../arm-none-eabi/lib/thumb/v8-m.main+fp/hard/libc_nano.a(lib_a-findfp.o)
 .text._cleanup_r
                0x000000000c0085e0        0xc /opt/st/stm32cubeide_1.9.0/plugins/com.st.stm32cube.ide.mcu.externaltools.gnu-tools-for-stm32.10.3-2021.10.linux64_1.0.0.202111181127/tools/bin/../lib/gcc/arm-none-eabi/10.3.1/../../../../arm-none-eabi/lib/thumb/v8-m.main+fp/hard/libc_nano.a(lib_a-findfp.o)
                0x000000000c0085e0                _cleanup_r
 .text.__sfmoreglue
                0x000000000c0085ec       0x2c /opt/st/stm32cubeide_1.9.0/plugins/com.st.stm32cube.ide.mcu.externaltools.gnu-tools-for-stm32.10.3-2021.10.linux64_1.0.0.202111181127/tools/bin/../lib/gcc/arm-none-eabi/10.3.1/../../../../arm-none-eabi/lib/thumb/v8-m.main+fp/hard/libc_nano.a(lib_a-findfp.o)
                0x000000000c0085ec                __sfmoreglue
 .text.__sfp_lock_acquire
                0x000000000c008618        0xc /opt/st/stm32cubeide_1.9.0/plugins/com.st.stm32cube.ide.mcu.externaltools.gnu-tools-for-stm32.10.3-2021.10.linux64_1.0.0.202111181127/tools/bin/../lib/gcc/arm-none-eabi/10.3.1/../../../../arm-none-eabi/lib/thumb/v8-m.main+fp/hard/libc_nano.a(lib_a-findfp.o)
                0x000000000c008618                __sfp_lock_acquire
 .text.__sfp_lock_release
                0x000000000c008624        0xc /opt/st/stm32cubeide_1.9.0/plugins/com.st.stm32cube.ide.mcu.externaltools.gnu-tools-for-stm32.10.3-2021.10.linux64_1.0.0.202111181127/tools/bin/../lib/gcc/arm-none-eabi/10.3.1/../../../../arm-none-eabi/lib/thumb/v8-m.main+fp/hard/libc_nano.a(lib_a-findfp.o)
                0x000000000c008624                __sfp_lock_release
 .text.__sinit_lock_acquire
                0x000000000c008630        0xc /opt/st/stm32cubeide_1.9.0/plugins/com.st.stm32cube.ide.mcu.externaltools.gnu-tools-for-stm32.10.3-2021.10.linux64_1.0.0.202111181127/tools/bin/../lib/gcc/arm-none-eabi/10.3.1/../../../../arm-none-eabi/lib/thumb/v8-m.main+fp/hard/libc_nano.a(lib_a-findfp.o)
                0x000000000c008630                __sinit_lock_acquire
 .text.__sinit_lock_release
                0x000000000c00863c        0xc /opt/st/stm32cubeide_1.9.0/plugins/com.st.stm32cube.ide.mcu.externaltools.gnu-tools-for-stm32.10.3-2021.10.linux64_1.0.0.202111181127/tools/bin/../lib/gcc/arm-none-eabi/10.3.1/../../../../arm-none-eabi/lib/thumb/v8-m.main+fp/hard/libc_nano.a(lib_a-findfp.o)
                0x000000000c00863c                __sinit_lock_release
 .text.__sinit  0x000000000c008648       0x70 /opt/st/stm32cubeide_1.9.0/plugins/com.st.stm32cube.ide.mcu.externaltools.gnu-tools-for-stm32.10.3-2021.10.linux64_1.0.0.202111181127/tools/bin/../lib/gcc/arm-none-eabi/10.3.1/../../../../arm-none-eabi/lib/thumb/v8-m.main+fp/hard/libc_nano.a(lib_a-findfp.o)
                0x000000000c008648                __sinit
 .text.__sfp    0x000000000c0086b8       0x8c /opt/st/stm32cubeide_1.9.0/plugins/com.st.stm32cube.ide.mcu.externaltools.gnu-tools-for-stm32.10.3-2021.10.linux64_1.0.0.202111181127/tools/bin/../lib/gcc/arm-none-eabi/10.3.1/../../../../arm-none-eabi/lib/thumb/v8-m.main+fp/hard/libc_nano.a(lib_a-findfp.o)
                0x000000000c0086b8                __sfp
 .text.fprintf  0x000000000c008744       0x24 /opt/st/stm32cubeide_1.9.0/plugins/com.st.stm32cube.ide.mcu.externaltools.gnu-tools-for-stm32.10.3-2021.10.linux64_1.0.0.202111181127/tools/bin/../lib/gcc/arm-none-eabi/10.3.1/../../../../arm-none-eabi/lib/thumb/v8-m.main+fp/hard/libc_nano.a(lib_a-fprintf.o)
                0x000000000c008744                fprintf
                0x000000000c008744                fiprintf
 .text._fwalk_reent
                0x000000000c008768       0x3e /opt/st/stm32cubeide_1.9.0/plugins/com.st.stm32cube.ide.mcu.externaltools.gnu-tools-for-stm32.10.3-2021.10.linux64_1.0.0.202111181127/tools/bin/../lib/gcc/arm-none-eabi/10.3.1/../../../../arm-none-eabi/lib/thumb/v8-m.main+fp/hard/libc_nano.a(lib_a-fwalk.o)
                0x000000000c008768                _fwalk_reent
 .text.__retarget_lock_init_recursive
                0x000000000c0087a6        0x2 /opt/st/stm32cubeide_1.9.0/plugins/com.st.stm32cube.ide.mcu.externaltools.gnu-tools-for-stm32.10.3-2021.10.linux64_1.0.0.202111181127/tools/bin/../lib/gcc/arm-none-eabi/10.3.1/../../../../arm-none-eabi/lib/thumb/v8-m.main+fp/hard/libc_nano.a(lib_a-lock.o)
                0x000000000c0087a6                __retarget_lock_init_recursive
 .text.__retarget_lock_acquire_recursive
                0x000000000c0087a8        0x2 /opt/st/stm32cubeide_1.9.0/plugins/com.st.stm32cube.ide.mcu.externaltools.gnu-tools-for-stm32.10.3-2021.10.linux64_1.0.0.202111181127/tools/bin/../lib/gcc/arm-none-eabi/10.3.1/../../../../arm-none-eabi/lib/thumb/v8-m.main+fp/hard/libc_nano.a(lib_a-lock.o)
                0x000000000c0087a8                __retarget_lock_acquire_recursive
 .text.__retarget_lock_release_recursive
                0x000000000c0087aa        0x2 /opt/st/stm32cubeide_1.9.0/plugins/com.st.stm32cube.ide.mcu.externaltools.gnu-tools-for-stm32.10.3-2021.10.linux64_1.0.0.202111181127/tools/bin/../lib/gcc/arm-none-eabi/10.3.1/../../../../arm-none-eabi/lib/thumb/v8-m.main+fp/hard/libc_nano.a(lib_a-lock.o)
                0x000000000c0087aa                __retarget_lock_release_recursive
 .text.malloc   0x000000000c0087ac       0x10 /opt/st/stm32cubeide_1.9.0/plugins/com.st.stm32cube.ide.mcu.externaltools.gnu-tools-for-stm32.10.3-2021.10.linux64_1.0.0.202111181127/tools/bin/../lib/gcc/arm-none-eabi/10.3.1/../../../../arm-none-eabi/lib/thumb/v8-m.main+fp/hard/libc_nano.a(lib_a-malloc.o)
                0x000000000c0087ac                malloc
 .text._free_r  0x000000000c0087bc       0x98 /opt/st/stm32cubeide_1.9.0/plugins/com.st.stm32cube.ide.mcu.externaltools.gnu-tools-for-stm32.10.3-2021.10.linux64_1.0.0.202111181127/tools/bin/../lib/gcc/arm-none-eabi/10.3.1/../../../../arm-none-eabi/lib/thumb/v8-m.main+fp/hard/libc_nano.a(lib_a-nano-freer.o)
                0x000000000c0087bc                _free_r
 .text.sbrk_aligned
                0x000000000c008854       0x40 /opt/st/stm32cubeide_1.9.0/plugins/com.st.stm32cube.ide.mcu.externaltools.gnu-tools-for-stm32.10.3-2021.10.linux64_1.0.0.202111181127/tools/bin/../lib/gcc/arm-none-eabi/10.3.1/../../../../arm-none-eabi/lib/thumb/v8-m.main+fp/hard/libc_nano.a(lib_a-nano-mallocr.o)
 .text._malloc_r
                0x000000000c008894       0xe8 /opt/st/stm32cubeide_1.9.0/plugins/com.st.stm32cube.ide.mcu.externaltools.gnu-tools-for-stm32.10.3-2021.10.linux64_1.0.0.202111181127/tools/bin/../lib/gcc/arm-none-eabi/10.3.1/../../../../arm-none-eabi/lib/thumb/v8-m.main+fp/hard/libc_nano.a(lib_a-nano-mallocr.o)
                0x000000000c008894                _malloc_r
 .text.__sfputc_r
                0x000000000c00897c       0x2e /opt/st/stm32cubeide_1.9.0/plugins/com.st.stm32cube.ide.mcu.externaltools.gnu-tools-for-stm32.10.3-2021.10.linux64_1.0.0.202111181127/tools/bin/../lib/gcc/arm-none-eabi/10.3.1/../../../../arm-none-eabi/lib/thumb/v8-m.main+fp/hard/libc_nano.a(lib_a-nano-vfprintf.o)
 .text.__sfputs_r
                0x000000000c0089aa       0x24 /opt/st/stm32cubeide_1.9.0/plugins/com.st.stm32cube.ide.mcu.externaltools.gnu-tools-for-stm32.10.3-2021.10.linux64_1.0.0.202111181127/tools/bin/../lib/gcc/arm-none-eabi/10.3.1/../../../../arm-none-eabi/lib/thumb/v8-m.main+fp/hard/libc_nano.a(lib_a-nano-vfprintf.o)
                0x000000000c0089aa                __sfputs_r
 *fill*         0x000000000c0089ce        0x2 
 .text._vfprintf_r
                0x000000000c0089d0      0x260 /opt/st/stm32cubeide_1.9.0/plugins/com.st.stm32cube.ide.mcu.externaltools.gnu-tools-for-stm32.10.3-2021.10.linux64_1.0.0.202111181127/tools/bin/../lib/gcc/arm-none-eabi/10.3.1/../../../../arm-none-eabi/lib/thumb/v8-m.main+fp/hard/libc_nano.a(lib_a-nano-vfprintf.o)
                0x000000000c0089d0                _vfiprintf_r
                0x000000000c0089d0                _vfprintf_r
 .text._printf_common
                0x000000000c008c30       0xe0 /opt/st/stm32cubeide_1.9.0/plugins/com.st.stm32cube.ide.mcu.externaltools.gnu-tools-for-stm32.10.3-2021.10.linux64_1.0.0.202111181127/tools/bin/../lib/gcc/arm-none-eabi/10.3.1/../../../../arm-none-eabi/lib/thumb/v8-m.main+fp/hard/libc_nano.a(lib_a-nano-vfprintf_i.o)
                0x000000000c008c30                _printf_common
 .text._printf_i
                0x000000000c008d10      0x24c /opt/st/stm32cubeide_1.9.0/plugins/com.st.stm32cube.ide.mcu.externaltools.gnu-tools-for-stm32.10.3-2021.10.linux64_1.0.0.202111181127/tools/bin/../lib/gcc/arm-none-eabi/10.3.1/../../../../arm-none-eabi/lib/thumb/v8-m.main+fp/hard/libc_nano.a(lib_a-nano-vfprintf_i.o)
                0x000000000c008d10                _printf_i
 .text._sbrk_r  0x000000000c008f5c       0x20 /opt/st/stm32cubeide_1.9.0/plugins/com.st.stm32cube.ide.mcu.externaltools.gnu-tools-for-stm32.10.3-2021.10.linux64_1.0.0.202111181127/tools/bin/../lib/gcc/arm-none-eabi/10.3.1/../../../../arm-none-eabi/lib/thumb/v8-m.main+fp/hard/libc_nano.a(lib_a-sbrkr.o)
                0x000000000c008f5c                _sbrk_r
 .text.__sread  0x000000000c008f7c       0x22 /opt/st/stm32cubeide_1.9.0/plugins/com.st.stm32cube.ide.mcu.externaltools.gnu-tools-for-stm32.10.3-2021.10.linux64_1.0.0.202111181127/tools/bin/../lib/gcc/arm-none-eabi/10.3.1/../../../../arm-none-eabi/lib/thumb/v8-m.main+fp/hard/libc_nano.a(lib_a-stdio.o)
                0x000000000c008f7c                __sread
 .text.__swrite
                0x000000000c008f9e       0x38 /opt/st/stm32cubeide_1.9.0/plugins/com.st.stm32cube.ide.mcu.externaltools.gnu-tools-for-stm32.10.3-2021.10.linux64_1.0.0.202111181127/tools/bin/../lib/gcc/arm-none-eabi/10.3.1/../../../../arm-none-eabi/lib/thumb/v8-m.main+fp/hard/libc_nano.a(lib_a-stdio.o)
                0x000000000c008f9e                __swrite
 .text.__sseek  0x000000000c008fd6       0x24 /opt/st/stm32cubeide_1.9.0/plugins/com.st.stm32cube.ide.mcu.externaltools.gnu-tools-for-stm32.10.3-2021.10.linux64_1.0.0.202111181127/tools/bin/../lib/gcc/arm-none-eabi/10.3.1/../../../../arm-none-eabi/lib/thumb/v8-m.main+fp/hard/libc_nano.a(lib_a-stdio.o)
                0x000000000c008fd6                __sseek
 .text.__sclose
                0x000000000c008ffa        0x8 /opt/st/stm32cubeide_1.9.0/plugins/com.st.stm32cube.ide.mcu.externaltools.gnu-tools-for-stm32.10.3-2021.10.linux64_1.0.0.202111181127/tools/bin/../lib/gcc/arm-none-eabi/10.3.1/../../../../arm-none-eabi/lib/thumb/v8-m.main+fp/hard/libc_nano.a(lib_a-stdio.o)
                0x000000000c008ffa                __sclose
 *fill*         0x000000000c009002        0x2 
 .text.__swbuf_r
                0x000000000c009004       0xa4 /opt/st/stm32cubeide_1.9.0/plugins/com.st.stm32cube.ide.mcu.externaltools.gnu-tools-for-stm32.10.3-2021.10.linux64_1.0.0.202111181127/tools/bin/../lib/gcc/arm-none-eabi/10.3.1/../../../../arm-none-eabi/lib/thumb/v8-m.main+fp/hard/libc_nano.a(lib_a-wbuf.o)
                0x000000000c009004                __swbuf_r
 .text._write_r
                0x000000000c0090a8       0x24 /opt/st/stm32cubeide_1.9.0/plugins/com.st.stm32cube.ide.mcu.externaltools.gnu-tools-for-stm32.10.3-2021.10.linux64_1.0.0.202111181127/tools/bin/../lib/gcc/arm-none-eabi/10.3.1/../../../../arm-none-eabi/lib/thumb/v8-m.main+fp/hard/libc_nano.a(lib_a-writer.o)
                0x000000000c0090a8                _write_r
 .text.__swsetup_r
                0x000000000c0090cc       0xdc /opt/st/stm32cubeide_1.9.0/plugins/com.st.stm32cube.ide.mcu.externaltools.gnu-tools-for-stm32.10.3-2021.10.linux64_1.0.0.202111181127/tools/bin/../lib/gcc/arm-none-eabi/10.3.1/../../../../arm-none-eabi/lib/thumb/v8-m.main+fp/hard/libc_nano.a(lib_a-wsetup.o)
                0x000000000c0090cc                __swsetup_r
 .text.abort    0x000000000c0091a8        0xe /opt/st/stm32cubeide_1.9.0/plugins/com.st.stm32cube.ide.mcu.externaltools.gnu-tools-for-stm32.10.3-2021.10.linux64_1.0.0.202111181127/tools/bin/../lib/gcc/arm-none-eabi/10.3.1/../../../../arm-none-eabi/lib/thumb/v8-m.main+fp/hard/libc_nano.a(lib_a-abort.o)
                0x000000000c0091a8                abort
 *fill*         0x000000000c0091b6        0x2 
 .text._close_r
                0x000000000c0091b8       0x20 /opt/st/stm32cubeide_1.9.0/plugins/com.st.stm32cube.ide.mcu.externaltools.gnu-tools-for-stm32.10.3-2021.10.linux64_1.0.0.202111181127/tools/bin/../lib/gcc/arm-none-eabi/10.3.1/../../../../arm-none-eabi/lib/thumb/v8-m.main+fp/hard/libc_nano.a(lib_a-closer.o)
                0x000000000c0091b8                _close_r
 .text.__sflush_r
                0x000000000c0091d8      0x108 /opt/st/stm32cubeide_1.9.0/plugins/com.st.stm32cube.ide.mcu.externaltools.gnu-tools-for-stm32.10.3-2021.10.linux64_1.0.0.202111181127/tools/bin/../lib/gcc/arm-none-eabi/10.3.1/../../../../arm-none-eabi/lib/thumb/v8-m.main+fp/hard/libc_nano.a(lib_a-fflush.o)
                0x000000000c0091d8                __sflush_r
 .text._fflush_r
                0x000000000c0092e0       0x78 /opt/st/stm32cubeide_1.9.0/plugins/com.st.stm32cube.ide.mcu.externaltools.gnu-tools-for-stm32.10.3-2021.10.linux64_1.0.0.202111181127/tools/bin/../lib/gcc/arm-none-eabi/10.3.1/../../../../arm-none-eabi/lib/thumb/v8-m.main+fp/hard/libc_nano.a(lib_a-fflush.o)
                0x000000000c0092e0                _fflush_r
 .text._lseek_r
                0x000000000c009358       0x24 /opt/st/stm32cubeide_1.9.0/plugins/com.st.stm32cube.ide.mcu.externaltools.gnu-tools-for-stm32.10.3-2021.10.linux64_1.0.0.202111181127/tools/bin/../lib/gcc/arm-none-eabi/10.3.1/../../../../arm-none-eabi/lib/thumb/v8-m.main+fp/hard/libc_nano.a(lib_a-lseekr.o)
                0x000000000c009358                _lseek_r
 .text.__swhatbuf_r
                0x000000000c00937c       0x4a /opt/st/stm32cubeide_1.9.0/plugins/com.st.stm32cube.ide.mcu.externaltools.gnu-tools-for-stm32.10.3-2021.10.linux64_1.0.0.202111181127/tools/bin/../lib/gcc/arm-none-eabi/10.3.1/../../../../arm-none-eabi/lib/thumb/v8-m.main+fp/hard/libc_nano.a(lib_a-makebuf.o)
                0x000000000c00937c                __swhatbuf_r
 *fill*         0x000000000c0093c6        0x2 
 .text.__smakebuf_r
                0x000000000c0093c8       0x80 /opt/st/stm32cubeide_1.9.0/plugins/com.st.stm32cube.ide.mcu.externaltools.gnu-tools-for-stm32.10.3-2021.10.linux64_1.0.0.202111181127/tools/bin/../lib/gcc/arm-none-eabi/10.3.1/../../../../arm-none-eabi/lib/thumb/v8-m.main+fp/hard/libc_nano.a(lib_a-makebuf.o)
                0x000000000c0093c8                __smakebuf_r
 .text.memchr   0x000000000c009448       0x1c /opt/st/stm32cubeide_1.9.0/plugins/com.st.stm32cube.ide.mcu.externaltools.gnu-tools-for-stm32.10.3-2021.10.linux64_1.0.0.202111181127/tools/bin/../lib/gcc/arm-none-eabi/10.3.1/../../../../arm-none-eabi/lib/thumb/v8-m.main+fp/hard/libc_nano.a(lib_a-memchr-stub.o)
                0x000000000c009448                memchr
 .text.__malloc_lock
                0x000000000c009464        0xc /opt/st/stm32cubeide_1.9.0/plugins/com.st.stm32cube.ide.mcu.externaltools.gnu-tools-for-stm32.10.3-2021.10.linux64_1.0.0.202111181127/tools/bin/../lib/gcc/arm-none-eabi/10.3.1/../../../../arm-none-eabi/lib/thumb/v8-m.main+fp/hard/libc_nano.a(lib_a-mlock.o)
                0x000000000c009464                __malloc_lock
 .text.__malloc_unlock
                0x000000000c009470        0xc /opt/st/stm32cubeide_1.9.0/plugins/com.st.stm32cube.ide.mcu.externaltools.gnu-tools-for-stm32.10.3-2021.10.linux64_1.0.0.202111181127/tools/bin/../lib/gcc/arm-none-eabi/10.3.1/../../../../arm-none-eabi/lib/thumb/v8-m.main+fp/hard/libc_nano.a(lib_a-mlock.o)
                0x000000000c009470                __malloc_unlock
 .text._read_r  0x000000000c00947c       0x24 /opt/st/stm32cubeide_1.9.0/plugins/com.st.stm32cube.ide.mcu.externaltools.gnu-tools-for-stm32.10.3-2021.10.linux64_1.0.0.202111181127/tools/bin/../lib/gcc/arm-none-eabi/10.3.1/../../../../arm-none-eabi/lib/thumb/v8-m.main+fp/hard/libc_nano.a(lib_a-readr.o)
                0x000000000c00947c                _read_r
 .text._raise_r
                0x000000000c0094a0       0x50 /opt/st/stm32cubeide_1.9.0/plugins/com.st.stm32cube.ide.mcu.externaltools.gnu-tools-for-stm32.10.3-2021.10.linux64_1.0.0.202111181127/tools/bin/../lib/gcc/arm-none-eabi/10.3.1/../../../../arm-none-eabi/lib/thumb/v8-m.main+fp/hard/libc_nano.a(lib_a-signal.o)
                0x000000000c0094a0                _raise_r
 .text.raise    0x000000000c0094f0       0x10 /opt/st/stm32cubeide_1.9.0/plugins/com.st.stm32cube.ide.mcu.externaltools.gnu-tools-for-stm32.10.3-2021.10.linux64_1.0.0.202111181127/tools/bin/../lib/gcc/arm-none-eabi/10.3.1/../../../../arm-none-eabi/lib/thumb/v8-m.main+fp/hard/libc_nano.a(lib_a-signal.o)
                0x000000000c0094f0                raise
 .text._kill_r  0x000000000c009500       0x24 /opt/st/stm32cubeide_1.9.0/plugins/com.st.stm32cube.ide.mcu.externaltools.gnu-tools-for-stm32.10.3-2021.10.linux64_1.0.0.202111181127/tools/bin/../lib/gcc/arm-none-eabi/10.3.1/../../../../arm-none-eabi/lib/thumb/v8-m.main+fp/hard/libc_nano.a(lib_a-signalr.o)
                0x000000000c009500                _kill_r
 .text._getpid_r
                0x000000000c009524        0x4 /opt/st/stm32cubeide_1.9.0/plugins/com.st.stm32cube.ide.mcu.externaltools.gnu-tools-for-stm32.10.3-2021.10.linux64_1.0.0.202111181127/tools/bin/../lib/gcc/arm-none-eabi/10.3.1/../../../../arm-none-eabi/lib/thumb/v8-m.main+fp/hard/libc_nano.a(lib_a-signalr.o)
                0x000000000c009524                _getpid_r
 .text._fstat_r
                0x000000000c009528       0x24 /opt/st/stm32cubeide_1.9.0/plugins/com.st.stm32cube.ide.mcu.externaltools.gnu-tools-for-stm32.10.3-2021.10.linux64_1.0.0.202111181127/tools/bin/../lib/gcc/arm-none-eabi/10.3.1/../../../../arm-none-eabi/lib/thumb/v8-m.main+fp/hard/libc_nano.a(lib_a-fstatr.o)
                0x000000000c009528                _fstat_r
 .text._isatty_r
                0x000000000c00954c       0x20 /opt/st/stm32cubeide_1.9.0/plugins/com.st.stm32cube.ide.mcu.externaltools.gnu-tools-for-stm32.10.3-2021.10.linux64_1.0.0.202111181127/tools/bin/../lib/gcc/arm-none-eabi/10.3.1/../../../../arm-none-eabi/lib/thumb/v8-m.main+fp/hard/libc_nano.a(lib_a-isattyr.o)
                0x000000000c00954c                _isatty_r
 *(.glue_7)
 .glue_7        0x000000000c00956c        0x0 linker stubs
 *(.glue_7t)
 .glue_7t       0x000000000c00956c        0x0 linker stubs
 *(.eh_frame)
 .eh_frame      0x000000000c00956c        0x0 /opt/st/stm32cubeide_1.9.0/plugins/com.st.stm32cube.ide.mcu.externaltools.gnu-tools-for-stm32.10.3-2021.10.linux64_1.0.0.202111181127/tools/bin/../lib/gcc/arm-none-eabi/10.3.1/thumb/v8-m.main+fp/hard/crtbegin.o
 *(.init)
 .init          0x000000000c00956c        0x4 /opt/st/stm32cubeide_1.9.0/plugins/com.st.stm32cube.ide.mcu.externaltools.gnu-tools-for-stm32.10.3-2021.10.linux64_1.0.0.202111181127/tools/bin/../lib/gcc/arm-none-eabi/10.3.1/thumb/v8-m.main+fp/hard/crti.o
                0x000000000c00956c                _init
 .init          0x000000000c009570        0x8 /opt/st/stm32cubeide_1.9.0/plugins/com.st.stm32cube.ide.mcu.externaltools.gnu-tools-for-stm32.10.3-2021.10.linux64_1.0.0.202111181127/tools/bin/../lib/gcc/arm-none-eabi/10.3.1/thumb/v8-m.main+fp/hard/crtn.o
 *(.fini)
 .fini          0x000000000c009578        0x4 /opt/st/stm32cubeide_1.9.0/plugins/com.st.stm32cube.ide.mcu.externaltools.gnu-tools-for-stm32.10.3-2021.10.linux64_1.0.0.202111181127/tools/bin/../lib/gcc/arm-none-eabi/10.3.1/thumb/v8-m.main+fp/hard/crti.o
                0x000000000c009578                _fini
 .fini          0x000000000c00957c        0x8 /opt/st/stm32cubeide_1.9.0/plugins/com.st.stm32cube.ide.mcu.externaltools.gnu-tools-for-stm32.10.3-2021.10.linux64_1.0.0.202111181127/tools/bin/../lib/gcc/arm-none-eabi/10.3.1/thumb/v8-m.main+fp/hard/crtn.o
                0x000000000c009584                . = ALIGN (0x4)
                0x000000000c009584                _etext = .

.vfp11_veneer   0x000000000c009584        0x0
 .vfp11_veneer  0x000000000c009584        0x0 linker stubs

.v4_bx          0x000000000c009584        0x0
 .v4_bx         0x000000000c009584        0x0 linker stubs

.iplt           0x000000000c009584        0x0
 .iplt          0x000000000c009584        0x0 /opt/st/stm32cubeide_1.9.0/plugins/com.st.stm32cube.ide.mcu.externaltools.gnu-tools-for-stm32.10.3-2021.10.linux64_1.0.0.202111181127/tools/bin/../lib/gcc/arm-none-eabi/10.3.1/thumb/v8-m.main+fp/hard/crtbegin.o

.rodata         0x000000000c009584      0x2ac
                0x000000000c009584                . = ALIGN (0x4)
 *(.rodata)
 .rodata        0x000000000c009584       0x2d ./Core/Src/cfa_engine.o
 *(.rodata*)
 *fill*         0x000000000c0095b1        0x3 
 .rodata.AHBPrescTable
                0x000000000c0095b4       0x10 ./Core/Src/system_stm32l5xx_s.o
                0x000000000c0095b4                AHBPrescTable
 .rodata.APBPrescTable
                0x000000000c0095c4        0x8 ./Core/Src/system_stm32l5xx_s.o
                0x000000000c0095c4                APBPrescTable
 .rodata.MSIRangeTable
                0x000000000c0095cc       0x40 ./Core/Src/system_stm32l5xx_s.o
                0x000000000c0095cc                MSIRangeTable
 .rodata.curve_secp256r1
                0x000000000c00960c       0xb4 ./Core/Src/uECC.o
 .rodata.UARTPrescTable
                0x000000000c0096c0       0x18 ./Drivers/STM32L5xx_HAL_Driver/stm32l5xx_hal_uart.o
                0x000000000c0096c0                UARTPrescTable
 .rodata.numerator.1
                0x000000000c0096d8        0x8 ./Drivers/STM32L5xx_HAL_Driver/stm32l5xx_hal_uart_ex.o
 .rodata.denominator.0
                0x000000000c0096e0        0x8 ./Drivers/STM32L5xx_HAL_Driver/stm32l5xx_hal_uart_ex.o
 .rodata._global_impure_ptr
                0x000000000c0096e8        0x4 /opt/st/stm32cubeide_1.9.0/plugins/com.st.stm32cube.ide.mcu.externaltools.gnu-tools-for-stm32.10.3-2021.10.linux64_1.0.0.202111181127/tools/bin/../lib/gcc/arm-none-eabi/10.3.1/../../../../arm-none-eabi/lib/thumb/v8-m.main+fp/hard/libc_nano.a(lib_a-impure.o)
                0x000000000c0096e8                _global_impure_ptr
 .rodata.srand.str1.1
                0x000000000c0096ec       0x72 /opt/st/stm32cubeide_1.9.0/plugins/com.st.stm32cube.ide.mcu.externaltools.gnu-tools-for-stm32.10.3-2021.10.linux64_1.0.0.202111181127/tools/bin/../lib/gcc/arm-none-eabi/10.3.1/../../../../arm-none-eabi/lib/thumb/v8-m.main+fp/hard/libc_nano.a(lib_a-rand.o)
 .rodata.__assert_func.str1.1
                0x000000000c00975e       0x3c /opt/st/stm32cubeide_1.9.0/plugins/com.st.stm32cube.ide.mcu.externaltools.gnu-tools-for-stm32.10.3-2021.10.linux64_1.0.0.202111181127/tools/bin/../lib/gcc/arm-none-eabi/10.3.1/../../../../arm-none-eabi/lib/thumb/v8-m.main+fp/hard/libc_nano.a(lib_a-assert.o)
                                         0x3d (size before relaxing)
 *fill*         0x000000000c00979a        0x2 
 .rodata.__sf_fake_stderr
                0x000000000c00979c       0x20 /opt/st/stm32cubeide_1.9.0/plugins/com.st.stm32cube.ide.mcu.externaltools.gnu-tools-for-stm32.10.3-2021.10.linux64_1.0.0.202111181127/tools/bin/../lib/gcc/arm-none-eabi/10.3.1/../../../../arm-none-eabi/lib/thumb/v8-m.main+fp/hard/libc_nano.a(lib_a-findfp.o)
                0x000000000c00979c                __sf_fake_stderr
 .rodata.__sf_fake_stdin
                0x000000000c0097bc       0x20 /opt/st/stm32cubeide_1.9.0/plugins/com.st.stm32cube.ide.mcu.externaltools.gnu-tools-for-stm32.10.3-2021.10.linux64_1.0.0.202111181127/tools/bin/../lib/gcc/arm-none-eabi/10.3.1/../../../../arm-none-eabi/lib/thumb/v8-m.main+fp/hard/libc_nano.a(lib_a-findfp.o)
                0x000000000c0097bc                __sf_fake_stdin
 .rodata.__sf_fake_stdout
                0x000000000c0097dc       0x20 /opt/st/stm32cubeide_1.9.0/plugins/com.st.stm32cube.ide.mcu.externaltools.gnu-tools-for-stm32.10.3-2021.10.linux64_1.0.0.202111181127/tools/bin/../lib/gcc/arm-none-eabi/10.3.1/../../../../arm-none-eabi/lib/thumb/v8-m.main+fp/hard/libc_nano.a(lib_a-findfp.o)
                0x000000000c0097dc                __sf_fake_stdout
 .rodata._vfprintf_r.str1.1
                0x000000000c0097fc       0x11 /opt/st/stm32cubeide_1.9.0/plugins/com.st.stm32cube.ide.mcu.externaltools.gnu-tools-for-stm32.10.3-2021.10.linux64_1.0.0.202111181127/tools/bin/../lib/gcc/arm-none-eabi/10.3.1/../../../../arm-none-eabi/lib/thumb/v8-m.main+fp/hard/libc_nano.a(lib_a-nano-vfprintf.o)
 .rodata._printf_i.str1.1
                0x000000000c00980d       0x22 /opt/st/stm32cubeide_1.9.0/plugins/com.st.stm32cube.ide.mcu.externaltools.gnu-tools-for-stm32.10.3-2021.10.linux64_1.0.0.202111181127/tools/bin/../lib/gcc/arm-none-eabi/10.3.1/../../../../arm-none-eabi/lib/thumb/v8-m.main+fp/hard/libc_nano.a(lib_a-nano-vfprintf_i.o)
                0x000000000c009830                . = ALIGN (0x4)
 *fill*         0x000000000c00982f        0x1 

.ARM.extab      0x000000000c009830        0x0
                0x000000000c009830                . = ALIGN (0x4)
 *(.ARM.extab* .gnu.linkonce.armextab.*)
                0x000000000c009830                . = ALIGN (0x4)

.ARM            0x000000000c009830        0x8
                0x000000000c009830                . = ALIGN (0x4)
                0x000000000c009830                __exidx_start = .
 *(.ARM.exidx*)
 .ARM.exidx     0x000000000c009830        0x8 /opt/st/stm32cubeide_1.9.0/plugins/com.st.stm32cube.ide.mcu.externaltools.gnu-tools-for-stm32.10.3-2021.10.linux64_1.0.0.202111181127/tools/bin/../lib/gcc/arm-none-eabi/10.3.1/thumb/v8-m.main+fp/hard/libgcc.a(_udivmoddi4.o)
                0x000000000c009838                __exidx_end = .
                0x000000000c009838                . = ALIGN (0x4)

.rel.dyn        0x000000000c009838        0x0
 .rel.iplt      0x000000000c009838        0x0 /opt/st/stm32cubeide_1.9.0/plugins/com.st.stm32cube.ide.mcu.externaltools.gnu-tools-for-stm32.10.3-2021.10.linux64_1.0.0.202111181127/tools/bin/../lib/gcc/arm-none-eabi/10.3.1/thumb/v8-m.main+fp/hard/crtbegin.o

.preinit_array  0x000000000c009838        0x0
                0x000000000c009838                . = ALIGN (0x4)
                0x000000000c009838                PROVIDE (__preinit_array_start = .)
 *(.preinit_array*)
                0x000000000c009838                PROVIDE (__preinit_array_end = .)
                0x000000000c009838                . = ALIGN (0x4)

.init_array     0x000000000c009838        0x4
                0x000000000c009838                . = ALIGN (0x4)
                0x000000000c009838                PROVIDE (__init_array_start = .)
 *(SORT_BY_NAME(.init_array.*))
 *(.init_array*)
 .init_array    0x000000000c009838        0x4 /opt/st/stm32cubeide_1.9.0/plugins/com.st.stm32cube.ide.mcu.externaltools.gnu-tools-for-stm32.10.3-2021.10.linux64_1.0.0.202111181127/tools/bin/../lib/gcc/arm-none-eabi/10.3.1/thumb/v8-m.main+fp/hard/crtbegin.o
                0x000000000c00983c                PROVIDE (__init_array_end = .)
                0x000000000c00983c                . = ALIGN (0x4)

.fini_array     0x000000000c00983c        0x4
                0x000000000c00983c                . = ALIGN (0x4)
                [!provide]                        PROVIDE (__fini_array_start = .)
 *(SORT_BY_NAME(.fini_array.*))
 *(.fini_array*)
 .fini_array    0x000000000c00983c        0x4 /opt/st/stm32cubeide_1.9.0/plugins/com.st.stm32cube.ide.mcu.externaltools.gnu-tools-for-stm32.10.3-2021.10.linux64_1.0.0.202111181127/tools/bin/../lib/gcc/arm-none-eabi/10.3.1/thumb/v8-m.main+fp/hard/crtbegin.o
                [!provide]                        PROVIDE (__fini_array_end = .)
                0x000000000c009840                . = ALIGN (0x4)

.cfa_data       0x000000000e002000        0x0
                0x000000000e002000                . = ALIGN (0x4)
 *(.cfadata)
 *(.cfadata*)
                0x000000000e002000                . = ALIGN (0x4)
                0x000000000c009840                _sidata = LOADADDR (.data)

.data           0x0000000030000000       0xd4 load address 0x000000000c009840
                0x0000000030000000                . = ALIGN (0x4)
                0x0000000030000000                _sdata = .
 *(.data)
 *(.data*)
 .data.private_key
                0x0000000030000000       0x20 ./Core/Src/cfa_engine.o
                0x0000000030000000                private_key
 .data.public_key
                0x0000000030000020       0x40 ./Core/Src/cfa_engine.o
                0x0000000030000020                public_key
 .data.SystemCoreClock
                0x0000000030000060        0x4 ./Core/Src/system_stm32l5xx_s.o
                0x0000000030000060                SystemCoreClock
 .data.g_rng_function
                0x0000000030000064        0x4 ./Core/Src/uECC.o
 .data.uwTickPrio
                0x0000000030000068        0x4 ./Drivers/STM32L5xx_HAL_Driver/stm32l5xx_hal.o
                0x0000000030000068                uwTickPrio
 .data.uwTickFreq
                0x000000003000006c        0x1 ./Drivers/STM32L5xx_HAL_Driver/stm32l5xx_hal.o
                0x000000003000006c                uwTickFreq
 *fill*         0x000000003000006d        0x3 
 .data._impure_ptr
                0x0000000030000070        0x4 /opt/st/stm32cubeide_1.9.0/plugins/com.st.stm32cube.ide.mcu.externaltools.gnu-tools-for-stm32.10.3-2021.10.linux64_1.0.0.202111181127/tools/bin/../lib/gcc/arm-none-eabi/10.3.1/../../../../arm-none-eabi/lib/thumb/v8-m.main+fp/hard/libc_nano.a(lib_a-impure.o)
                0x0000000030000070                _impure_ptr
 .data.impure_data
                0x0000000030000074       0x60 /opt/st/stm32cubeide_1.9.0/plugins/com.st.stm32cube.ide.mcu.externaltools.gnu-tools-for-stm32.10.3-2021.10.linux64_1.0.0.202111181127/tools/bin/../lib/gcc/arm-none-eabi/10.3.1/../../../../arm-none-eabi/lib/thumb/v8-m.main+fp/hard/libc_nano.a(lib_a-impure.o)
 *(.RamFunc)
 *(.RamFunc*)
                0x00000000300000d4                . = ALIGN (0x4)
                0x00000000300000d4                _edata = .

.igot.plt       0x00000000300000d4        0x0 load address 0x000000000c009914
 .igot.plt      0x00000000300000d4        0x0 /opt/st/stm32cubeide_1.9.0/plugins/com.st.stm32cube.ide.mcu.externaltools.gnu-tools-for-stm32.10.3-2021.10.linux64_1.0.0.202111181127/tools/bin/../lib/gcc/arm-none-eabi/10.3.1/thumb/v8-m.main+fp/hard/crtbegin.o

.gnu.sgstubs    0x000000000c03e000       0x60
                0x000000000c03e000                . = ALIGN (0x4)
 *(.gnu.sgstubs*)
                0x000000000c03e000                . = ALIGN (0x4)
 .gnu.sgstubs.__stub
                0x000000000c03e000       0x50 linker stubs
                0x000000000c03e000                SECURE_SystemCoreClockUpdate
                0x000000000c03e008                SECURE_log_cond_br
                0x000000000c03e010                SECURE_RunCallback
                0x000000000c03e018                SECURE_log_call
                0x000000000c03e020                SECURE_record_output_data
                0x000000000c03e028                SECURE_Initialize_CFA_engine
                0x000000000c03e030                SECURE_Initialize_Attestation
                0x000000000c03e038                SECURE_log_ret
                0x000000000c03e040                SECURE_RegisterCallback
                0x000000000c03e048                SECURE_run_attestation_wait_mode
                0x000000000c03e050                . = ALIGN (0x4)

.bss            0x00000000300000d4      0x3e0
                0x00000000300000d4                _sbss = .
                0x00000000300000d4                __bss_start__ = _sbss
 *(.bss)
 .bss           0x00000000300000d4       0x1c /opt/st/stm32cubeide_1.9.0/plugins/com.st.stm32cube.ide.mcu.externaltools.gnu-tools-for-stm32.10.3-2021.10.linux64_1.0.0.202111181127/tools/bin/../lib/gcc/arm-none-eabi/10.3.1/thumb/v8-m.main+fp/hard/crtbegin.o
 *(.bss*)
 .bss.cfa_engine_conf
                0x00000000300000f0       0x8c ./Core/Src/cfa_engine.o
                0x00000000300000f0                cfa_engine_conf
 .bss.report_secure
                0x000000003000017c      0x168 ./Core/Src/cfa_engine.o
                0x000000003000017c                report_secure
 .bss.vrf_resp  0x00000000300002e4       0x81 ./Core/Src/cfa_engine.o
                0x00000000300002e4                vrf_resp
 *fill*         0x0000000030000365        0x3 
 .bss.report_hash
                0x0000000030000368       0x20 ./Core/Src/cfa_engine.o
                0x0000000030000368                report_hash
 .bss.response_hash
                0x0000000030000388       0x20 ./Core/Src/cfa_engine.o
                0x0000000030000388                response_hash
 .bss.curve     0x00000000300003a8        0x4 ./Core/Src/cfa_engine.o
                0x00000000300003a8                curve
 .bss.recv_verify_response_time
                0x00000000300003ac        0x4 ./Core/Src/cfa_engine.o
                0x00000000300003ac                recv_verify_response_time
 .bss.app_exec_time
                0x00000000300003b0        0x4 ./Core/Src/cfa_engine.o
                0x00000000300003b0                app_exec_time
 .bss.start     0x00000000300003b4        0x4 ./Core/Src/cfa_engine.o
                0x00000000300003b4                start
 .bss.end       0x00000000300003b8        0x4 ./Core/Src/cfa_engine.o
                0x00000000300003b8                end
 .bss.output_data
                0x00000000300003bc        0x4 ./Core/Src/cfa_engine.o
                0x00000000300003bc                output_data
 .bss.valueChar
                0x00000000300003c0        0x1 ./Core/Src/cfa_engine.o
                0x00000000300003c0                valueChar
 .bss.myFlag    0x00000000300003c1        0x1 ./Core/Src/cfa_engine.o
                0x00000000300003c1                myFlag
 *fill*         0x00000000300003c2        0x2 
 .bss.receive_resp_time
                0x00000000300003c4        0x4 ./Core/Src/cfa_engine.o
                0x00000000300003c4                receive_resp_time
 .bss.verify_resp_time
                0x00000000300003c8        0x4 ./Core/Src/cfa_engine.o
                0x00000000300003c8                verify_resp_time
 .bss.send_report_time
                0x00000000300003cc        0x4 ./Core/Src/cfa_engine.o
                0x00000000300003cc                send_report_time
 .bss.send_report_start
                0x00000000300003d0        0x4 ./Core/Src/cfa_engine.o
                0x00000000300003d0                send_report_start
 .bss.send_report_stop
                0x00000000300003d4        0x4 ./Core/Src/cfa_engine.o
                0x00000000300003d4                send_report_stop
 .bss.compute_send_report_time
                0x00000000300003d8        0x4 ./Core/Src/cfa_engine.o
                0x00000000300003d8                compute_send_report_time
 .bss.compute_send_report_start
                0x00000000300003dc        0x4 ./Core/Src/cfa_engine.o
                0x00000000300003dc                compute_send_report_start
 .bss.compute_send_report_stop
                0x00000000300003e0        0x4 ./Core/Src/cfa_engine.o
                0x00000000300003e0                compute_send_report_stop
 .bss.time_hash_memory
                0x00000000300003e4        0x4 ./Core/Src/cfa_engine.o
                0x00000000300003e4                time_hash_memory
 .bss.time_hash_memory_start
                0x00000000300003e8        0x4 ./Core/Src/cfa_engine.o
                0x00000000300003e8                time_hash_memory_start
 .bss.time_hash_memory_end
                0x00000000300003ec        0x4 ./Core/Src/cfa_engine.o
                0x00000000300003ec                time_hash_memory_end
 .bss.time_sign_report
                0x00000000300003f0        0x4 ./Core/Src/cfa_engine.o
                0x00000000300003f0                time_sign_report
 .bss.time_sign_report_start
                0x00000000300003f4        0x4 ./Core/Src/cfa_engine.o
                0x00000000300003f4                time_sign_report_start
 .bss.time_sign_report_end
                0x00000000300003f8        0x4 ./Core/Src/cfa_engine.o
                0x00000000300003f8                time_sign_report_end
 .bss.sign_report_iters
                0x00000000300003fc        0x1 ./Core/Src/cfa_engine.o
                0x00000000300003fc                sign_report_iters
 .bss.loop_detect
                0x00000000300003fd        0x1 ./Core/Src/cfa_engine.o
                0x00000000300003fd                loop_detect
 .bss.loop_counter
                0x00000000300003fe        0x2 ./Core/Src/cfa_engine.o
                0x00000000300003fe                loop_counter
 .bss.pSecureFaultCallback
                0x0000000030000400        0x4 ./Core/Src/secure_nsc.o
                0x0000000030000400                pSecureFaultCallback
 .bss.pSecureErrorCallback
                0x0000000030000404        0x4 ./Core/Src/secure_nsc.o
                0x0000000030000404                pSecureErrorCallback
 .bss.pAttestationFunctionCallback
                0x0000000030000408        0x4 ./Core/Src/secure_nsc.o
                0x0000000030000408                pAttestationFunctionCallback
 .bss.__sbrk_heap_end
                0x000000003000040c        0x4 ./Core/Src/sysmem.o
 .bss.hlpuart1  0x0000000030000410       0x90 ./Core/Src/usart.o
                0x0000000030000410                hlpuart1
 .bss.uwTick    0x00000000300004a0        0x4 ./Drivers/STM32L5xx_HAL_Driver/stm32l5xx_hal.o
                0x00000000300004a0                uwTick
 .bss.__lock___malloc_recursive_mutex
                0x00000000300004a4        0x1 /opt/st/stm32cubeide_1.9.0/plugins/com.st.stm32cube.ide.mcu.externaltools.gnu-tools-for-stm32.10.3-2021.10.linux64_1.0.0.202111181127/tools/bin/../lib/gcc/arm-none-eabi/10.3.1/../../../../arm-none-eabi/lib/thumb/v8-m.main+fp/hard/libc_nano.a(lib_a-lock.o)
                0x00000000300004a4                __lock___malloc_recursive_mutex
 .bss.__lock___sfp_recursive_mutex
                0x00000000300004a5        0x1 /opt/st/stm32cubeide_1.9.0/plugins/com.st.stm32cube.ide.mcu.externaltools.gnu-tools-for-stm32.10.3-2021.10.linux64_1.0.0.202111181127/tools/bin/../lib/gcc/arm-none-eabi/10.3.1/../../../../arm-none-eabi/lib/thumb/v8-m.main+fp/hard/libc_nano.a(lib_a-lock.o)
                0x00000000300004a5                __lock___sfp_recursive_mutex
 .bss.__lock___sinit_recursive_mutex
                0x00000000300004a6        0x1 /opt/st/stm32cubeide_1.9.0/plugins/com.st.stm32cube.ide.mcu.externaltools.gnu-tools-for-stm32.10.3-2021.10.linux64_1.0.0.202111181127/tools/bin/../lib/gcc/arm-none-eabi/10.3.1/../../../../arm-none-eabi/lib/thumb/v8-m.main+fp/hard/libc_nano.a(lib_a-lock.o)
                0x00000000300004a6                __lock___sinit_recursive_mutex
 *fill*         0x00000000300004a7        0x1 
 .bss.__malloc_free_list
                0x00000000300004a8        0x4 /opt/st/stm32cubeide_1.9.0/plugins/com.st.stm32cube.ide.mcu.externaltools.gnu-tools-for-stm32.10.3-2021.10.linux64_1.0.0.202111181127/tools/bin/../lib/gcc/arm-none-eabi/10.3.1/../../../../arm-none-eabi/lib/thumb/v8-m.main+fp/hard/libc_nano.a(lib_a-nano-mallocr.o)
                0x00000000300004a8                __malloc_free_list
 .bss.__malloc_sbrk_start
                0x00000000300004ac        0x4 /opt/st/stm32cubeide_1.9.0/plugins/com.st.stm32cube.ide.mcu.externaltools.gnu-tools-for-stm32.10.3-2021.10.linux64_1.0.0.202111181127/tools/bin/../lib/gcc/arm-none-eabi/10.3.1/../../../../arm-none-eabi/lib/thumb/v8-m.main+fp/hard/libc_nano.a(lib_a-nano-mallocr.o)
                0x00000000300004ac                __malloc_sbrk_start
 .bss.errno     0x00000000300004b0        0x4 /opt/st/stm32cubeide_1.9.0/plugins/com.st.stm32cube.ide.mcu.externaltools.gnu-tools-for-stm32.10.3-2021.10.linux64_1.0.0.202111181127/tools/bin/../lib/gcc/arm-none-eabi/10.3.1/../../../../arm-none-eabi/lib/thumb/v8-m.main+fp/hard/libc_nano.a(lib_a-reent.o)
                0x00000000300004b0                errno
 *(COMMON)
                0x00000000300004b4                . = ALIGN (0x4)
                0x00000000300004b4                _ebss = .
                0x00000000300004b4                __bss_end__ = _ebss

._user_heap_stack
                0x00000000300004b4      0x604
                0x00000000300004b8                . = ALIGN (0x8)
 *fill*         0x00000000300004b4        0x4 
                [!provide]                        PROVIDE (end = .)
                0x00000000300004b8                PROVIDE (_end = .)
                0x00000000300006b8                . = (. + _Min_Heap_Size)
 *fill*         0x00000000300004b8      0x200 
                0x0000000030000ab8                . = (. + _Min_Stack_Size)
 *fill*         0x00000000300006b8      0x400 
                0x0000000030000ab8                . = ALIGN (0x8)

/DISCARD/
 libc.a(*)
 libm.a(*)
 libgcc.a(*)

.ARM.attributes
                0x0000000000000000       0x36
 *(.ARM.attributes)
 .ARM.attributes
                0x0000000000000000       0x22 /opt/st/stm32cubeide_1.9.0/plugins/com.st.stm32cube.ide.mcu.externaltools.gnu-tools-for-stm32.10.3-2021.10.linux64_1.0.0.202111181127/tools/bin/../lib/gcc/arm-none-eabi/10.3.1/thumb/v8-m.main+fp/hard/crti.o
 .ARM.attributes
                0x0000000000000022       0x38 /opt/st/stm32cubeide_1.9.0/plugins/com.st.stm32cube.ide.mcu.externaltools.gnu-tools-for-stm32.10.3-2021.10.linux64_1.0.0.202111181127/tools/bin/../lib/gcc/arm-none-eabi/10.3.1/thumb/v8-m.main+fp/hard/crtbegin.o
 .ARM.attributes
                0x000000000000005a       0x3a ./Core/Src/Hacl_SHA2_256.o
 .ARM.attributes
                0x0000000000000094       0x3a ./Core/Src/cfa_engine.o
 .ARM.attributes
                0x00000000000000ce       0x3a ./Core/Src/gpio.o
 .ARM.attributes
                0x0000000000000108       0x3a ./Core/Src/gtzc.o
 .ARM.attributes
                0x0000000000000142       0x3a ./Core/Src/main.o
 .ARM.attributes
                0x000000000000017c       0x3a ./Core/Src/stm32l5xx_hal_msp.o
 .ARM.attributes
                0x00000000000001b6       0x3a ./Core/Src/stm32l5xx_it.o
 .ARM.attributes
                0x00000000000001f0       0x3a ./Core/Src/system_stm32l5xx_s.o
 .ARM.attributes
                0x000000000000022a       0x3a ./Core/Src/usart.o
 .ARM.attributes
                0x0000000000000264       0x24 ./Core/Startup/startup_stm32l552zetxq.o
 .ARM.attributes
                0x0000000000000288       0x3a ./Drivers/STM32L5xx_HAL_Driver/stm32l5xx_hal.o
 .ARM.attributes
                0x00000000000002c2       0x3a ./Drivers/STM32L5xx_HAL_Driver/stm32l5xx_hal_cortex.o
 .ARM.attributes
                0x00000000000002fc       0x3a ./Drivers/STM32L5xx_HAL_Driver/stm32l5xx_hal_gpio.o
 .ARM.attributes
                0x0000000000000336       0x3a ./Drivers/STM32L5xx_HAL_Driver/stm32l5xx_hal_gtzc.o
 .ARM.attributes
                0x0000000000000370       0x3a ./Drivers/STM32L5xx_HAL_Driver/stm32l5xx_hal_pwr.o
 .ARM.attributes
                0x00000000000003aa       0x3a ./Drivers/STM32L5xx_HAL_Driver/stm32l5xx_hal_pwr_ex.o
 .ARM.attributes
                0x00000000000003e4       0x3a ./Drivers/STM32L5xx_HAL_Driver/stm32l5xx_hal_rcc.o
 .ARM.attributes
                0x000000000000041e       0x3a ./Drivers/STM32L5xx_HAL_Driver/stm32l5xx_hal_rcc_ex.o
 .ARM.attributes
                0x0000000000000458       0x3a ./Drivers/STM32L5xx_HAL_Driver/stm32l5xx_hal_uart.o
 .ARM.attributes
                0x0000000000000492       0x3a ./Drivers/STM32L5xx_HAL_Driver/stm32l5xx_hal_uart_ex.o
 .ARM.attributes
                0x00000000000004cc       0x38 /opt/st/stm32cubeide_1.9.0/plugins/com.st.stm32cube.ide.mcu.externaltools.gnu-tools-for-stm32.10.3-2021.10.linux64_1.0.0.202111181127/tools/bin/../lib/gcc/arm-none-eabi/10.3.1/../../../../arm-none-eabi/lib/thumb/v8-m.main+fp/hard/libc_nano.a(lib_a-init.o)
 .ARM.attributes
                0x0000000000000504       0x38 /opt/st/stm32cubeide_1.9.0/plugins/com.st.stm32cube.ide.mcu.externaltools.gnu-tools-for-stm32.10.3-2021.10.linux64_1.0.0.202111181127/tools/bin/../lib/gcc/arm-none-eabi/10.3.1/../../../../arm-none-eabi/lib/thumb/v8-m.main+fp/hard/libc_nano.a(lib_a-memcpy-stub.o)
 .ARM.attributes
                0x000000000000053c       0x38 /opt/st/stm32cubeide_1.9.0/plugins/com.st.stm32cube.ide.mcu.externaltools.gnu-tools-for-stm32.10.3-2021.10.linux64_1.0.0.202111181127/tools/bin/../lib/gcc/arm-none-eabi/10.3.1/../../../../arm-none-eabi/lib/thumb/v8-m.main+fp/hard/libc_nano.a(lib_a-memset.o)
 .ARM.attributes
                0x0000000000000574       0x24 /opt/st/stm32cubeide_1.9.0/plugins/com.st.stm32cube.ide.mcu.externaltools.gnu-tools-for-stm32.10.3-2021.10.linux64_1.0.0.202111181127/tools/bin/../lib/gcc/arm-none-eabi/10.3.1/thumb/v8-m.main+fp/hard/libgcc.a(cmse_nonsecure_call.o)
 .ARM.attributes
                0x0000000000000598       0x22 /opt/st/stm32cubeide_1.9.0/plugins/com.st.stm32cube.ide.mcu.externaltools.gnu-tools-for-stm32.10.3-2021.10.linux64_1.0.0.202111181127/tools/bin/../lib/gcc/arm-none-eabi/10.3.1/thumb/v8-m.main+fp/hard/libgcc.a(_aeabi_uldivmod.o)
 .ARM.attributes
                0x00000000000005ba       0x38 /opt/st/stm32cubeide_1.9.0/plugins/com.st.stm32cube.ide.mcu.externaltools.gnu-tools-for-stm32.10.3-2021.10.linux64_1.0.0.202111181127/tools/bin/../lib/gcc/arm-none-eabi/10.3.1/thumb/v8-m.main+fp/hard/libgcc.a(_udivmoddi4.o)
 .ARM.attributes
                0x00000000000005f2       0x22 /opt/st/stm32cubeide_1.9.0/plugins/com.st.stm32cube.ide.mcu.externaltools.gnu-tools-for-stm32.10.3-2021.10.linux64_1.0.0.202111181127/tools/bin/../lib/gcc/arm-none-eabi/10.3.1/thumb/v8-m.main+fp/hard/libgcc.a(_dvmd_tls.o)
 .ARM.attributes
                0x0000000000000614       0x22 /opt/st/stm32cubeide_1.9.0/plugins/com.st.stm32cube.ide.mcu.externaltools.gnu-tools-for-stm32.10.3-2021.10.linux64_1.0.0.202111181127/tools/bin/../lib/gcc/arm-none-eabi/10.3.1/thumb/v8-m.main+fp/hard/crtn.o
OUTPUT(TRACES_Secure.elf elf32-littlearm)
LOAD linker stubs
LOAD /opt/st/stm32cubeide_1.9.0/plugins/com.st.stm32cube.ide.mcu.externaltools.gnu-tools-for-stm32.10.3-2021.10.linux64_1.0.0.202111181127/tools/bin/../lib/gcc/arm-none-eabi/10.3.1/../../../../arm-none-eabi/lib/thumb/v8-m.main+fp/hard/libc.a
LOAD /opt/st/stm32cubeide_1.9.0/plugins/com.st.stm32cube.ide.mcu.externaltools.gnu-tools-for-stm32.10.3-2021.10.linux64_1.0.0.202111181127/tools/bin/../lib/gcc/arm-none-eabi/10.3.1/../../../../arm-none-eabi/lib/thumb/v8-m.main+fp/hard/libm.a
LOAD /opt/st/stm32cubeide_1.9.0/plugins/com.st.stm32cube.ide.mcu.externaltools.gnu-tools-for-stm32.10.3-2021.10.linux64_1.0.0.202111181127/tools/bin/../lib/gcc/arm-none-eabi/10.3.1/thumb/v8-m.main+fp/hard/libgcc.a

.debug_info     0x0000000000000000     0xebe6
 .debug_info    0x0000000000000000      0xc1b ./Core/Src/Hacl_SHA2_256.o
 .debug_info    0x0000000000000c1b      0xa68 ./Core/Src/cfa_engine.o
 .debug_info    0x0000000000001683      0x410 ./Core/Src/gpio.o
 .debug_info    0x0000000000001a93      0x213 ./Core/Src/gtzc.o
 .debug_info    0x0000000000001ca6      0xb6c ./Core/Src/main.o
 .debug_info    0x0000000000002812      0x2c1 ./Core/Src/secure_nsc.o
 .debug_info    0x0000000000002ad3      0x75d ./Core/Src/stm32l5xx_hal_msp.o
 .debug_info    0x0000000000003230      0x19a ./Core/Src/stm32l5xx_it.o
 .debug_info    0x00000000000033ca      0xa4e ./Core/Src/system_stm32l5xx_s.o
 .debug_info    0x0000000000003e18     0x10d2 ./Core/Src/usart.o
 .debug_info    0x0000000000004eea       0x22 ./Core/Startup/startup_stm32l552zetxq.o
 .debug_info    0x0000000000004f0c      0xdc7 ./Drivers/STM32L5xx_HAL_Driver/stm32l5xx_hal.o
 .debug_info    0x0000000000005cd3     0x123a ./Drivers/STM32L5xx_HAL_Driver/stm32l5xx_hal_cortex.o
 .debug_info    0x0000000000006f0d      0x73f ./Drivers/STM32L5xx_HAL_Driver/stm32l5xx_hal_gpio.o
 .debug_info    0x000000000000764c      0xc1f ./Drivers/STM32L5xx_HAL_Driver/stm32l5xx_hal_gtzc.o
 .debug_info    0x000000000000826b      0xd12 ./Drivers/STM32L5xx_HAL_Driver/stm32l5xx_hal_pwr.o
 .debug_info    0x0000000000008f7d      0xdf9 ./Drivers/STM32L5xx_HAL_Driver/stm32l5xx_hal_pwr_ex.o
 .debug_info    0x0000000000009d76     0x1057 ./Drivers/STM32L5xx_HAL_Driver/stm32l5xx_hal_rcc.o
 .debug_info    0x000000000000adcd     0x121b ./Drivers/STM32L5xx_HAL_Driver/stm32l5xx_hal_rcc_ex.o
 .debug_info    0x000000000000bfe8     0x1dc1 ./Drivers/STM32L5xx_HAL_Driver/stm32l5xx_hal_uart.o
 .debug_info    0x000000000000dda9      0xe3d ./Drivers/STM32L5xx_HAL_Driver/stm32l5xx_hal_uart_ex.o

.debug_abbrev   0x0000000000000000     0x2a01
 .debug_abbrev  0x0000000000000000      0x1dd ./Core/Src/Hacl_SHA2_256.o
 .debug_abbrev  0x00000000000001dd      0x394 ./Core/Src/cfa_engine.o
 .debug_abbrev  0x0000000000000571      0x105 ./Core/Src/gpio.o
 .debug_abbrev  0x0000000000000676      0x107 ./Core/Src/gtzc.o
 .debug_abbrev  0x000000000000077d      0x2c9 ./Core/Src/main.o
 .debug_abbrev  0x0000000000000a46      0x176 ./Core/Src/secure_nsc.o
 .debug_abbrev  0x0000000000000bbc      0x166 ./Core/Src/stm32l5xx_hal_msp.o
 .debug_abbrev  0x0000000000000d22       0xad ./Core/Src/stm32l5xx_it.o
 .debug_abbrev  0x0000000000000dcf      0x184 ./Core/Src/system_stm32l5xx_s.o
 .debug_abbrev  0x0000000000000f53      0x253 ./Core/Src/usart.o
 .debug_abbrev  0x00000000000011a6       0x12 ./Core/Startup/startup_stm32l552zetxq.o
 .debug_abbrev  0x00000000000011b8      0x2d4 ./Drivers/STM32L5xx_HAL_Driver/stm32l5xx_hal.o
 .debug_abbrev  0x000000000000148c      0x31d ./Drivers/STM32L5xx_HAL_Driver/stm32l5xx_hal_cortex.o
 .debug_abbrev  0x00000000000017a9      0x1b2 ./Drivers/STM32L5xx_HAL_Driver/stm32l5xx_hal_gpio.o
 .debug_abbrev  0x000000000000195b      0x1c1 ./Drivers/STM32L5xx_HAL_Driver/stm32l5xx_hal_gtzc.o
 .debug_abbrev  0x0000000000001b1c      0x1fa ./Drivers/STM32L5xx_HAL_Driver/stm32l5xx_hal_pwr.o
 .debug_abbrev  0x0000000000001d16      0x283 ./Drivers/STM32L5xx_HAL_Driver/stm32l5xx_hal_pwr_ex.o
 .debug_abbrev  0x0000000000001f99      0x2ee ./Drivers/STM32L5xx_HAL_Driver/stm32l5xx_hal_rcc.o
 .debug_abbrev  0x0000000000002287      0x2b9 ./Drivers/STM32L5xx_HAL_Driver/stm32l5xx_hal_rcc_ex.o
 .debug_abbrev  0x0000000000002540      0x29c ./Drivers/STM32L5xx_HAL_Driver/stm32l5xx_hal_uart.o
 .debug_abbrev  0x00000000000027dc      0x225 ./Drivers/STM32L5xx_HAL_Driver/stm32l5xx_hal_uart_ex.o
