Archive member included to satisfy reference by file (symbol)

D:/ST/STM32CubeIDE_1.13.1/STM32CubeIDE/plugins/com.st.stm32cube.ide.mcu.externaltools.gnu-tools-for-stm32.11.3.rel1.win32_1.1.0.202305231506/tools/bin/../lib/gcc/arm-none-eabi/11.3.1/../../../../arm-none-eabi/lib/thumb/v8-m.main+fp/hard\libc_nano.a(libc_a-exit.o)
                              D:/ST/STM32CubeIDE_1.13.1/STM32CubeIDE/plugins/com.st.stm32cube.ide.mcu.externaltools.gnu-tools-for-stm32.11.3.rel1.win32_1.1.0.202305231506/tools/bin/../lib/gcc/arm-none-eabi/11.3.1/../../../../arm-none-eabi/lib/thumb/v8-m.main+fp/hard/crt0.o (exit)
D:/ST/STM32CubeIDE_1.13.1/STM32CubeIDE/plugins/com.st.stm32cube.ide.mcu.externaltools.gnu-tools-for-stm32.11.3.rel1.win32_1.1.0.202305231506/tools/bin/../lib/gcc/arm-none-eabi/11.3.1/../../../../arm-none-eabi/lib/thumb/v8-m.main+fp/hard\libc_nano.a(libc_a-findfp.o)
                              D:/ST/STM32CubeIDE_1.13.1/STM32CubeIDE/plugins/com.st.stm32cube.ide.mcu.externaltools.gnu-tools-for-stm32.11.3.rel1.win32_1.1.0.202305231506/tools/bin/../lib/gcc/arm-none-eabi/11.3.1/../../../../arm-none-eabi/lib/thumb/v8-m.main+fp/hard\libc_nano.a(libc_a-exit.o) (__stdio_exit_handler)
D:/ST/STM32CubeIDE_1.13.1/STM32CubeIDE/plugins/com.st.stm32cube.ide.mcu.externaltools.gnu-tools-for-stm32.11.3.rel1.win32_1.1.0.202305231506/tools/bin/../lib/gcc/arm-none-eabi/11.3.1/../../../../arm-none-eabi/lib/thumb/v8-m.main+fp/hard\libc_nano.a(libc_a-fwalk.o)
                              D:/ST/STM32CubeIDE_1.13.1/STM32CubeIDE/plugins/com.st.stm32cube.ide.mcu.externaltools.gnu-tools-for-stm32.11.3.rel1.win32_1.1.0.202305231506/tools/bin/../lib/gcc/arm-none-eabi/11.3.1/../../../../arm-none-eabi/lib/thumb/v8-m.main+fp/hard\libc_nano.a(libc_a-findfp.o) (_fwalk_sglue)
D:/ST/STM32CubeIDE_1.13.1/STM32CubeIDE/plugins/com.st.stm32cube.ide.mcu.externaltools.gnu-tools-for-stm32.11.3.rel1.win32_1.1.0.202305231506/tools/bin/../lib/gcc/arm-none-eabi/11.3.1/../../../../arm-none-eabi/lib/thumb/v8-m.main+fp/hard\libc_nano.a(libc_a-stdio.o)
                              D:/ST/STM32CubeIDE_1.13.1/STM32CubeIDE/plugins/com.st.stm32cube.ide.mcu.externaltools.gnu-tools-for-stm32.11.3.rel1.win32_1.1.0.202305231506/tools/bin/../lib/gcc/arm-none-eabi/11.3.1/../../../../arm-none-eabi/lib/thumb/v8-m.main+fp/hard\libc_nano.a(libc_a-findfp.o) (__sread)
D:/ST/STM32CubeIDE_1.13.1/STM32CubeIDE/plugins/com.st.stm32cube.ide.mcu.externaltools.gnu-tools-for-stm32.11.3.rel1.win32_1.1.0.202305231506/tools/bin/../lib/gcc/arm-none-eabi/11.3.1/../../../../arm-none-eabi/lib/thumb/v8-m.main+fp/hard\libc_nano.a(libc_a-memset.o)
                              D:/ST/STM32CubeIDE_1.13.1/STM32CubeIDE/plugins/com.st.stm32cube.ide.mcu.externaltools.gnu-tools-for-stm32.11.3.rel1.win32_1.1.0.202305231506/tools/bin/../lib/gcc/arm-none-eabi/11.3.1/../../../../arm-none-eabi/lib/thumb/v8-m.main+fp/hard/crt0.o (memset)
D:/ST/STM32CubeIDE_1.13.1/STM32CubeIDE/plugins/com.st.stm32cube.ide.mcu.externaltools.gnu-tools-for-stm32.11.3.rel1.win32_1.1.0.202305231506/tools/bin/../lib/gcc/arm-none-eabi/11.3.1/../../../../arm-none-eabi/lib/thumb/v8-m.main+fp/hard\libc_nano.a(libc_a-closer.o)
                              D:/ST/STM32CubeIDE_1.13.1/STM32CubeIDE/plugins/com.st.stm32cube.ide.mcu.externaltools.gnu-tools-for-stm32.11.3.rel1.win32_1.1.0.202305231506/tools/bin/../lib/gcc/arm-none-eabi/11.3.1/../../../../arm-none-eabi/lib/thumb/v8-m.main+fp/hard\libc_nano.a(libc_a-stdio.o) (_close_r)
D:/ST/STM32CubeIDE_1.13.1/STM32CubeIDE/plugins/com.st.stm32cube.ide.mcu.externaltools.gnu-tools-for-stm32.11.3.rel1.win32_1.1.0.202305231506/tools/bin/../lib/gcc/arm-none-eabi/11.3.1/../../../../arm-none-eabi/lib/thumb/v8-m.main+fp/hard\libc_nano.a(libc_a-reent.o)
                              D:/ST/STM32CubeIDE_1.13.1/STM32CubeIDE/plugins/com.st.stm32cube.ide.mcu.externaltools.gnu-tools-for-stm32.11.3.rel1.win32_1.1.0.202305231506/tools/bin/../lib/gcc/arm-none-eabi/11.3.1/../../../../arm-none-eabi/lib/thumb/v8-m.main+fp/hard\libc_nano.a(libc_a-closer.o) (errno)
D:/ST/STM32CubeIDE_1.13.1/STM32CubeIDE/plugins/com.st.stm32cube.ide.mcu.externaltools.gnu-tools-for-stm32.11.3.rel1.win32_1.1.0.202305231506/tools/bin/../lib/gcc/arm-none-eabi/11.3.1/../../../../arm-none-eabi/lib/thumb/v8-m.main+fp/hard\libc_nano.a(libc_a-impure.o)
                              D:/ST/STM32CubeIDE_1.13.1/STM32CubeIDE/plugins/com.st.stm32cube.ide.mcu.externaltools.gnu-tools-for-stm32.11.3.rel1.win32_1.1.0.202305231506/tools/bin/../lib/gcc/arm-none-eabi/11.3.1/../../../../arm-none-eabi/lib/thumb/v8-m.main+fp/hard\libc_nano.a(libc_a-reent.o) (_impure_ptr)
D:/ST/STM32CubeIDE_1.13.1/STM32CubeIDE/plugins/com.st.stm32cube.ide.mcu.externaltools.gnu-tools-for-stm32.11.3.rel1.win32_1.1.0.202305231506/tools/bin/../lib/gcc/arm-none-eabi/11.3.1/../../../../arm-none-eabi/lib/thumb/v8-m.main+fp/hard\libc_nano.a(libc_a-lseekr.o)
[...]
Memory Configuration

Name             Origin             Length             Attributes
RAM              0x0000000020018000 0x0000000000028000 xrw
FLASH            0x0000000008040000 0x0000000000040000 xrw
*default*        0x0000000000000000 0xffffffffffffffff

Linker script and memory map

LOAD D:/ST/STM32CubeIDE_1.13.1/STM32CubeIDE/plugins/com.st.stm32cube.ide.mcu.externaltools.gnu-tools-for-stm32.11.3.rel1.win32_1.1.0.202305231506/tools/bin/../lib/gcc/arm-none-eabi/11.3.1/thumb/v8-m.main+fp/hard/crti.o
LOAD D:/ST/STM32CubeIDE_1.13.1/STM32CubeIDE/plugins/com.st.stm32cube.ide.mcu.externaltools.gnu-tools-for-stm32.11.3.rel1.win32_1.1.0.202305231506/tools/bin/../lib/gcc/arm-none-eabi/11.3.1/thumb/v8-m.main+fp/hard/crtbegin.o
LOAD D:/ST/STM32CubeIDE_1.13.1/STM32CubeIDE/plugins/com.st.stm32cube.ide.mcu.externaltools.gnu-tools-for-stm32.11.3.rel1.win32_1.1.0.202305231506/tools/bin/../lib/gcc/arm-none-eabi/11.3.1/../../../../arm-none-eabi/lib/thumb/v8-m.main+fp/hard/crt0.o
LOAD ./Core/Src/application.o
LOAD ./Core/Src/gpio.o
LOAD ./Core/Src/main.o
LOAD ./Core/Src/stm32l5xx_hal_msp.o
LOAD ./Core/Src/stm32l5xx_it.o
LOAD ./Core/Src/syscalls.o
LOAD ./Core/Src/sysmem.o
LOAD ./Core/Src/system_stm32l5xx_ns.o
LOAD ./Core/Startup/startup_stm32l552zetxq.o
LOAD ./Drivers/STM32L5xx_HAL_Driver/stm32l5xx_hal.o
LOAD ./Drivers/STM32L5xx_HAL_Driver/stm32l5xx_hal_cortex.o
LOAD ./Drivers/STM32L5xx_HAL_Driver/stm32l5xx_hal_dma.o
LOAD ./Drivers/STM32L5xx_HAL_Driver/stm32l5xx_hal_dma_ex.o
LOAD ./Drivers/STM32L5xx_HAL_Driver/stm32l5xx_hal_exti.o
LOAD ./Drivers/STM32L5xx_HAL_Driver/stm32l5xx_hal_flash.o
LOAD ./Drivers/STM32L5xx_HAL_Driver/stm32l5xx_hal_flash_ex.o
LOAD ./Drivers/STM32L5xx_HAL_Driver/stm32l5xx_hal_flash_ramfunc.o
LOAD ./Drivers/STM32L5xx_HAL_Driver/stm32l5xx_hal_gpio.o
LOAD ./Drivers/STM32L5xx_HAL_Driver/stm32l5xx_hal_i2c.o
LOAD ./Drivers/STM32L5xx_HAL_Driver/stm32l5xx_hal_i2c_ex.o
LOAD ./Drivers/STM32L5xx_HAL_Driver/stm32l5xx_hal_icache.o
LOAD ./Drivers/STM32L5xx_HAL_Driver/stm32l5xx_hal_pwr.o
LOAD ./Drivers/STM32L5xx_HAL_Driver/stm32l5xx_hal_pwr_ex.o
LOAD ./Drivers/STM32L5xx_HAL_Driver/stm32l5xx_hal_rcc.o
LOAD ./Drivers/STM32L5xx_HAL_Driver/stm32l5xx_hal_rcc_ex.o
LOAD ./Drivers/STM32L5xx_HAL_Driver/stm32l5xx_hal_tim.o
LOAD ./Drivers/STM32L5xx_HAL_Driver/stm32l5xx_hal_tim_ex.o
LOAD ./Drivers/STM32L5xx_HAL_Driver/stm32l5xx_hal_uart.o
LOAD ./Drivers/STM32L5xx_HAL_Driver/stm32l5xx_hal_uart_ex.o
LOAD D:/Workspace/Git/TRACES/prv/TRACES/Secure/Debug/secure_nsclib.o
START GROUP
LOAD D:/ST/STM32CubeIDE_1.13.1/STM32CubeIDE/plugins/com.st.stm32cube.ide.mcu.externaltools.gnu-tools-for-stm32.11.3.rel1.win32_1.1.0.202305231506/tools/bin/../lib/gcc/arm-none-eabi/11.3.1/../../../../arm-none-eabi/lib/thumb/v8-m.main+fp/hard\libc_nano.a
LOAD D:/ST/STM32CubeIDE_1.13.1/STM32CubeIDE/plugins/com.st.stm32cube.ide.mcu.externaltools.gnu-tools-for-stm32.11.3.rel1.win32_1.1.0.202305231506/tools/bin/../lib/gcc/arm-none-eabi/11.3.1/../../../../arm-none-eabi/lib/thumb/v8-m.main+fp/hard\libm.a
END GROUP
START GROUP
LOAD D:/ST/STM32CubeIDE_1.13.1/STM32CubeIDE/plugins/com.st.stm32cube.ide.mcu.externaltools.gnu-tools-for-stm32.11.3.rel1.win32_1.1.0.202305231506/tools/bin/../lib/gcc/arm-none-eabi/11.3.1/thumb/v8-m.main+fp/hard\libgcc.a
LOAD D:/ST/STM32CubeIDE_1.13.1/STM32CubeIDE/plugins/com.st.stm32cube.ide.mcu.externaltools.gnu-tools-for-stm32.11.3.rel1.win32_1.1.0.202305231506/tools/bin/../lib/gcc/arm-none-eabi/11.3.1/../../../../arm-none-eabi/lib/thumb/v8-m.main+fp/hard\libc_nano.a
END GROUP
START GROUP
LOAD D:/ST/STM32CubeIDE_1.13.1/STM32CubeIDE/plugins/com.st.stm32cube.ide.mcu.externaltools.gnu-tools-for-stm32.11.3.rel1.win32_1.1.0.202305231506/tools/bin/../lib/gcc/arm-none-eabi/11.3.1/thumb/v8-m.main+fp/hard\libgcc.a
LOAD D:/ST/STM32CubeIDE_1.13.1/STM32CubeIDE/plugins/com.st.stm32cube.ide.mcu.externaltools.gnu-tools-for-stm32.11.3.rel1.win32_1.1.0.202305231506/tools/bin/../lib/gcc/arm-none-eabi/11.3.1/../../../../arm-none-eabi/lib/thumb/v8-m.main+fp/hard\libc_nano.a
LOAD D:/ST/STM32CubeIDE_1.13.1/STM32CubeIDE/plugins/com.st.stm32cube.ide.mcu.externaltools.gnu-tools-for-stm32.11.3.rel1.win32_1.1.0.202305231506/tools/bin/../lib/gcc/arm-none-eabi/11.3.1/../../../../arm-none-eabi/lib/thumb/v8-m.main+fp/hard\libnosys.a
END GROUP
START GROUP
LOAD D:/ST/STM32CubeIDE_1.13.1/STM32CubeIDE/plugins/com.st.stm32cube.ide.mcu.externaltools.gnu-tools-for-stm32.11.3.rel1.win32_1.1.0.202305231506/tools/bin/../lib/gcc/arm-none-eabi/11.3.1/thumb/v8-m.main+fp/hard\libgcc.a
LOAD D:/ST/STM32CubeIDE_1.13.1/STM32CubeIDE/plugins/com.st.stm32cube.ide.mcu.externaltools.gnu-tools-for-stm32.11.3.rel1.win32_1.1.0.202305231506/tools/bin/../lib/gcc/arm-none-eabi/11.3.1/../../../../arm-none-eabi/lib/thumb/v8-m.main+fp/hard\libc_nano.a
LOAD D:/ST/STM32CubeIDE_1.13.1/STM32CubeIDE/plugins/com.st.stm32cube.ide.mcu.externaltools.gnu-tools-for-stm32.11.3.rel1.win32_1.1.0.202305231506/tools/bin/../lib/gcc/arm-none-eabi/11.3.1/../../../../arm-none-eabi/lib/thumb/v8-m.main+fp/hard\libnosys.a
END GROUP
LOAD D:/ST/STM32CubeIDE_1.13.1/STM32CubeIDE/plugins/com.st.stm32cube.ide.mcu.externaltools.gnu-tools-for-stm32.11.3.rel1.win32_1.1.0.202305231506/tools/bin/../lib/gcc/arm-none-eabi/11.3.1/thumb/v8-m.main+fp/hard/crtend.o
LOAD D:/ST/STM32CubeIDE_1.13.1/STM32CubeIDE/plugins/com.st.stm32cube.ide.mcu.externaltools.gnu-tools-for-stm32.11.3.rel1.win32_1.1.0.202305231506/tools/bin/../lib/gcc/arm-none-eabi/11.3.1/thumb/v8-m.main+fp/hard/crtn.o
                0x0000000020040000                _estack = (ORIGIN (RAM) + LENGTH (RAM))
                0x0000000000000200                _Min_Heap_Size = 0x200
                0x0000000000000400                _Min_Stack_Size = 0x400

.isr_vector     0x0000000008040000      0x1f4
                0x0000000008040000                . = ALIGN (0x4)
 *(.isr_vector)
 .isr_vector    0x0000000008040000      0x1f4 ./Core/Startup/startup_stm32l552zetxq.o
                0x0000000008040000                g_pfnVectors
                0x00000000080401f4                . = ALIGN (0x4)

.text           0x00000000080401f8      0xe48
                0x00000000080401f8                . = ALIGN (0x4)
 *(.text)
 .text          0x00000000080401f8       0x40 D:/ST/STM32CubeIDE_1.13.1/STM32CubeIDE/plugins/com.st.stm32cube.ide.mcu.externaltools.gnu-tools-for-stm32.11.3.rel1.win32_1.1.0.202305231506/tools/bin/../lib/gcc/arm-none-eabi/11.3.1/thumb/v8-m.main+fp/hard/crtbegin.o
 *(.text*)
 .text.delay    0x0000000008040238       0x38 ./Core/Src/application.o
                0x0000000008040238                delay
 .text.read_data
                0x0000000008040270      0x134 ./Core/Src/application.o
                0x0000000008040270                read_data
 .text.get_temperature
                0x00000000080403a4       0x38 ./Core/Src/application.o
                0x00000000080403a4                get_temperature
 .text.get_humidity
                0x00000000080403dc       0x38 ./Core/Src/application.o
                0x00000000080403dc                get_humidity
 .text.pulseIn  0x0000000008040414       0x54 ./Core/Src/application.o
                0x0000000008040414                pulseIn
 .text.getUltrasonicReading
                0x0000000008040468       0x44 ./Core/Src/application.o
                0x0000000008040468                getUltrasonicReading
 .text.run_ultrasonic
                0x00000000080404ac       0x4a ./Core/Src/application.o
                0x00000000080404ac                run_ultrasonic
 .text.run_temperature
                0x00000000080404f6       0x4c ./Core/Src/application.o
                0x00000000080404f6                run_temperature
 .text.run_humidity
                0x0000000008040542       0x4c ./Core/Src/application.o
                0x0000000008040542                run_humidity
 .text.read_command
                0x000000000804058e       0x3c ./Core/Src/application.o
                0x000000000804058e                read_command
 *fill*         0x00000000080405ca        0x2 
 .text.process_command
                0x00000000080405cc       0xe4 ./Core/Src/application.o
                0x00000000080405cc                process_command
 .text.record_output_data
                0x00000000080406b0       0x1e ./Core/Src/application.o
                0x00000000080406b0                record_output_data
 *fill*         0x00000000080406ce        0x2 
 .text.application
                0x00000000080406d0       0xc4 ./Core/Src/application.o
                0x00000000080406d0                application
 .text.MX_GPIO_Init
                0x0000000008040794       0xc4 ./Core/Src/gpio.o
                0x0000000008040794                MX_GPIO_Init
 .text.SecureFault_Callback
                0x0000000008040858       0x1c ./Core/Src/main.o
                0x0000000008040858                SecureFault_Callback
 .text.SecureError_Callback
                0x0000000008040874       0x1c ./Core/Src/main.o
                0x0000000008040874                SecureError_Callback
 .text.main     0x0000000008040890       0x38 ./Core/Src/main.o
                0x0000000008040890                main
 .text.Error_Handler
                0x00000000080408c8        0xa ./Core/Src/main.o
                0x00000000080408c8                Error_Handler
 *fill*         0x00000000080408d2        0x2 
 .text.HAL_MspInit
                0x00000000080408d4       0x48 ./Core/Src/stm32l5xx_hal_msp.o
                0x00000000080408d4                HAL_MspInit
 .text.MemManage_Handler
                0x000000000804091c        0x6 ./Core/Src/stm32l5xx_it.o
                0x000000000804091c                MemManage_Handler
 .text.UsageFault_Handler
                0x0000000008040922        0x6 ./Core/Src/stm32l5xx_it.o
                0x0000000008040922                UsageFault_Handler
 .text.SVC_Handler
                0x0000000008040928        0xe ./Core/Src/stm32l5xx_it.o
                0x0000000008040928                SVC_Handler
 .text.PendSV_Handler
                0x0000000008040936        0xe ./Core/Src/stm32l5xx_it.o
                0x0000000008040936                PendSV_Handler
 .text.SysTick_Handler
                0x0000000008040944        0xc ./Core/Src/stm32l5xx_it.o
                0x0000000008040944                SysTick_Handler
 .text.SystemInit
                0x0000000008040950        0xe ./Core/Src/system_stm32l5xx_ns.o
                0x0000000008040950                SystemInit
 *fill*         0x000000000804095e        0x2 
 .text.SystemCoreClockUpdate
                0x0000000008040960       0x18 ./Core/Src/system_stm32l5xx_ns.o
                0x0000000008040960                SystemCoreClockUpdate
 .text.Reset_Handler
                0x0000000008040978       0x50 ./Core/Startup/startup_stm32l552zetxq.o
                0x0000000008040978                Reset_Handler
 .text.Default_Handler
                0x00000000080409c8        0x2 ./Core/Startup/startup_stm32l552zetxq.o
                0x00000000080409c8                EXTI2_IRQHandler
                0x00000000080409c8                TIM8_TRG_COM_IRQHandler
                0x00000000080409c8                TIM8_CC_IRQHandler
                0x00000000080409c8                EXTI5_IRQHandler
                0x00000000080409c8                DebugMon_Handler
                0x00000000080409c8                FLASH_S_IRQHandler
                0x00000000080409c8                EXTI13_IRQHandler
                0x00000000080409c8                TIM1_CC_IRQHandler
                0x00000000080409c8                TSC_IRQHandler
                0x00000000080409c8                HardFault_Handler
                0x00000000080409c8                TAMP_IRQHandler
                0x00000000080409c8                TIM6_IRQHandler
                0x00000000080409c8                EXTI12_IRQHandler
                0x00000000080409c8                DMA2_Channel8_IRQHandler
                0x00000000080409c8                NMI_Handler
                0x00000000080409c8                EXTI3_IRQHandler
                0x00000000080409c8                EXTI8_IRQHandler
                0x00000000080409c8                LPTIM2_IRQHandler
                0x00000000080409c8                DFSDM1_FLT1_IRQHandler
                0x00000000080409c8                USB_FS_IRQHandler
                0x00000000080409c8                I2C3_ER_IRQHandler
                0x00000000080409c8                DFSDM1_FLT2_IRQHandler
                0x00000000080409c8                DMAMUX1_IRQHandler
                0x00000000080409c8                LPTIM3_IRQHandler
                0x00000000080409c8                EXTI0_IRQHandler
                0x00000000080409c8                I2C2_EV_IRQHandler
                0x00000000080409c8                FPU_IRQHandler
                0x00000000080409c8                FDCAN1_IT1_IRQHandler
                0x00000000080409c8                ADC1_2_IRQHandler
                0x00000000080409c8                SPI1_IRQHandler
                0x00000000080409c8                OCTOSPI1_IRQHandler
                0x00000000080409c8                TIM8_UP_IRQHandler
                0x00000000080409c8                RCC_S_IRQHandler
                0x00000000080409c8                DMA2_Channel2_IRQHandler
                0x00000000080409c8                DMA1_Channel4_IRQHandler
                0x00000000080409c8                SAI2_IRQHandler
                0x00000000080409c8                DFSDM1_FLT3_IRQHandler
                0x00000000080409c8                EXTI15_IRQHandler
                0x00000000080409c8                TIM17_IRQHandler
                0x00000000080409c8                USART3_IRQHandler
                0x00000000080409c8                RTC_IRQHandler
                0x00000000080409c8                EXTI9_IRQHandler
                0x00000000080409c8                DMA1_Channel7_IRQHandler
                0x00000000080409c8                UART5_IRQHandler
                0x00000000080409c8                TIM4_IRQHandler
                0x00000000080409c8                DMA2_Channel1_IRQHandler
                0x00000000080409c8                I2C1_EV_IRQHandler
                0x00000000080409c8                DMA1_Channel6_IRQHandler
                0x00000000080409c8                TIM16_IRQHandler
                0x00000000080409c8                UART4_IRQHandler
                0x00000000080409c8                DMA2_Channel4_IRQHandler
                0x00000000080409c8                SecureFault_Handler
                0x00000000080409c8                TIM3_IRQHandler
                0x00000000080409c8                RCC_IRQHandler
                0x00000000080409c8                TIM1_TRG_COM_IRQHandler
                0x00000000080409c8                DMA1_Channel1_IRQHandler
                0x00000000080409c8                Default_Handler
                0x00000000080409c8                DMA2_Channel7_IRQHandler
                0x00000000080409c8                DMA1_Channel8_IRQHandler
                0x00000000080409c8                TIM7_IRQHandler
                0x00000000080409c8                SDMMC1_IRQHandler
                0x00000000080409c8                TIM5_IRQHandler
                0x00000000080409c8                UCPD1_IRQHandler
                0x00000000080409c8                TIM15_IRQHandler
                0x00000000080409c8                I2C3_EV_IRQHandler
                0x00000000080409c8                PVD_PVM_IRQHandler
                0x00000000080409c8                SPI2_IRQHandler
                0x00000000080409c8                EXTI14_IRQHandler
                0x00000000080409c8                EXTI11_IRQHandler
                0x00000000080409c8                DMA2_Channel5_IRQHandler
                0x00000000080409c8                CRS_IRQHandler
                0x00000000080409c8                DMA1_Channel5_IRQHandler
                0x00000000080409c8                EXTI4_IRQHandler
                0x00000000080409c8                RTC_S_IRQHandler
                0x00000000080409c8                RNG_IRQHandler
                0x00000000080409c8                DMAMUX1_S_IRQHandler
                0x00000000080409c8                DMA1_Channel3_IRQHandler
                0x00000000080409c8                COMP_IRQHandler
                0x00000000080409c8                TIM1_UP_IRQHandler
                0x00000000080409c8                WWDG_IRQHandler
                0x00000000080409c8                I2C4_EV_IRQHandler
                0x00000000080409c8                LPUART1_IRQHandler
                0x00000000080409c8                DMA2_Channel6_IRQHandler
                0x00000000080409c8                FDCAN1_IT0_IRQHandler
                0x00000000080409c8                TIM2_IRQHandler
                0x00000000080409c8                TAMP_S_IRQHandler
                0x00000000080409c8                EXTI7_IRQHandler
                0x00000000080409c8                TIM1_BRK_IRQHandler
                0x00000000080409c8                DAC_IRQHandler
                0x00000000080409c8                EXTI1_IRQHandler
                0x00000000080409c8                GTZC_IRQHandler
                0x00000000080409c8                USART2_IRQHandler
                0x00000000080409c8                DFSDM1_FLT0_IRQHandler
                0x00000000080409c8                I2C2_ER_IRQHandler
                0x00000000080409c8                DMA1_Channel2_IRQHandler
                0x00000000080409c8                TIM8_BRK_IRQHandler
                0x00000000080409c8                FLASH_IRQHandler
                0x00000000080409c8                BusFault_Handler
                0x00000000080409c8                USART1_IRQHandler
                0x00000000080409c8                EXTI10_IRQHandler
                0x00000000080409c8                SPI3_IRQHandler
                0x00000000080409c8                I2C1_ER_IRQHandler
                0x00000000080409c8                FMC_IRQHandler
                0x00000000080409c8                EXTI6_IRQHandler
                0x00000000080409c8                LPTIM1_IRQHandler
                0x00000000080409c8                I2C4_ER_IRQHandler
                0x00000000080409c8                ICACHE_IRQHandler
                0x00000000080409c8                SAI1_IRQHandler
                0x00000000080409c8                HASH_IRQHandler
                0x00000000080409c8                DMA2_Channel3_IRQHandler
 .text.HAL_Init
                0x00000000080409ca       0x34 ./Drivers/STM32L5xx_HAL_Driver/stm32l5xx_hal.o
                0x00000000080409ca                HAL_Init
 *fill*         0x00000000080409fe        0x2 
 .text.HAL_InitTick
                0x0000000008040a00       0x78 ./Drivers/STM32L5xx_HAL_Driver/stm32l5xx_hal.o
                0x0000000008040a00                HAL_InitTick
 .text.HAL_IncTick
                0x0000000008040a78       0x28 ./Drivers/STM32L5xx_HAL_Driver/stm32l5xx_hal.o
                0x0000000008040a78                HAL_IncTick
 .text.__NVIC_SetPriorityGrouping
                0x0000000008040aa0       0x48 ./Drivers/STM32L5xx_HAL_Driver/stm32l5xx_hal_cortex.o
 .text.__NVIC_GetPriorityGrouping
                0x0000000008040ae8       0x1c ./Drivers/STM32L5xx_HAL_Driver/stm32l5xx_hal_cortex.o
 .text.__NVIC_SetPriority
                0x0000000008040b04       0x54 ./Drivers/STM32L5xx_HAL_Driver/stm32l5xx_hal_cortex.o
 .text.NVIC_EncodePriority
                0x0000000008040b58       0x66 ./Drivers/STM32L5xx_HAL_Driver/stm32l5xx_hal_cortex.o
 *fill*         0x0000000008040bbe        0x2 
 .text.SysTick_Config
                0x0000000008040bc0       0x44 ./Drivers/STM32L5xx_HAL_Driver/stm32l5xx_hal_cortex.o
 .text.HAL_NVIC_SetPriorityGrouping
                0x0000000008040c04       0x16 ./Drivers/STM32L5xx_HAL_Driver/stm32l5xx_hal_cortex.o
                0x0000000008040c04                HAL_NVIC_SetPriorityGrouping
 .text.HAL_NVIC_SetPriority
                0x0000000008040c1a       0x34 ./Drivers/STM32L5xx_HAL_Driver/stm32l5xx_hal_cortex.o
                0x0000000008040c1a                HAL_NVIC_SetPriority
 .text.HAL_SYSTICK_Config
                0x0000000008040c4e       0x18 ./Drivers/STM32L5xx_HAL_Driver/stm32l5xx_hal_cortex.o
                0x0000000008040c4e                HAL_SYSTICK_Config
 *fill*         0x0000000008040c66        0x2 
 .text.HAL_GPIO_Init
                0x0000000008040c68      0x300 ./Drivers/STM32L5xx_HAL_Driver/stm32l5xx_hal_gpio.o
                0x0000000008040c68                HAL_GPIO_Init
 .text.HAL_GPIO_WritePin
                0x0000000008040f68       0x30 ./Drivers/STM32L5xx_HAL_Driver/stm32l5xx_hal_gpio.o
                0x0000000008040f68                HAL_GPIO_WritePin
 .text.__libc_init_array
                0x0000000008040f98       0x48 D:/ST/STM32CubeIDE_1.13.1/STM32CubeIDE/plugins/com.st.stm32cube.ide.mcu.externaltools.gnu-tools-for-stm32.11.3.rel1.win32_1.1.0.202305231506/tools/bin/../lib/gcc/arm-none-eabi/11.3.1/../../../../arm-none-eabi/lib/thumb/v8-m.main+fp/hard\libc_nano.a(libc_a-init.o)
                0x0000000008040f98                __libc_init_array
 *(.glue_7)
 .glue_7        0x0000000008040fe0        0x0 linker stubs
 *(.glue_7t)
 .glue_7t       0x0000000008040fe0        0x0 linker stubs
 *(.eh_frame)
 .eh_frame      0x0000000008040fe0        0x0 D:/ST/STM32CubeIDE_1.13.1/STM32CubeIDE/plugins/com.st.stm32cube.ide.mcu.externaltools.gnu-tools-for-stm32.11.3.rel1.win32_1.1.0.202305231506/tools/bin/../lib/gcc/arm-none-eabi/11.3.1/thumb/v8-m.main+fp/hard/crtbegin.o
 *(.init)
 .init          0x0000000008040fe0        0x4 D:/ST/STM32CubeIDE_1.13.1/STM32CubeIDE/plugins/com.st.stm32cube.ide.mcu.externaltools.gnu-tools-for-stm32.11.3.rel1.win32_1.1.0.202305231506/tools/bin/../lib/gcc/arm-none-eabi/11.3.1/thumb/v8-m.main+fp/hard/crti.o
                0x0000000008040fe0                _init
 .init          0x0000000008040fe4        0x8 D:/ST/STM32CubeIDE_1.13.1/STM32CubeIDE/plugins/com.st.stm32cube.ide.mcu.externaltools.gnu-tools-for-stm32.11.3.rel1.win32_1.1.0.202305231506/tools/bin/../lib/gcc/arm-none-eabi/11.3.1/thumb/v8-m.main+fp/hard/crtn.o
 *(.fini)
 .fini          0x0000000008040fec        0x4 D:/ST/STM32CubeIDE_1.13.1/STM32CubeIDE/plugins/com.st.stm32cube.ide.mcu.externaltools.gnu-tools-for-stm32.11.3.rel1.win32_1.1.0.202305231506/tools/bin/../lib/gcc/arm-none-eabi/11.3.1/thumb/v8-m.main+fp/hard/crti.o
                0x0000000008040fec                _fini
 .fini          0x0000000008040ff0        0x8 D:/ST/STM32CubeIDE_1.13.1/STM32CubeIDE/plugins/com.st.stm32cube.ide.mcu.externaltools.gnu-tools-for-stm32.11.3.rel1.win32_1.1.0.202305231506/tools/bin/../lib/gcc/arm-none-eabi/11.3.1/thumb/v8-m.main+fp/hard/crtn.o
 .fini.__stub   0x0000000008040ff8       0x48 linker stubs
                0x0000000008041040                . = ALIGN (0x4)
                0x0000000008041040                _etext = .

.vfp11_veneer   0x0000000008041040        0x0
 .vfp11_veneer  0x0000000008041040        0x0 linker stubs

.v4_bx          0x0000000008041040        0x0
 .v4_bx         0x0000000008041040        0x0 linker stubs

.iplt           0x0000000008041040        0x0
 .iplt          0x0000000008041040        0x0 D:/ST/STM32CubeIDE_1.13.1/STM32CubeIDE/plugins/com.st.stm32cube.ide.mcu.externaltools.gnu-tools-for-stm32.11.3.rel1.win32_1.1.0.202305231506/tools/bin/../lib/gcc/arm-none-eabi/11.3.1/thumb/v8-m.main+fp/hard/crtbegin.o

.rodata         0x0000000008041040       0x10
                0x0000000008041040                . = ALIGN (0x4)
 *(.rodata)
 .rodata        0x0000000008041040       0x10 ./Core/Src/application.o
 *(.rodata*)
                0x0000000008041050                . = ALIGN (0x4)

.rel.dyn        0x0000000008041050        0x0
 .rel.iplt      0x0000000008041050        0x0 D:/ST/STM32CubeIDE_1.13.1/STM32CubeIDE/plugins/com.st.stm32cube.ide.mcu.externaltools.gnu-tools-for-stm32.11.3.rel1.win32_1.1.0.202305231506/tools/bin/../lib/gcc/arm-none-eabi/11.3.1/thumb/v8-m.main+fp/hard/crtbegin.o

.ARM.extab      0x0000000008041050        0x0
                0x0000000008041050                . = ALIGN (0x4)
 *(.ARM.extab* .gnu.linkonce.armextab.*)
                0x0000000008041050                . = ALIGN (0x4)

.ARM            0x0000000008041050        0x0
                0x0000000008041050                . = ALIGN (0x4)
                0x0000000008041050                __exidx_start = .
 *(.ARM.exidx*)
                0x0000000008041050                __exidx_end = .
                0x0000000008041050                . = ALIGN (0x4)

.preinit_array  0x0000000008041050        0x0
                0x0000000008041050                . = ALIGN (0x4)
                0x0000000008041050                PROVIDE (__preinit_array_start = .)
 *(.preinit_array*)
                0x0000000008041050                PROVIDE (__preinit_array_end = .)
                0x0000000008041050                . = ALIGN (0x4)

.init_array     0x0000000008041050        0x4
                0x0000000008041050                . = ALIGN (0x4)
                0x0000000008041050                PROVIDE (__init_array_start = .)
 *(SORT_BY_NAME(.init_array.*))
 *(.init_array*)
 .init_array    0x0000000008041050        0x4 D:/ST/STM32CubeIDE_1.13.1/STM32CubeIDE/plugins/com.st.stm32cube.ide.mcu.externaltools.gnu-tools-for-stm32.11.3.rel1.win32_1.1.0.202305231506/tools/bin/../lib/gcc/arm-none-eabi/11.3.1/thumb/v8-m.main+fp/hard/crtbegin.o
                0x0000000008041054                PROVIDE (__init_array_end = .)
                0x0000000008041054                . = ALIGN (0x4)

.fini_array     0x0000000008041054        0x4
                0x0000000008041054                . = ALIGN (0x4)
                [!provide]                        PROVIDE (__fini_array_start = .)
 *(SORT_BY_NAME(.fini_array.*))
 *(.fini_array*)
 .fini_array    0x0000000008041054        0x4 D:/ST/STM32CubeIDE_1.13.1/STM32CubeIDE/plugins/com.st.stm32cube.ide.mcu.externaltools.gnu-tools-for-stm32.11.3.rel1.win32_1.1.0.202305231506/tools/bin/../lib/gcc/arm-none-eabi/11.3.1/thumb/v8-m.main+fp/hard/crtbegin.o
                [!provide]                        PROVIDE (__fini_array_end = .)
                0x0000000008041058                . = ALIGN (0x4)
                0x0000000008041058                _sidata = LOADADDR (.data)

.data           0x0000000020018000       0x30 load address 0x0000000008041058
                0x0000000020018000                . = ALIGN (0x4)
                0x0000000020018000                _sdata = .
 *(.data)
 *(.data*)
 .data.input    0x0000000020018000       0x21 ./Core/Src/application.o
                0x0000000020018000                input
 *fill*         0x0000000020018021        0x3 
 .data.SystemCoreClock
                0x0000000020018024        0x4 ./Core/Src/system_stm32l5xx_ns.o
                0x0000000020018024                SystemCoreClock
 .data.uwTickPrio
                0x0000000020018028        0x4 ./Drivers/STM32L5xx_HAL_Driver/stm32l5xx_hal.o
                0x0000000020018028                uwTickPrio
 .data.uwTickFreq
                0x000000002001802c        0x1 ./Drivers/STM32L5xx_HAL_Driver/stm32l5xx_hal.o
                0x000000002001802c                uwTickFreq
 *(.RamFunc)
 *(.RamFunc*)
                0x0000000020018030                . = ALIGN (0x4)
 *fill*         0x000000002001802d        0x3 
                0x0000000020018030                _edata = .

.igot.plt       0x0000000020018030        0x0 load address 0x0000000008041088
 .igot.plt      0x0000000020018030        0x0 D:/ST/STM32CubeIDE_1.13.1/STM32CubeIDE/plugins/com.st.stm32cube.ide.mcu.externaltools.gnu-tools-for-stm32.11.3.rel1.win32_1.1.0.202305231506/tools/bin/../lib/gcc/arm-none-eabi/11.3.1/thumb/v8-m.main+fp/hard/crtbegin.o
                0x0000000020018030                . = ALIGN (0x4)

.bss            0x0000000020018030       0x58 load address 0x0000000008041088
                0x0000000020018030                _sbss = .
                0x0000000020018030                __bss_start__ = _sbss
 *(.bss)
 .bss           0x0000000020018030       0x1c D:/ST/STM32CubeIDE_1.13.1/STM32CubeIDE/plugins/com.st.stm32cube.ide.mcu.externaltools.gnu-tools-for-stm32.11.3.rel1.win32_1.1.0.202305231506/tools/bin/../lib/gcc/arm-none-eabi/11.3.1/thumb/v8-m.main+fp/hard/crtbegin.o
 *(.bss*)
 .bss.data      0x000000002001804c       0x10 ./Core/Src/application.o
                0x000000002001804c                data
 .bss.temp_data
                0x000000002001805c        0x5 ./Core/Src/application.o
                0x000000002001805c                temp_data
 .bss.valid_reading
                0x0000000020018061        0x1 ./Core/Src/application.o
                0x0000000020018061                valid_reading
 *fill*         0x0000000020018062        0x2 
 .bss.uwTick    0x0000000020018064        0x4 ./Drivers/STM32L5xx_HAL_Driver/stm32l5xx_hal.o
                0x0000000020018064                uwTick
 *(COMMON)
 COMMON         0x0000000020018068       0x1d ./Core/Src/application.o
                0x0000000020018068                temp_runs
                0x000000002001806c                hum_runs
                0x0000000020018070                ult_runs
                0x0000000020018074                seq_runs
                0x0000000020018078                sensor_action
                0x000000002001807c                send_data
                0x0000000020018080                runs
                0x0000000020018084                cmd
                0x0000000020018088                . = ALIGN (0x4)
 *fill*         0x0000000020018085        0x3 
                0x0000000020018088                _ebss = .
                0x0000000020018088                __bss_end__ = _ebss

._user_heap_stack
                0x0000000020018088      0x600 load address 0x0000000008041088
                0x0000000020018088                . = ALIGN (0x8)
                [!provide]                        PROVIDE (end = .)
                0x0000000020018088                PROVIDE (_end = .)
                0x0000000020018288                . = (. + _Min_Heap_Size)
 *fill*         0x0000000020018088      0x200 
                0x0000000020018688                . = (. + _Min_Stack_Size)
 *fill*         0x0000000020018288      0x400 
                0x0000000020018688                . = ALIGN (0x8)

/DISCARD/
 libc.a(*)
 libm.a(*)
 libgcc.a(*)

.ARM.attributes
                0x0000000000000000       0x36
 *(.ARM.attributes)
 .ARM.attributes
                0x0000000000000000       0x22 D:/ST/STM32CubeIDE_1.13.1/STM32CubeIDE/plugins/com.st.stm32cube.ide.mcu.externaltools.gnu-tools-for-stm32.11.3.rel1.win32_1.1.0.202305231506/tools/bin/../lib/gcc/arm-none-eabi/11.3.1/thumb/v8-m.main+fp/hard/crti.o
 .ARM.attributes
                0x0000000000000022       0x38 D:/ST/STM32CubeIDE_1.13.1/STM32CubeIDE/plugins/com.st.stm32cube.ide.mcu.externaltools.gnu-tools-for-stm32.11.3.rel1.win32_1.1.0.202305231506/tools/bin/../lib/gcc/arm-none-eabi/11.3.1/thumb/v8-m.main+fp/hard/crtbegin.o
 .ARM.attributes
                0x000000000000005a       0x3c ./Core/Src/application.o
 .ARM.attributes
                0x0000000000000096       0x3a ./Core/Src/gpio.o
 .ARM.attributes
                0x00000000000000d0       0x3a ./Core/Src/main.o
 .ARM.attributes
                0x000000000000010a       0x3a ./Core/Src/stm32l5xx_hal_msp.o
 .ARM.attributes
                0x0000000000000144       0x3a ./Core/Src/stm32l5xx_it.o
 .ARM.attributes
                0x000000000000017e       0x3a ./Core/Src/system_stm32l5xx_ns.o
 .ARM.attributes
                0x00000000000001b8       0x24 ./Core/Startup/startup_stm32l552zetxq.o
 .ARM.attributes
                0x00000000000001dc       0x3a ./Drivers/STM32L5xx_HAL_Driver/stm32l5xx_hal.o
 .ARM.attributes
                0x0000000000000216       0x3a ./Drivers/STM32L5xx_HAL_Driver/stm32l5xx_hal_cortex.o
 .ARM.attributes
                0x0000000000000250       0x3a ./Drivers/STM32L5xx_HAL_Driver/stm32l5xx_hal_gpio.o
 .ARM.attributes
                0x000000000000028a       0x38 D:/ST/STM32CubeIDE_1.13.1/STM32CubeIDE/plugins/com.st.stm32cube.ide.mcu.externaltools.gnu-tools-for-stm32.11.3.rel1.win32_1.1.0.202305231506/tools/bin/../lib/gcc/arm-none-eabi/11.3.1/../../../../arm-none-eabi/lib/thumb/v8-m.main+fp/hard\libc_nano.a(libc_a-init.o)
 .ARM.attributes
                0x00000000000002c2       0x22 D:/ST/STM32CubeIDE_1.13.1/STM32CubeIDE/plugins/com.st.stm32cube.ide.mcu.externaltools.gnu-tools-for-stm32.11.3.rel1.win32_1.1.0.202305231506/tools/bin/../lib/gcc/arm-none-eabi/11.3.1/thumb/v8-m.main+fp/hard/crtn.o
OUTPUT(TRACES_NonSecure.elf elf32-littlearm)
LOAD linker stubs
LOAD D:/ST/STM32CubeIDE_1.13.1/STM32CubeIDE/plugins/com.st.stm32cube.ide.mcu.externaltools.gnu-tools-for-stm32.11.3.rel1.win32_1.1.0.202305231506/tools/bin/../lib/gcc/arm-none-eabi/11.3.1/../../../../arm-none-eabi/lib/thumb/v8-m.main+fp/hard\libc.a
LOAD D:/ST/STM32CubeIDE_1.13.1/STM32CubeIDE/plugins/com.st.stm32cube.ide.mcu.externaltools.gnu-tools-for-stm32.11.3.rel1.win32_1.1.0.202305231506/tools/bin/../lib/gcc/arm-none-eabi/11.3.1/../../../../arm-none-eabi/lib/thumb/v8-m.main+fp/hard\libm.a
LOAD D:/ST/STM32CubeIDE_1.13.1/STM32CubeIDE/plugins/com.st.stm32cube.ide.mcu.externaltools.gnu-tools-for-stm32.11.3.rel1.win32_1.1.0.202305231506/tools/bin/../lib/gcc/arm-none-eabi/11.3.1/thumb/v8-m.main+fp/hard\libgcc.a

.comment        0x0000000000000000       0x74
 .comment       0x0000000000000000       0x43 D:/ST/STM32CubeIDE_1.13.1/STM32CubeIDE/plugins/com.st.stm32cube.ide.mcu.externaltools.gnu-tools-for-stm32.11.3.rel1.win32_1.1.0.202305231506/tools/bin/../lib/gcc/arm-none-eabi/11.3.1/thumb/v8-m.main+fp/hard/crtbegin.o
                                         0x44 (size before relaxing)
 .comment       0x0000000000000043       0x31 ./Core/Src/application.o
                                         0x32 (size before relaxing)
 .comment       0x0000000000000074       0x44 ./Core/Src/gpio.o
 .comment       0x0000000000000074       0x44 ./Core/Src/main.o
 .comment       0x0000000000000074       0x44 ./Core/Src/stm32l5xx_hal_msp.o
 .comment       0x0000000000000074       0x44 ./Core/Src/stm32l5xx_it.o
 .comment       0x0000000000000074       0x44 ./Core/Src/system_stm32l5xx_ns.o
 .comment       0x0000000000000074       0x44 ./Drivers/STM32L5xx_HAL_Driver/stm32l5xx_hal.o
 .comment       0x0000000000000074       0x44 ./Drivers/STM32L5xx_HAL_Driver/stm32l5xx_hal_cortex.o
 .comment       0x0000000000000074       0x44 ./Drivers/STM32L5xx_HAL_Driver/stm32l5xx_hal_gpio.o

.debug_line     0x0000000000000000     0x51d9
 .debug_line    0x0000000000000000      0x30d ./Core/Src/application.o
 .debug_line    0x000000000000030d      0x7d0 ./Core/Src/gpio.o
 .debug_line    0x0000000000000add      0x9aa ./Core/Src/main.o
 .debug_line    0x0000000000001487      0x7e2 ./Core/Src/stm32l5xx_hal_msp.o
 .debug_line    0x0000000000001c69      0x80f ./Core/Src/stm32l5xx_it.o
 .debug_line    0x0000000000002478      0x796 ./Core/Src/system_stm32l5xx_ns.o
 .debug_line    0x0000000000002c0e       0x79 ./Core/Startup/startup_stm32l552zetxq.o
 .debug_line    0x0000000000002c87      0xbb1 ./Drivers/STM32L5xx_HAL_Driver/stm32l5xx_hal.o
 .debug_line    0x0000000000003838      0xda9 ./Drivers/STM32L5xx_HAL_Driver/stm32l5xx_hal_cortex.o
 .debug_line    0x00000000000045e1      0xbf8 ./Drivers/STM32L5xx_HAL_Driver/stm32l5xx_hal_gpio.o

.debug_line_str
                0x0000000000000000       0x76
 .debug_line_str
                0x0000000000000000       0x4d ./Core/Src/application.o
                                         0x5b (size before relaxing)
 .debug_line_str
                0x000000000000004d       0x29 ./Core/Startup/startup_stm32l552zetxq.o
                                         0x75 (size before relaxing)

.debug_info     0x0000000000000000     0x3910
 .debug_info    0x0000000000000000       0x23 ./Core/Src/application.o
 .debug_info    0x0000000000000023      0x512 ./Core/Src/gpio.o
 .debug_info    0x0000000000000535      0x2e2 ./Core/Src/main.o
 .debug_info    0x0000000000000817      0xb2d ./Core/Src/stm32l5xx_hal_msp.o
 .debug_info    0x0000000000001344       0xda ./Core/Src/stm32l5xx_it.o
 .debug_info    0x000000000000141e      0x181 ./Core/Src/system_stm32l5xx_ns.o
 .debug_info    0x000000000000159f       0x23 ./Core/Startup/startup_stm32l552zetxq.o
 .debug_info    0x00000000000015c2      0xcf3 ./Drivers/STM32L5xx_HAL_Driver/stm32l5xx_hal.o
 .debug_info    0x00000000000022b5     0x1087 ./Drivers/STM32L5xx_HAL_Driver/stm32l5xx_hal_cortex.o
 .debug_info    0x000000000000333c      0x5d4 ./Drivers/STM32L5xx_HAL_Driver/stm32l5xx_hal_gpio.o

.debug_abbrev   0x0000000000000000      0xe08
 .debug_abbrev  0x0000000000000000       0x12 ./Core/Src/application.o
 .debug_abbrev  0x0000000000000012      0x170 ./Core/Src/gpio.o
 .debug_abbrev  0x0000000000000182      0x1d8 ./Core/Src/main.o
 .debug_abbrev  0x000000000000035a      0x1af ./Core/Src/stm32l5xx_hal_msp.o
 .debug_abbrev  0x0000000000000509       0x73 ./Core/Src/stm32l5xx_it.o
 .debug_abbrev  0x000000000000057c       0xbf ./Core/Src/system_stm32l5xx_ns.o
 .debug_abbrev  0x000000000000063b       0x12 ./Core/Startup/startup_stm32l552zetxq.o
 .debug_abbrev  0x000000000000064d      0x2cd ./Drivers/STM32L5xx_HAL_Driver/stm32l5xx_hal.o
 .debug_abbrev  0x000000000000091a      0x32c ./Drivers/STM32L5xx_HAL_Driver/stm32l5xx_hal_cortex.o
 .debug_abbrev  0x0000000000000c46      0x1c2 ./Drivers/STM32L5xx_HAL_Driver/stm32l5xx_hal_gpio.o

.debug_aranges  0x0000000000000000      0x460
 .debug_aranges
                0x0000000000000000       0x80 ./Core/Src/application.o
 .debug_aranges
                0x0000000000000080       0x20 ./Core/Src/gpio.o
 .debug_aranges
                0x00000000000000a0       0x40 ./Core/Src/main.o
 .debug_aranges
                0x00000000000000e0       0x30 ./Core/Src/stm32l5xx_hal_msp.o
 .debug_aranges
                0x0000000000000110       0x40 ./Core/Src/stm32l5xx_it.o
 .debug_aranges
                0x0000000000000150       0x28 ./Core/Src/system_stm32l5xx_ns.o
 .debug_aranges
                0x0000000000000178       0x28 ./Core/Startup/startup_stm32l552zetxq.o
 .debug_aranges
                0x00000000000001a0      0x130 ./Drivers/STM32L5xx_HAL_Driver/stm32l5xx_hal.o
 .debug_aranges
                0x00000000000002d0      0x130 ./Drivers/STM32L5xx_HAL_Driver/stm32l5xx_hal_cortex.o
 .debug_aranges
                0x0000000000000400       0x60 ./Drivers/STM32L5xx_HAL_Driver/stm32l5xx_hal_gpio.o

.debug_str      0x0000000000000000    0xfed13
 .debug_str     0x0000000000000000       0x59 ./Core/Src/application.o
 .debug_str     0x0000000000000059    0xf9d5b ./Core/Src/gpio.o
                                      0xfa065 (size before relaxing)
 .debug_str     0x00000000000f9db4     0x34f7 ./Core/Src/main.o
                                      0xfd346 (size before relaxing)
 .debug_str     0x00000000000fd2ab      0x60b ./Core/Src/stm32l5xx_hal_msp.o
                                      0xfa5f1 (size before relaxing)
 .debug_str     0x00000000000fd8b6       0x89 ./Core/Src/stm32l5xx_it.o
                                      0xf9e11 (size before relaxing)
 .debug_str     0x00000000000fd93f       0x8e ./Core/Src/system_stm32l5xx_ns.o
                                      0xf9d6b (size before relaxing)
 .debug_str     0x00000000000fd9cd       0x29 ./Core/Startup/startup_stm32l552zetxq.o
                                         0x68 (size before relaxing)
 .debug_str     0x00000000000fd9f6      0xbcf ./Drivers/STM32L5xx_HAL_Driver/stm32l5xx_hal.o
                                      0xfabb1 (size before relaxing)
 .debug_str     0x00000000000fe5c5      0x4ce ./Drivers/STM32L5xx_HAL_Driver/stm32l5xx_hal_cortex.o
                                      0xfa9b8 (size before relaxing)
 .debug_str     0x00000000000fea93      0x280 ./Drivers/STM32L5xx_HAL_Driver/stm32l5xx_hal_gpio.o
                                      0xfa07e (size before relaxing)

.debug_rnglists
                0x0000000000000000      0x31c
 .debug_rnglists
                0x0000000000000000       0x5e ./Core/Src/application.o
 .debug_rnglists
                0x000000000000005e       0x14 ./Core/Src/gpio.o
 .debug_rnglists
                0x0000000000000072       0x2b ./Core/Src/main.o
 .debug_rnglists
                0x000000000000009d       0x1f ./Core/Src/stm32l5xx_hal_msp.o
 .debug_rnglists
                0x00000000000000bc       0x2b ./Core/Src/stm32l5xx_it.o
 .debug_rnglists
                0x00000000000000e7       0x19 ./Core/Src/system_stm32l5xx_ns.o
 .debug_rnglists
                0x0000000000000100       0x19 ./Core/Startup/startup_stm32l552zetxq.o
 .debug_rnglists
                0x0000000000000119       0xdf ./Drivers/STM32L5xx_HAL_Driver/stm32l5xx_hal.o
 .debug_rnglists
                0x00000000000001f8       0xdf ./Drivers/STM32L5xx_HAL_Driver/stm32l5xx_hal_cortex.o
 .debug_rnglists
                0x00000000000002d7       0x45 ./Drivers/STM32L5xx_HAL_Driver/stm32l5xx_hal_gpio.o

.debug_macro    0x0000000000000000    0x27384
 .debug_macro   0x0000000000000000      0x1fd ./Core/Src/gpio.o
 .debug_macro   0x00000000000001fd      0xaae ./Core/Src/gpio.o
 .debug_macro   0x0000000000000cab       0x3a ./Core/Src/gpio.o
 .debug_macro   0x0000000000000ce5      0x190 ./Core/Src/gpio.o
 .debug_macro   0x0000000000000e75       0x2e ./Core/Src/gpio.o
 .debug_macro   0x0000000000000ea3       0x42 ./Core/Src/gpio.o
 .debug_macro   0x0000000000000ee5       0x22 ./Core/Src/gpio.o
 .debug_macro   0x0000000000000f07       0x8e ./Core/Src/gpio.o
 .debug_macro   0x0000000000000f95       0x51 ./Core/Src/gpio.o
 .debug_macro   0x0000000000000fe6      0x103 ./Core/Src/gpio.o
 .debug_macro   0x00000000000010e9       0x6a ./Core/Src/gpio.o
 .debug_macro   0x0000000000001153      0x1df ./Core/Src/gpio.o
 .debug_macro   0x0000000000001332       0x1c ./Core/Src/gpio.o
 .debug_macro   0x000000000000134e       0x29 ./Core/Src/gpio.o
 .debug_macro   0x0000000000001377       0xfb ./Core/Src/gpio.o
 .debug_macro   0x0000000000001472     0x1336 ./Core/Src/gpio.o
 .debug_macro   0x00000000000027a8       0x5e ./Core/Src/gpio.o
 .debug_macro   0x0000000000002806    0x1ac8f ./Core/Src/gpio.o
 .debug_macro   0x000000000001d495       0x42 ./Core/Src/gpio.o
 .debug_macro   0x000000000001d4d7     0x34df ./Core/Src/gpio.o
 .debug_macro   0x00000000000209b6      0x174 ./Core/Src/gpio.o
 .debug_macro   0x0000000000020b2a       0x5c ./Core/Src/gpio.o
 .debug_macro   0x0000000000020b86     0x1948 ./Core/Src/gpio.o
 .debug_macro   0x00000000000224ce      0xa4b ./Core/Src/gpio.o
 .debug_macro   0x0000000000022f19      0x153 ./Core/Src/gpio.o
 .debug_macro   0x000000000002306c      0x1d9 ./Core/Src/gpio.o
 .debug_macro   0x0000000000023245      0x4e1 ./Core/Src/gpio.o
 .debug_macro   0x0000000000023726      0x1ac ./Core/Src/gpio.o
 .debug_macro   0x00000000000238d2       0x4a ./Core/Src/gpio.o
 .debug_macro   0x000000000002391c      0x1ba ./Core/Src/gpio.o
 .debug_macro   0x0000000000023ad6      0x231 ./Core/Src/gpio.o
 .debug_macro   0x0000000000023d07      0x3bb ./Core/Src/gpio.o
 .debug_macro   0x00000000000240c2       0x36 ./Core/Src/gpio.o
 .debug_macro   0x00000000000240f8      0x11c ./Core/Src/gpio.o
 .debug_macro   0x0000000000024214      0x22c ./Core/Src/gpio.o
 .debug_macro   0x0000000000024440       0x5b ./Core/Src/gpio.o
 .debug_macro   0x000000000002449b       0xa5 ./Core/Src/gpio.o
 .debug_macro   0x0000000000024540       0xf3 ./Core/Src/gpio.o
 .debug_macro   0x0000000000024633      0x199 ./Core/Src/gpio.o
 .debug_macro   0x00000000000247cc      0x487 ./Core/Src/gpio.o
 .debug_macro   0x0000000000024c53      0xa98 ./Core/Src/gpio.o
 .debug_macro   0x00000000000256eb      0x186 ./Core/Src/gpio.o
 .debug_macro   0x0000000000025871      0x3f1 ./Core/Src/gpio.o
 .debug_macro   0x0000000000025c62      0x2eb ./Core/Src/main.o
 .debug_macro   0x0000000000025f4d       0x64 ./Core/Src/main.o
 .debug_macro   0x0000000000025fb1       0x61 ./Core/Src/main.o
 .debug_macro   0x0000000000026012       0x2a ./Core/Src/main.o
 .debug_macro   0x000000000002603c       0x43 ./Core/Src/main.o
 .debug_macro   0x000000000002607f       0x34 ./Core/Src/main.o
 .debug_macro   0x00000000000260b3       0x16 ./Core/Src/main.o
 .debug_macro   0x00000000000260c9       0x43 ./Core/Src/main.o
 .debug_macro   0x000000000002610c       0x34 ./Core/Src/main.o
 .debug_macro   0x0000000000026140       0x10 ./Core/Src/main.o
 .debug_macro   0x0000000000026150       0x58 ./Core/Src/main.o
 .debug_macro   0x00000000000261a8       0x8e ./Core/Src/main.o
 .debug_macro   0x0000000000026236       0x1c ./Core/Src/main.o
 .debug_macro   0x0000000000026252      0x177 ./Core/Src/main.o
 .debug_macro   0x00000000000263c9      0x369 ./Core/Src/main.o
 .debug_macro   0x0000000000026732       0x10 ./Core/Src/main.o
 .debug_macro   0x0000000000026742       0x35 ./Core/Src/main.o
 .debug_macro   0x0000000000026777       0x20 ./Core/Src/main.o
 .debug_macro   0x0000000000026797       0x32 ./Core/Src/main.o
 .debug_macro   0x00000000000267c9      0x1ef ./Core/Src/stm32l5xx_hal_msp.o
 .debug_macro   0x00000000000269b8      0x1f9 ./Core/Src/stm32l5xx_it.o
 .debug_macro   0x0000000000026bb1      0x1dc ./Core/Src/system_stm32l5xx_ns.o
 .debug_macro   0x0000000000026d8d      0x20c ./Drivers/STM32L5xx_HAL_Driver/stm32l5xx_hal.o
 .debug_macro   0x0000000000026f99      0x1dc ./Drivers/STM32L5xx_HAL_Driver/stm32l5xx_hal_cortex.o
 .debug_macro   0x0000000000027175      0x20f ./Drivers/STM32L5xx_HAL_Driver/stm32l5xx_hal_gpio.o

.debug_frame    0x0000000000000000      0xd8c
 .debug_frame   0x0000000000000000       0x34 ./Core/Src/gpio.o
 .debug_frame   0x0000000000000034       0x9c ./Core/Src/main.o
 .debug_frame   0x00000000000000d0       0x88 ./Core/Src/stm32l5xx_hal_msp.o
 .debug_frame   0x0000000000000158       0x9c ./Core/Src/stm32l5xx_it.o
 .debug_frame   0x00000000000001f4       0x4c ./Core/Src/system_stm32l5xx_ns.o
 .debug_frame   0x0000000000000240      0x4a4 ./Drivers/STM32L5xx_HAL_Driver/stm32l5xx_hal.o
 .debug_frame   0x00000000000006e4      0x508 ./Drivers/STM32L5xx_HAL_Driver/stm32l5xx_hal_cortex.o
 .debug_frame   0x0000000000000bec      0x174 ./Drivers/STM32L5xx_HAL_Driver/stm32l5xx_hal_gpio.o
 .debug_frame   0x0000000000000d60       0x2c D:/ST/STM32CubeIDE_1.13.1/STM32CubeIDE/plugins/com.st.stm32cube.ide.mcu.externaltools.gnu-tools-for-stm32.11.3.rel1.win32_1.1.0.202305231506/tools/bin/../lib/gcc/arm-none-eabi/11.3.1/../../../../arm-none-eabi/lib/thumb/v8-m.main+fp/hard\libc_nano.a(libc_a-init.o)
