Archive member included to satisfy reference by file (symbol)

/opt/st/stm32cubeide_1.9.0/plugins/com.st.stm32cube.ide.mcu.externaltools.gnu-tools-for-stm32.10.3-2021.10.linux64_1.0.0.202111181127/tools/bin/../lib/gcc/arm-none-eabi/10.3.1/../../../../arm-none-eabi/lib/thumb/v8-m.main+fp/hard/libc_nano.a(lib_a-errno.o)
                              ./Core/Src/syscalls.o (__errno)
/opt/st/stm32cubeide_1.9.0/plugins/com.st.stm32cube.ide.mcu.externaltools.gnu-tools-for-stm32.10.3-2021.10.linux64_1.0.0.202111181127/tools/bin/../lib/gcc/arm-none-eabi/10.3.1/../../../../arm-none-eabi/lib/thumb/v8-m.main+fp/hard/libc_nano.a(lib_a-exit.o)
                              /opt/st/stm32cubeide_1.9.0/plugins/com.st.stm32cube.ide.mcu.externaltools.gnu-tools-for-stm32.10.3-2021.10.linux64_1.0.0.202111181127/tools/bin/../lib/gcc/arm-none-eabi/10.3.1/../../../../arm-none-eabi/lib/thumb/v8-m.main+fp/hard/crt0.o (exit)
/opt/st/stm32cubeide_1.9.0/plugins/com.st.stm32cube.ide.mcu.externaltools.gnu-tools-for-stm32.10.3-2021.10.linux64_1.0.0.202111181127/tools/bin/../lib/gcc/arm-none-eabi/10.3.1/../../../../arm-none-eabi/lib/thumb/v8-m.main+fp/hard/libc_nano.a(lib_a-impure.o)
                              /opt/st/stm32cubeide_1.9.0/plugins/com.st.stm32cube.ide.mcu.externaltools.gnu-tools-for-stm32.10.3-2021.10.linux64_1.0.0.202111181127/tools/bin/../lib/gcc/arm-none-eabi/10.3.1/../../../../arm-none-eabi/lib/thumb/v8-m.main+fp/hard/libc_nano.a(lib_a-exit.o) (_global_impure_ptr)
/opt/st/stm32cubeide_1.9.0/plugins/com.st.stm32cube.ide.mcu.externaltools.gnu-tools-for-stm32.10.3-2021.10.linux64_1.0.0.202111181127/tools/bin/../lib/gcc/arm-none-eabi/10.3.1/../../../../arm-none-eabi/lib/thumb/v8-m.main+fp/hard/libc_nano.a(lib_a-init.o)
                              /opt/st/stm32cubeide_1.9.0/plugins/com.st.stm32cube.ide.mcu.externaltools.gnu-tools-for-stm32.10.3-2021.10.linux64_1.0.0.202111181127/tools/bin/../lib/gcc/arm-none-eabi/10.3.1/../../../../arm-none-eabi/lib/thumb/v8-m.main+fp/hard/crt0.o (__libc_init_array)
/opt/st/stm32cubeide_1.9.0/plugins/com.st.stm32cube.ide.mcu.externaltools.gnu-tools-for-stm32.10.3-2021.10.linux64_1.0.0.202111181127/tools/bin/../lib/gcc/arm-none-eabi/10.3.1/../../../../arm-none-eabi/lib/thumb/v8-m.main+fp/hard/libc_nano.a(lib_a-memset.o)
                              /opt/st/stm32cubeide_1.9.0/plugins/com.st.stm32cube.ide.mcu.externaltools.gnu-tools-for-stm32.10.3-2021.10.linux64_1.0.0.202111181127/tools/bin/../lib/gcc/arm-none-eabi/10.3.1/../../../../arm-none-eabi/lib/thumb/v8-m.main+fp/hard/crt0.o (memset)

Discarded input sections

 .text          0x0000000000000000        0x0 /opt/st/stm32cubeide_1.9.0/plugins/com.st.stm32cube.ide.mcu.externaltools.gnu-tools-for-stm32.10.3-2021.10.linux64_1.0.0.202111181127/tools/bin/../lib/gcc/arm-none-eabi/10.3.1/thumb/v8-m.main+fp/hard/crti.o
 .data          0x0000000000000000        0x0 /opt/st/stm32cubeide_1.9.0/plugins/com.st.stm32cube.ide.mcu.externaltools.gnu-tools-for-stm32.10.3-2021.10.linux64_1.0.0.202111181127/tools/bin/../lib/gcc/arm-none-eabi/10.3.1/thumb/v8-m.main+fp/hard/crti.o
 .bss           0x0000000000000000        0x0 /opt/st/stm32cubeide_1.9.0/plugins/com.st.stm32cube.ide.mcu.externaltools.gnu-tools-for-stm32.10.3-2021.10.linux64_1.0.0.202111181127/tools/bin/../lib/gcc/arm-none-eabi/10.3.1/thumb/v8-m.main+fp/hard/crti.o
 .data          0x0000000000000000        0x4 /opt/st/stm32cubeide_1.9.0/plugins/com.st.stm32cube.ide.mcu.externaltools.gnu-tools-for-stm32.10.3-2021.10.linux64_1.0.0.202111181127/tools/bin/../lib/gcc/arm-none-eabi/10.3.1/thumb/v8-m.main+fp/hard/crtbegin.o
 .rodata        0x0000000000000000       0x24 /opt/st/stm32cubeide_1.9.0/plugins/com.st.stm32cube.ide.mcu.externaltools.gnu-tools-for-stm32.10.3-2021.10.linux64_1.0.0.202111181127/tools/bin/../lib/gcc/arm-none-eabi/10.3.1/thumb/v8-m.main+fp/hard/crtbegin.o
 .text          0x0000000000000000       0x7c /opt/st/stm32cubeide_1.9.0/plugins/com.st.stm32cube.ide.mcu.externaltools.gnu-tools-for-stm32.10.3-2021.10.linux64_1.0.0.202111181127/tools/bin/../lib/gcc/arm-none-eabi/10.3.1/../../../../arm-none-eabi/lib/thumb/v8-m.main+fp/hard/crt0.o
 .data          0x0000000000000000        0x0 /opt/st/stm32cubeide_1.9.0/plugins/com.st.stm32cube.ide.mcu.externaltools.gnu-tools-for-stm32.10.3-2021.10.linux64_1.0.0.202111181127/tools/bin/../lib/gcc/arm-none-eabi/10.3.1/../../../../arm-none-eabi/lib/thumb/v8-m.main+fp/hard/crt0.o
 .bss           0x0000000000000000        0x0 /opt/st/stm32cubeide_1.9.0/plugins/com.st.stm32cube.ide.mcu.externaltools.gnu-tools-for-stm32.10.3-2021.10.linux64_1.0.0.202111181127/tools/bin/../lib/gcc/arm-none-eabi/10.3.1/../../../../arm-none-eabi/lib/thumb/v8-m.main+fp/hard/crt0.o
 .ARM.extab     0x0000000000000000        0x0 /opt/st/stm32cubeide_1.9.0/plugins/com.st.stm32cube.ide.mcu.externaltools.gnu-tools-for-stm32.10.3-2021.10.linux64_1.0.0.202111181127/tools/bin/../lib/gcc/arm-none-eabi/10.3.1/../../../../arm-none-eabi/lib/thumb/v8-m.main+fp/hard/crt0.o
[...]
Memory Configuration

Name             Origin             Length             Attributes
RAM              0x0000000020018000 0x0000000000028000 xrw
FLASH            0x0000000008040000 0x0000000000040000 xr
*default*        0x0000000000000000 0xffffffffffffffff

Linker script and memory map

LOAD /opt/st/stm32cubeide_1.9.0/plugins/com.st.stm32cube.ide.mcu.externaltools.gnu-tools-for-stm32.10.3-2021.10.linux64_1.0.0.202111181127/tools/bin/../lib/gcc/arm-none-eabi/10.3.1/thumb/v8-m.main+fp/hard/crti.o
LOAD /opt/st/stm32cubeide_1.9.0/plugins/com.st.stm32cube.ide.mcu.externaltools.gnu-tools-for-stm32.10.3-2021.10.linux64_1.0.0.202111181127/tools/bin/../lib/gcc/arm-none-eabi/10.3.1/thumb/v8-m.main+fp/hard/crtbegin.o
LOAD /opt/st/stm32cubeide_1.9.0/plugins/com.st.stm32cube.ide.mcu.externaltools.gnu-tools-for-stm32.10.3-2021.10.linux64_1.0.0.202111181127/tools/bin/../lib/gcc/arm-none-eabi/10.3.1/../../../../arm-none-eabi/lib/thumb/v8-m.main+fp/hard/crt0.o
LOAD ./Core/Src/application.o
LOAD ./Core/Src/gpio.o
LOAD ./Core/Src/main.o
LOAD ./Core/Src/stm32l5xx_hal_msp.o
LOAD ./Core/Src/stm32l5xx_it.o
LOAD ./Core/Src/syscalls.o
LOAD ./Core/Src/sysmem.o
LOAD ./Core/Src/system_stm32l5xx_ns.o
LOAD ./Core/Startup/startup_stm32l552zetxq.o
LOAD ./Drivers/STM32L5xx_HAL_Driver/stm32l5xx_hal.o
LOAD ./Drivers/STM32L5xx_HAL_Driver/stm32l5xx_hal_cortex.o
LOAD ./Drivers/STM32L5xx_HAL_Driver/stm32l5xx_hal_dma.o
LOAD ./Drivers/STM32L5xx_HAL_Driver/stm32l5xx_hal_dma_ex.o
LOAD ./Drivers/STM32L5xx_HAL_Driver/stm32l5xx_hal_exti.o
LOAD ./Drivers/STM32L5xx_HAL_Driver/stm32l5xx_hal_flash.o
LOAD ./Drivers/STM32L5xx_HAL_Driver/stm32l5xx_hal_flash_ex.o
LOAD ./Drivers/STM32L5xx_HAL_Driver/stm32l5xx_hal_flash_ramfunc.o
LOAD ./Drivers/STM32L5xx_HAL_Driver/stm32l5xx_hal_gpio.o
LOAD ./Drivers/STM32L5xx_HAL_Driver/stm32l5xx_hal_i2c.o
LOAD ./Drivers/STM32L5xx_HAL_Driver/stm32l5xx_hal_i2c_ex.o
LOAD ./Drivers/STM32L5xx_HAL_Driver/stm32l5xx_hal_icache.o
LOAD ./Drivers/STM32L5xx_HAL_Driver/stm32l5xx_hal_pwr.o
LOAD ./Drivers/STM32L5xx_HAL_Driver/stm32l5xx_hal_pwr_ex.o
LOAD ./Drivers/STM32L5xx_HAL_Driver/stm32l5xx_hal_rcc.o
LOAD ./Drivers/STM32L5xx_HAL_Driver/stm32l5xx_hal_rcc_ex.o
LOAD ./Drivers/STM32L5xx_HAL_Driver/stm32l5xx_hal_tim.o
LOAD ./Drivers/STM32L5xx_HAL_Driver/stm32l5xx_hal_tim_ex.o
LOAD ./Drivers/STM32L5xx_HAL_Driver/stm32l5xx_hal_uart.o
LOAD ./Drivers/STM32L5xx_HAL_Driver/stm32l5xx_hal_uart_ex.o
LOAD /home/ac7717/Documents/TRACES/prv/Secure/Debug/secure_nsclib.o
START GROUP
LOAD /opt/st/stm32cubeide_1.9.0/plugins/com.st.stm32cube.ide.mcu.externaltools.gnu-tools-for-stm32.10.3-2021.10.linux64_1.0.0.202111181127/tools/bin/../lib/gcc/arm-none-eabi/10.3.1/../../../../arm-none-eabi/lib/thumb/v8-m.main+fp/hard/libc_nano.a
LOAD /opt/st/stm32cubeide_1.9.0/plugins/com.st.stm32cube.ide.mcu.externaltools.gnu-tools-for-stm32.10.3-2021.10.linux64_1.0.0.202111181127/tools/bin/../lib/gcc/arm-none-eabi/10.3.1/../../../../arm-none-eabi/lib/thumb/v8-m.main+fp/hard/libm.a
END GROUP
START GROUP
LOAD /opt/st/stm32cubeide_1.9.0/plugins/com.st.stm32cube.ide.mcu.externaltools.gnu-tools-for-stm32.10.3-2021.10.linux64_1.0.0.202111181127/tools/bin/../lib/gcc/arm-none-eabi/10.3.1/thumb/v8-m.main+fp/hard/libgcc.a
LOAD /opt/st/stm32cubeide_1.9.0/plugins/com.st.stm32cube.ide.mcu.externaltools.gnu-tools-for-stm32.10.3-2021.10.linux64_1.0.0.202111181127/tools/bin/../lib/gcc/arm-none-eabi/10.3.1/../../../../arm-none-eabi/lib/thumb/v8-m.main+fp/hard/libc_nano.a
END GROUP
START GROUP
LOAD /opt/st/stm32cubeide_1.9.0/plugins/com.st.stm32cube.ide.mcu.externaltools.gnu-tools-for-stm32.10.3-2021.10.linux64_1.0.0.202111181127/tools/bin/../lib/gcc/arm-none-eabi/10.3.1/thumb/v8-m.main+fp/hard/libgcc.a
LOAD /opt/st/stm32cubeide_1.9.0/plugins/com.st.stm32cube.ide.mcu.externaltools.gnu-tools-for-stm32.10.3-2021.10.linux64_1.0.0.202111181127/tools/bin/../lib/gcc/arm-none-eabi/10.3.1/../../../../arm-none-eabi/lib/thumb/v8-m.main+fp/hard/libc_nano.a
LOAD /opt/st/stm32cubeide_1.9.0/plugins/com.st.stm32cube.ide.mcu.externaltools.gnu-tools-for-stm32.10.3-2021.10.linux64_1.0.0.202111181127/tools/bin/../lib/gcc/arm-none-eabi/10.3.1/../../../../arm-none-eabi/lib/thumb/v8-m.main+fp/hard/libnosys.a
END GROUP
START GROUP
LOAD /opt/st/stm32cubeide_1.9.0/plugins/com.st.stm32cube.ide.mcu.externaltools.gnu-tools-for-stm32.10.3-2021.10.linux64_1.0.0.202111181127/tools/bin/../lib/gcc/arm-none-eabi/10.3.1/thumb/v8-m.main+fp/hard/libgcc.a
LOAD /opt/st/stm32cubeide_1.9.0/plugins/com.st.stm32cube.ide.mcu.externaltools.gnu-tools-for-stm32.10.3-2021.10.linux64_1.0.0.202111181127/tools/bin/../lib/gcc/arm-none-eabi/10.3.1/../../../../arm-none-eabi/lib/thumb/v8-m.main+fp/hard/libc_nano.a
LOAD /opt/st/stm32cubeide_1.9.0/plugins/com.st.stm32cube.ide.mcu.externaltools.gnu-tools-for-stm32.10.3-2021.10.linux64_1.0.0.202111181127/tools/bin/../lib/gcc/arm-none-eabi/10.3.1/../../../../arm-none-eabi/lib/thumb/v8-m.main+fp/hard/libnosys.a
END GROUP
LOAD /opt/st/stm32cubeide_1.9.0/plugins/com.st.stm32cube.ide.mcu.externaltools.gnu-tools-for-stm32.10.3-2021.10.linux64_1.0.0.202111181127/tools/bin/../lib/gcc/arm-none-eabi/10.3.1/thumb/v8-m.main+fp/hard/crtend.o
LOAD /opt/st/stm32cubeide_1.9.0/plugins/com.st.stm32cube.ide.mcu.externaltools.gnu-tools-for-stm32.10.3-2021.10.linux64_1.0.0.202111181127/tools/bin/../lib/gcc/arm-none-eabi/10.3.1/thumb/v8-m.main+fp/hard/crtn.o
                0x0000000020040000                _estack = (ORIGIN (RAM) + LENGTH (RAM))
                0x0000000000000200                _Min_Heap_Size = 0x200
                0x0000000000000400                _Min_Stack_Size = 0x400

.isr_vector     0x0000000008040000      0x1f4
                0x0000000008040000                . = ALIGN (0x4)
 *(.isr_vector)
 .isr_vector    0x0000000008040000      0x1f4 ./Core/Startup/startup_stm32l552zetxq.o
                0x0000000008040000                g_pfnVectors
                0x00000000080401f4                . = ALIGN (0x4)

.text           0x00000000080401f8      0x9e8
                0x00000000080401f8                . = ALIGN (0x4)
 *(.text)
 .text          0x00000000080401f8       0x40 /opt/st/stm32cubeide_1.9.0/plugins/com.st.stm32cube.ide.mcu.externaltools.gnu-tools-for-stm32.10.3-2021.10.linux64_1.0.0.202111181127/tools/bin/../lib/gcc/arm-none-eabi/10.3.1/thumb/v8-m.main+fp/hard/crtbegin.o
 *(.text*)
 .text.delay    0x0000000008040238       0x30 ./Core/Src/application.o
                0x0000000008040238                delay
 .text.pulseIn  0x0000000008040268       0x4c ./Core/Src/application.o
                0x0000000008040268                pulseIn
 .text.getUltrasonicReading
                0x00000000080402b4       0x44 ./Core/Src/application.o
                0x00000000080402b4                getUltrasonicReading
 .text.application
                0x00000000080402f8       0x22 ./Core/Src/application.o
                0x00000000080402f8                application
 *fill*         0x000000000804031a        0x2 
 .text.MX_GPIO_Init
                0x000000000804031c       0xc4 ./Core/Src/gpio.o
                0x000000000804031c                MX_GPIO_Init
 .text.SecureFault_Callback
                0x00000000080403e0       0x1c ./Core/Src/main.o
                0x00000000080403e0                SecureFault_Callback
 .text.SecureError_Callback
                0x00000000080403fc       0x1c ./Core/Src/main.o
                0x00000000080403fc                SecureError_Callback
 .text.main     0x0000000008040418       0x38 ./Core/Src/main.o
                0x0000000008040418                main
 .text.Error_Handler
                0x0000000008040450        0xa ./Core/Src/main.o
                0x0000000008040450                Error_Handler
 *fill*         0x000000000804045a        0x2 
 .text.HAL_MspInit
                0x000000000804045c       0x48 ./Core/Src/stm32l5xx_hal_msp.o
                0x000000000804045c                HAL_MspInit
 .text.MemManage_Handler
                0x00000000080404a4        0x6 ./Core/Src/stm32l5xx_it.o
                0x00000000080404a4                MemManage_Handler
 .text.UsageFault_Handler
                0x00000000080404aa        0x6 ./Core/Src/stm32l5xx_it.o
                0x00000000080404aa                UsageFault_Handler
 .text.SVC_Handler
                0x00000000080404b0        0xe ./Core/Src/stm32l5xx_it.o
                0x00000000080404b0                SVC_Handler
 .text.PendSV_Handler
                0x00000000080404be        0xe ./Core/Src/stm32l5xx_it.o
                0x00000000080404be                PendSV_Handler
 .text.SysTick_Handler
                0x00000000080404cc        0xc ./Core/Src/stm32l5xx_it.o
                0x00000000080404cc                SysTick_Handler
 .text.SystemInit
                0x00000000080404d8        0xe ./Core/Src/system_stm32l5xx_ns.o
                0x00000000080404d8                SystemInit
 *fill*         0x00000000080404e6        0x2 
 .text.SystemCoreClockUpdate
                0x00000000080404e8       0x18 ./Core/Src/system_stm32l5xx_ns.o
                0x00000000080404e8                SystemCoreClockUpdate
 .text.Reset_Handler
                0x0000000008040500       0x50 ./Core/Startup/startup_stm32l552zetxq.o
                0x0000000008040500                Reset_Handler
 .text.Default_Handler
                0x0000000008040550        0x2 ./Core/Startup/startup_stm32l552zetxq.o
                0x0000000008040550                EXTI2_IRQHandler
                0x0000000008040550                TIM8_TRG_COM_IRQHandler
                0x0000000008040550                TIM8_CC_IRQHandler
                0x0000000008040550                EXTI5_IRQHandler
                0x0000000008040550                DebugMon_Handler
                0x0000000008040550                FLASH_S_IRQHandler
                0x0000000008040550                EXTI13_IRQHandler
                0x0000000008040550                TIM1_CC_IRQHandler
                0x0000000008040550                TSC_IRQHandler
                0x0000000008040550                HardFault_Handler
                0x0000000008040550                TAMP_IRQHandler
                0x0000000008040550                TIM6_IRQHandler
                0x0000000008040550                EXTI12_IRQHandler
                0x0000000008040550                DMA2_Channel8_IRQHandler
                0x0000000008040550                NMI_Handler
                0x0000000008040550                EXTI3_IRQHandler
                0x0000000008040550                EXTI8_IRQHandler
                0x0000000008040550                LPTIM2_IRQHandler
                0x0000000008040550                DFSDM1_FLT1_IRQHandler
                0x0000000008040550                USB_FS_IRQHandler
                0x0000000008040550                I2C3_ER_IRQHandler
                0x0000000008040550                DFSDM1_FLT2_IRQHandler
                0x0000000008040550                DMAMUX1_IRQHandler
                0x0000000008040550                LPTIM3_IRQHandler
                0x0000000008040550                EXTI0_IRQHandler
                0x0000000008040550                I2C2_EV_IRQHandler
                0x0000000008040550                FPU_IRQHandler
                0x0000000008040550                FDCAN1_IT1_IRQHandler
                0x0000000008040550                ADC1_2_IRQHandler
                0x0000000008040550                SPI1_IRQHandler
                0x0000000008040550                OCTOSPI1_IRQHandler
                0x0000000008040550                TIM8_UP_IRQHandler
                0x0000000008040550                RCC_S_IRQHandler
                0x0000000008040550                DMA2_Channel2_IRQHandler
                0x0000000008040550                DMA1_Channel4_IRQHandler
                0x0000000008040550                SAI2_IRQHandler
                0x0000000008040550                DFSDM1_FLT3_IRQHandler
                0x0000000008040550                EXTI15_IRQHandler
                0x0000000008040550                TIM17_IRQHandler
                0x0000000008040550                USART3_IRQHandler
                0x0000000008040550                RTC_IRQHandler
                0x0000000008040550                EXTI9_IRQHandler
                0x0000000008040550                DMA1_Channel7_IRQHandler
                0x0000000008040550                UART5_IRQHandler
                0x0000000008040550                TIM4_IRQHandler
                0x0000000008040550                DMA2_Channel1_IRQHandler
                0x0000000008040550                I2C1_EV_IRQHandler
                0x0000000008040550                DMA1_Channel6_IRQHandler
                0x0000000008040550                TIM16_IRQHandler
                0x0000000008040550                UART4_IRQHandler
                0x0000000008040550                DMA2_Channel4_IRQHandler
                0x0000000008040550                SecureFault_Handler
                0x0000000008040550                TIM3_IRQHandler
                0x0000000008040550                RCC_IRQHandler
                0x0000000008040550                TIM1_TRG_COM_IRQHandler
                0x0000000008040550                DMA1_Channel1_IRQHandler
                0x0000000008040550                Default_Handler
                0x0000000008040550                DMA2_Channel7_IRQHandler
                0x0000000008040550                DMA1_Channel8_IRQHandler
                0x0000000008040550                TIM7_IRQHandler
                0x0000000008040550                SDMMC1_IRQHandler
                0x0000000008040550                TIM5_IRQHandler
                0x0000000008040550                UCPD1_IRQHandler
                0x0000000008040550                TIM15_IRQHandler
                0x0000000008040550                I2C3_EV_IRQHandler
                0x0000000008040550                PVD_PVM_IRQHandler
                0x0000000008040550                SPI2_IRQHandler
                0x0000000008040550                EXTI14_IRQHandler
                0x0000000008040550                EXTI11_IRQHandler
                0x0000000008040550                DMA2_Channel5_IRQHandler
                0x0000000008040550                CRS_IRQHandler
                0x0000000008040550                DMA1_Channel5_IRQHandler
                0x0000000008040550                EXTI4_IRQHandler
                0x0000000008040550                RTC_S_IRQHandler
                0x0000000008040550                RNG_IRQHandler
                0x0000000008040550                DMAMUX1_S_IRQHandler
                0x0000000008040550                DMA1_Channel3_IRQHandler
                0x0000000008040550                COMP_IRQHandler
                0x0000000008040550                TIM1_UP_IRQHandler
                0x0000000008040550                WWDG_IRQHandler
                0x0000000008040550                I2C4_EV_IRQHandler
                0x0000000008040550                LPUART1_IRQHandler
                0x0000000008040550                DMA2_Channel6_IRQHandler
                0x0000000008040550                FDCAN1_IT0_IRQHandler
                0x0000000008040550                TIM2_IRQHandler
                0x0000000008040550                TAMP_S_IRQHandler
                0x0000000008040550                EXTI7_IRQHandler
                0x0000000008040550                TIM1_BRK_IRQHandler
                0x0000000008040550                DAC_IRQHandler
                0x0000000008040550                EXTI1_IRQHandler
                0x0000000008040550                GTZC_IRQHandler
                0x0000000008040550                USART2_IRQHandler
                0x0000000008040550                DFSDM1_FLT0_IRQHandler
                0x0000000008040550                I2C2_ER_IRQHandler
                0x0000000008040550                DMA1_Channel2_IRQHandler
                0x0000000008040550                TIM8_BRK_IRQHandler
                0x0000000008040550                FLASH_IRQHandler
                0x0000000008040550                BusFault_Handler
                0x0000000008040550                USART1_IRQHandler
                0x0000000008040550                EXTI10_IRQHandler
                0x0000000008040550                SPI3_IRQHandler
                0x0000000008040550                I2C1_ER_IRQHandler
                0x0000000008040550                FMC_IRQHandler
                0x0000000008040550                EXTI6_IRQHandler
                0x0000000008040550                LPTIM1_IRQHandler
                0x0000000008040550                I2C4_ER_IRQHandler
                0x0000000008040550                ICACHE_IRQHandler
                0x0000000008040550                SAI1_IRQHandler
                0x0000000008040550                HASH_IRQHandler
                0x0000000008040550                DMA2_Channel3_IRQHandler
 .text.HAL_Init
                0x0000000008040552       0x34 ./Drivers/STM32L5xx_HAL_Driver/stm32l5xx_hal.o
                0x0000000008040552                HAL_Init
 *fill*         0x0000000008040586        0x2 
 .text.HAL_InitTick
                0x0000000008040588       0x78 ./Drivers/STM32L5xx_HAL_Driver/stm32l5xx_hal.o
                0x0000000008040588                HAL_InitTick
 .text.HAL_IncTick
                0x0000000008040600       0x28 ./Drivers/STM32L5xx_HAL_Driver/stm32l5xx_hal.o
                0x0000000008040600                HAL_IncTick
 .text.__NVIC_SetPriorityGrouping
                0x0000000008040628       0x48 ./Drivers/STM32L5xx_HAL_Driver/stm32l5xx_hal_cortex.o
 .text.__NVIC_GetPriorityGrouping
                0x0000000008040670       0x1c ./Drivers/STM32L5xx_HAL_Driver/stm32l5xx_hal_cortex.o
 .text.__NVIC_SetPriority
                0x000000000804068c       0x54 ./Drivers/STM32L5xx_HAL_Driver/stm32l5xx_hal_cortex.o
 .text.NVIC_EncodePriority
                0x00000000080406e0       0x66 ./Drivers/STM32L5xx_HAL_Driver/stm32l5xx_hal_cortex.o
 *fill*         0x0000000008040746        0x2 
 .text.SysTick_Config
                0x0000000008040748       0x44 ./Drivers/STM32L5xx_HAL_Driver/stm32l5xx_hal_cortex.o
 .text.HAL_NVIC_SetPriorityGrouping
                0x000000000804078c       0x16 ./Drivers/STM32L5xx_HAL_Driver/stm32l5xx_hal_cortex.o
                0x000000000804078c                HAL_NVIC_SetPriorityGrouping
 .text.HAL_NVIC_SetPriority
                0x00000000080407a2       0x34 ./Drivers/STM32L5xx_HAL_Driver/stm32l5xx_hal_cortex.o
                0x00000000080407a2                HAL_NVIC_SetPriority
 .text.HAL_SYSTICK_Config
                0x00000000080407d6       0x18 ./Drivers/STM32L5xx_HAL_Driver/stm32l5xx_hal_cortex.o
                0x00000000080407d6                HAL_SYSTICK_Config
 *fill*         0x00000000080407ee        0x2 
 .text.HAL_GPIO_Init
                0x00000000080407f0      0x300 ./Drivers/STM32L5xx_HAL_Driver/stm32l5xx_hal_gpio.o
                0x00000000080407f0                HAL_GPIO_Init
 .text.HAL_GPIO_WritePin
                0x0000000008040af0       0x30 ./Drivers/STM32L5xx_HAL_Driver/stm32l5xx_hal_gpio.o
                0x0000000008040af0                HAL_GPIO_WritePin
 .text.__libc_init_array
                0x0000000008040b20       0x48 /opt/st/stm32cubeide_1.9.0/plugins/com.st.stm32cube.ide.mcu.externaltools.gnu-tools-for-stm32.10.3-2021.10.linux64_1.0.0.202111181127/tools/bin/../lib/gcc/arm-none-eabi/10.3.1/../../../../arm-none-eabi/lib/thumb/v8-m.main+fp/hard/libc_nano.a(lib_a-init.o)
                0x0000000008040b20                __libc_init_array
 *(.glue_7)
 .glue_7        0x0000000008040b68        0x0 linker stubs
 *(.glue_7t)
 .glue_7t       0x0000000008040b68        0x0 linker stubs
 *(.eh_frame)
 .eh_frame      0x0000000008040b68        0x0 /opt/st/stm32cubeide_1.9.0/plugins/com.st.stm32cube.ide.mcu.externaltools.gnu-tools-for-stm32.10.3-2021.10.linux64_1.0.0.202111181127/tools/bin/../lib/gcc/arm-none-eabi/10.3.1/thumb/v8-m.main+fp/hard/crtbegin.o
 *(.init)
 .init          0x0000000008040b68        0x4 /opt/st/stm32cubeide_1.9.0/plugins/com.st.stm32cube.ide.mcu.externaltools.gnu-tools-for-stm32.10.3-2021.10.linux64_1.0.0.202111181127/tools/bin/../lib/gcc/arm-none-eabi/10.3.1/thumb/v8-m.main+fp/hard/crti.o
                0x0000000008040b68                _init
 .init          0x0000000008040b6c        0x8 /opt/st/stm32cubeide_1.9.0/plugins/com.st.stm32cube.ide.mcu.externaltools.gnu-tools-for-stm32.10.3-2021.10.linux64_1.0.0.202111181127/tools/bin/../lib/gcc/arm-none-eabi/10.3.1/thumb/v8-m.main+fp/hard/crtn.o
 *(.fini)
 .fini          0x0000000008040b74        0x4 /opt/st/stm32cubeide_1.9.0/plugins/com.st.stm32cube.ide.mcu.externaltools.gnu-tools-for-stm32.10.3-2021.10.linux64_1.0.0.202111181127/tools/bin/../lib/gcc/arm-none-eabi/10.3.1/thumb/v8-m.main+fp/hard/crti.o
                0x0000000008040b74                _fini
 .fini          0x0000000008040b78        0x8 /opt/st/stm32cubeide_1.9.0/plugins/com.st.stm32cube.ide.mcu.externaltools.gnu-tools-for-stm32.10.3-2021.10.linux64_1.0.0.202111181127/tools/bin/../lib/gcc/arm-none-eabi/10.3.1/thumb/v8-m.main+fp/hard/crtn.o
 .fini.__stub   0x0000000008040b80       0x60 linker stubs
                0x0000000008040be0                . = ALIGN (0x4)
                0x0000000008040be0                _etext = .

.vfp11_veneer   0x0000000008040be0        0x0
 .vfp11_veneer  0x0000000008040be0        0x0 linker stubs

.v4_bx          0x0000000008040be0        0x0
 .v4_bx         0x0000000008040be0        0x0 linker stubs

.iplt           0x0000000008040be0        0x0
 .iplt          0x0000000008040be0        0x0 /opt/st/stm32cubeide_1.9.0/plugins/com.st.stm32cube.ide.mcu.externaltools.gnu-tools-for-stm32.10.3-2021.10.linux64_1.0.0.202111181127/tools/bin/../lib/gcc/arm-none-eabi/10.3.1/thumb/v8-m.main+fp/hard/crtbegin.o

.rel.dyn        0x0000000008040be0        0x0
 .rel.iplt      0x0000000008040be0        0x0 /opt/st/stm32cubeide_1.9.0/plugins/com.st.stm32cube.ide.mcu.externaltools.gnu-tools-for-stm32.10.3-2021.10.linux64_1.0.0.202111181127/tools/bin/../lib/gcc/arm-none-eabi/10.3.1/thumb/v8-m.main+fp/hard/crtbegin.o

.rodata         0x0000000008040be0        0x0
                0x0000000008040be0                . = ALIGN (0x4)
 *(.rodata)
 *(.rodata*)
                0x0000000008040be0                . = ALIGN (0x4)

.ARM.extab      0x0000000008040be0        0x0
                0x0000000008040be0                . = ALIGN (0x4)
 *(.ARM.extab* .gnu.linkonce.armextab.*)
                0x0000000008040be0                . = ALIGN (0x4)

.ARM            0x0000000008040be0        0x0
                0x0000000008040be0                . = ALIGN (0x4)
                0x0000000008040be0                __exidx_start = .
 *(.ARM.exidx*)
                0x0000000008040be0                __exidx_end = .
                0x0000000008040be0                . = ALIGN (0x4)

.preinit_array  0x0000000008040be0        0x0
                0x0000000008040be0                . = ALIGN (0x4)
                0x0000000008040be0                PROVIDE (__preinit_array_start = .)
 *(.preinit_array*)
                0x0000000008040be0                PROVIDE (__preinit_array_end = .)
                0x0000000008040be0                . = ALIGN (0x4)

.init_array     0x0000000008040be0        0x4
                0x0000000008040be0                . = ALIGN (0x4)
                0x0000000008040be0                PROVIDE (__init_array_start = .)
 *(SORT_BY_NAME(.init_array.*))
 *(.init_array*)
 .init_array    0x0000000008040be0        0x4 /opt/st/stm32cubeide_1.9.0/plugins/com.st.stm32cube.ide.mcu.externaltools.gnu-tools-for-stm32.10.3-2021.10.linux64_1.0.0.202111181127/tools/bin/../lib/gcc/arm-none-eabi/10.3.1/thumb/v8-m.main+fp/hard/crtbegin.o
                0x0000000008040be4                PROVIDE (__init_array_end = .)
                0x0000000008040be4                . = ALIGN (0x4)

.fini_array     0x0000000008040be4        0x4
                0x0000000008040be4                . = ALIGN (0x4)
                [!provide]                        PROVIDE (__fini_array_start = .)
 *(SORT_BY_NAME(.fini_array.*))
 *(.fini_array*)
 .fini_array    0x0000000008040be4        0x4 /opt/st/stm32cubeide_1.9.0/plugins/com.st.stm32cube.ide.mcu.externaltools.gnu-tools-for-stm32.10.3-2021.10.linux64_1.0.0.202111181127/tools/bin/../lib/gcc/arm-none-eabi/10.3.1/thumb/v8-m.main+fp/hard/crtbegin.o
                [!provide]                        PROVIDE (__fini_array_end = .)
                0x0000000008040be8                . = ALIGN (0x4)
                0x0000000008040be8                _sidata = LOADADDR (.data)

.data           0x0000000020018000        0xc load address 0x0000000008040be8
                0x0000000020018000                . = ALIGN (0x4)
                0x0000000020018000                _sdata = .
 *(.data)
 *(.data*)
 .data.SystemCoreClock
                0x0000000020018000        0x4 ./Core/Src/system_stm32l5xx_ns.o
                0x0000000020018000                SystemCoreClock
 .data.uwTickPrio
                0x0000000020018004        0x4 ./Drivers/STM32L5xx_HAL_Driver/stm32l5xx_hal.o
                0x0000000020018004                uwTickPrio
 .data.uwTickFreq
                0x0000000020018008        0x1 ./Drivers/STM32L5xx_HAL_Driver/stm32l5xx_hal.o
                0x0000000020018008                uwTickFreq
 *(.RamFunc)
 *(.RamFunc*)
                0x000000002001800c                . = ALIGN (0x4)
 *fill*         0x0000000020018009        0x3 
                0x000000002001800c                _edata = .

.igot.plt       0x000000002001800c        0x0 load address 0x0000000008040bf4
 .igot.plt      0x000000002001800c        0x0 /opt/st/stm32cubeide_1.9.0/plugins/com.st.stm32cube.ide.mcu.externaltools.gnu-tools-for-stm32.10.3-2021.10.linux64_1.0.0.202111181127/tools/bin/../lib/gcc/arm-none-eabi/10.3.1/thumb/v8-m.main+fp/hard/crtbegin.o
                0x000000002001800c                . = ALIGN (0x4)

.bss            0x000000002001800c       0x20 load address 0x0000000008040bf4
                0x000000002001800c                _sbss = .
                0x000000002001800c                __bss_start__ = _sbss
 *(.bss)
 .bss           0x000000002001800c       0x1c /opt/st/stm32cubeide_1.9.0/plugins/com.st.stm32cube.ide.mcu.externaltools.gnu-tools-for-stm32.10.3-2021.10.linux64_1.0.0.202111181127/tools/bin/../lib/gcc/arm-none-eabi/10.3.1/thumb/v8-m.main+fp/hard/crtbegin.o
 *(.bss*)
 .bss.uwTick    0x0000000020018028        0x4 ./Drivers/STM32L5xx_HAL_Driver/stm32l5xx_hal.o
                0x0000000020018028                uwTick
 *(COMMON)
                0x000000002001802c                . = ALIGN (0x4)
                0x000000002001802c                _ebss = .
                0x000000002001802c                __bss_end__ = _ebss

._user_heap_stack
                0x000000002001802c      0x604 load address 0x0000000008040bf4
                0x0000000020018030                . = ALIGN (0x8)
 *fill*         0x000000002001802c        0x4 
                [!provide]                        PROVIDE (end = .)
                0x0000000020018030                PROVIDE (_end = .)
                0x0000000020018230                . = (. + _Min_Heap_Size)
 *fill*         0x0000000020018030      0x200 
                0x0000000020018630                . = (. + _Min_Stack_Size)
 *fill*         0x0000000020018230      0x400 
                0x0000000020018630                . = ALIGN (0x8)

/DISCARD/
 libc.a(*)
 libm.a(*)
 libgcc.a(*)

.ARM.attributes
                0x0000000000000000       0x36
 *(.ARM.attributes)
 .ARM.attributes
                0x0000000000000000       0x22 /opt/st/stm32cubeide_1.9.0/plugins/com.st.stm32cube.ide.mcu.externaltools.gnu-tools-for-stm32.10.3-2021.10.linux64_1.0.0.202111181127/tools/bin/../lib/gcc/arm-none-eabi/10.3.1/thumb/v8-m.main+fp/hard/crti.o
 .ARM.attributes
                0x0000000000000022       0x38 /opt/st/stm32cubeide_1.9.0/plugins/com.st.stm32cube.ide.mcu.externaltools.gnu-tools-for-stm32.10.3-2021.10.linux64_1.0.0.202111181127/tools/bin/../lib/gcc/arm-none-eabi/10.3.1/thumb/v8-m.main+fp/hard/crtbegin.o
 .ARM.attributes
                0x000000000000005a       0x3c ./Core/Src/application.o
 .ARM.attributes
                0x0000000000000096       0x3a ./Core/Src/gpio.o
 .ARM.attributes
                0x00000000000000d0       0x3a ./Core/Src/main.o
 .ARM.attributes
                0x000000000000010a       0x3a ./Core/Src/stm32l5xx_hal_msp.o
 .ARM.attributes
                0x0000000000000144       0x3a ./Core/Src/stm32l5xx_it.o
 .ARM.attributes
                0x000000000000017e       0x3a ./Core/Src/system_stm32l5xx_ns.o
 .ARM.attributes
                0x00000000000001b8       0x24 ./Core/Startup/startup_stm32l552zetxq.o
 .ARM.attributes
                0x00000000000001dc       0x3a ./Drivers/STM32L5xx_HAL_Driver/stm32l5xx_hal.o
 .ARM.attributes
                0x0000000000000216       0x3a ./Drivers/STM32L5xx_HAL_Driver/stm32l5xx_hal_cortex.o
 .ARM.attributes
                0x0000000000000250       0x3a ./Drivers/STM32L5xx_HAL_Driver/stm32l5xx_hal_gpio.o
 .ARM.attributes
                0x000000000000028a       0x38 /opt/st/stm32cubeide_1.9.0/plugins/com.st.stm32cube.ide.mcu.externaltools.gnu-tools-for-stm32.10.3-2021.10.linux64_1.0.0.202111181127/tools/bin/../lib/gcc/arm-none-eabi/10.3.1/../../../../arm-none-eabi/lib/thumb/v8-m.main+fp/hard/libc_nano.a(lib_a-init.o)
 .ARM.attributes
                0x00000000000002c2       0x22 /opt/st/stm32cubeide_1.9.0/plugins/com.st.stm32cube.ide.mcu.externaltools.gnu-tools-for-stm32.10.3-2021.10.linux64_1.0.0.202111181127/tools/bin/../lib/gcc/arm-none-eabi/10.3.1/thumb/v8-m.main+fp/hard/crtn.o
OUTPUT(TRACES_NonSecure.elf elf32-littlearm)
LOAD linker stubs
LOAD /opt/st/stm32cubeide_1.9.0/plugins/com.st.stm32cube.ide.mcu.externaltools.gnu-tools-for-stm32.10.3-2021.10.linux64_1.0.0.202111181127/tools/bin/../lib/gcc/arm-none-eabi/10.3.1/../../../../arm-none-eabi/lib/thumb/v8-m.main+fp/hard/libc.a
LOAD /opt/st/stm32cubeide_1.9.0/plugins/com.st.stm32cube.ide.mcu.externaltools.gnu-tools-for-stm32.10.3-2021.10.linux64_1.0.0.202111181127/tools/bin/../lib/gcc/arm-none-eabi/10.3.1/../../../../arm-none-eabi/lib/thumb/v8-m.main+fp/hard/libm.a
LOAD /opt/st/stm32cubeide_1.9.0/plugins/com.st.stm32cube.ide.mcu.externaltools.gnu-tools-for-stm32.10.3-2021.10.linux64_1.0.0.202111181127/tools/bin/../lib/gcc/arm-none-eabi/10.3.1/thumb/v8-m.main+fp/hard/libgcc.a

.comment        0x0000000000000000       0x81
 .comment       0x0000000000000000       0x31 ./Core/Src/application.o
                                         0x32 (size before relaxing)
 .comment       0x0000000000000031       0x50 ./Core/Src/gpio.o
                                         0x51 (size before relaxing)
 .comment       0x0000000000000081       0x51 ./Core/Src/main.o
 .comment       0x0000000000000081       0x51 ./Core/Src/stm32l5xx_hal_msp.o
 .comment       0x0000000000000081       0x51 ./Core/Src/stm32l5xx_it.o
 .comment       0x0000000000000081       0x51 ./Core/Src/system_stm32l5xx_ns.o
 .comment       0x0000000000000081       0x51 ./Drivers/STM32L5xx_HAL_Driver/stm32l5xx_hal.o
 .comment       0x0000000000000081       0x51 ./Drivers/STM32L5xx_HAL_Driver/stm32l5xx_hal_cortex.o
 .comment       0x0000000000000081       0x51 ./Drivers/STM32L5xx_HAL_Driver/stm32l5xx_hal_gpio.o

.debug_line     0x0000000000000000     0x482e
 .debug_line    0x0000000000000000       0xca ./Core/Src/application.o
 .debug_line    0x00000000000000ca      0x6ec ./Core/Src/gpio.o
 .debug_line    0x00000000000007b6      0x8aa ./Core/Src/main.o
 .debug_line    0x0000000000001060      0x6c6 ./Core/Src/stm32l5xx_hal_msp.o
 .debug_line    0x0000000000001726      0x72b ./Core/Src/stm32l5xx_it.o
 .debug_line    0x0000000000001e51      0x6b2 ./Core/Src/system_stm32l5xx_ns.o
 .debug_line    0x0000000000002503       0x88 ./Core/Startup/startup_stm32l552zetxq.o
 .debug_line    0x000000000000258b      0xacc ./Drivers/STM32L5xx_HAL_Driver/stm32l5xx_hal.o
 .debug_line    0x0000000000003057      0xcc4 ./Drivers/STM32L5xx_HAL_Driver/stm32l5xx_hal_cortex.o
 .debug_line    0x0000000000003d1b      0xb13 ./Drivers/STM32L5xx_HAL_Driver/stm32l5xx_hal_gpio.o

.debug_info     0x0000000000000000     0x343d
 .debug_info    0x0000000000000000       0x22 ./Core/Src/application.o
 .debug_info    0x0000000000000022      0x5a2 ./Core/Src/gpio.o
 .debug_info    0x00000000000005c4      0x2f8 ./Core/Src/main.o
 .debug_info    0x00000000000008bc      0x3e7 ./Core/Src/stm32l5xx_hal_msp.o
 .debug_info    0x0000000000000ca3       0xe1 ./Core/Src/stm32l5xx_it.o
 .debug_info    0x0000000000000d84      0x188 ./Core/Src/system_stm32l5xx_ns.o
 .debug_info    0x0000000000000f0c       0x22 ./Core/Startup/startup_stm32l552zetxq.o
 .debug_info    0x0000000000000f2e      0xd43 ./Drivers/STM32L5xx_HAL_Driver/stm32l5xx_hal.o
 .debug_info    0x0000000000001c71     0x1177 ./Drivers/STM32L5xx_HAL_Driver/stm32l5xx_hal_cortex.o
 .debug_info    0x0000000000002de8      0x655 ./Drivers/STM32L5xx_HAL_Driver/stm32l5xx_hal_gpio.o

.debug_abbrev   0x0000000000000000      0xcf5
 .debug_abbrev  0x0000000000000000       0x12 ./Core/Src/application.o
 .debug_abbrev  0x0000000000000012      0x166 ./Core/Src/gpio.o
 .debug_abbrev  0x0000000000000178      0x1c0 ./Core/Src/main.o
 .debug_abbrev  0x0000000000000338       0xe5 ./Core/Src/stm32l5xx_hal_msp.o
 .debug_abbrev  0x000000000000041d       0x74 ./Core/Src/stm32l5xx_it.o
 .debug_abbrev  0x0000000000000491       0xc0 ./Core/Src/system_stm32l5xx_ns.o
 .debug_abbrev  0x0000000000000551       0x12 ./Core/Startup/startup_stm32l552zetxq.o
 .debug_abbrev  0x0000000000000563      0x2c3 ./Drivers/STM32L5xx_HAL_Driver/stm32l5xx_hal.o
 .debug_abbrev  0x0000000000000826      0x31d ./Drivers/STM32L5xx_HAL_Driver/stm32l5xx_hal_cortex.o
 .debug_abbrev  0x0000000000000b43      0x1b2 ./Drivers/STM32L5xx_HAL_Driver/stm32l5xx_hal_gpio.o

.debug_aranges  0x0000000000000000      0x408
 .debug_aranges
                0x0000000000000000       0x38 ./Core/Src/application.o
 .debug_aranges
                0x0000000000000038       0x20 ./Core/Src/gpio.o
 .debug_aranges
                0x0000000000000058       0x40 ./Core/Src/main.o
 .debug_aranges
                0x0000000000000098       0x20 ./Core/Src/stm32l5xx_hal_msp.o
 .debug_aranges
                0x00000000000000b8       0x40 ./Core/Src/stm32l5xx_it.o
 .debug_aranges
                0x00000000000000f8       0x28 ./Core/Src/system_stm32l5xx_ns.o
 .debug_aranges
                0x0000000000000120       0x28 ./Core/Startup/startup_stm32l552zetxq.o
 .debug_aranges
                0x0000000000000148      0x130 ./Drivers/STM32L5xx_HAL_Driver/stm32l5xx_hal.o
 .debug_aranges
                0x0000000000000278      0x130 ./Drivers/STM32L5xx_HAL_Driver/stm32l5xx_hal_cortex.o
 .debug_aranges
                0x00000000000003a8       0x60 ./Drivers/STM32L5xx_HAL_Driver/stm32l5xx_hal_gpio.o

.debug_str      0x0000000000000000    0xf4de1
 .debug_str     0x0000000000000000       0x5a ./Core/Src/application.o
 .debug_str     0x000000000000005a    0xf08ce ./Core/Src/gpio.o
                                      0xf0bd7 (size before relaxing)
 .debug_str     0x00000000000f0928     0x3027 ./Core/Src/main.o
                                      0xf39e8 (size before relaxing)
 .debug_str     0x00000000000f394f       0x2c ./Core/Src/stm32l5xx_hal_msp.o
                                      0xf0b03 (size before relaxing)
 .debug_str     0x00000000000f397b       0x89 ./Core/Src/stm32l5xx_it.o
                                      0xf0983 (size before relaxing)
 .debug_str     0x00000000000f3a04       0x8e ./Core/Src/system_stm32l5xx_ns.o
                                      0xf08dd (size before relaxing)
 .debug_str     0x00000000000f3a92       0x29 ./Core/Startup/startup_stm32l552zetxq.o
                                         0x69 (size before relaxing)
 .debug_str     0x00000000000f3abb      0xbce ./Drivers/STM32L5xx_HAL_Driver/stm32l5xx_hal.o
                                      0xf1722 (size before relaxing)
 .debug_str     0x00000000000f4689      0x4d9 ./Drivers/STM32L5xx_HAL_Driver/stm32l5xx_hal_cortex.o
                                      0xf1529 (size before relaxing)
 .debug_str     0x00000000000f4b62      0x27f ./Drivers/STM32L5xx_HAL_Driver/stm32l5xx_hal_gpio.o
                                      0xf0bef (size before relaxing)

.debug_ranges   0x0000000000000000      0x378
 .debug_ranges  0x0000000000000000       0x30 ./Core/Src/application.o
 .debug_ranges  0x0000000000000030       0x10 ./Core/Src/gpio.o
 .debug_ranges  0x0000000000000040       0x30 ./Core/Src/main.o
 .debug_ranges  0x0000000000000070       0x10 ./Core/Src/stm32l5xx_hal_msp.o
 .debug_ranges  0x0000000000000080       0x30 ./Core/Src/stm32l5xx_it.o
 .debug_ranges  0x00000000000000b0       0x18 ./Core/Src/system_stm32l5xx_ns.o
 .debug_ranges  0x00000000000000c8       0x20 ./Core/Startup/startup_stm32l552zetxq.o
 .debug_ranges  0x00000000000000e8      0x120 ./Drivers/STM32L5xx_HAL_Driver/stm32l5xx_hal.o
 .debug_ranges  0x0000000000000208      0x120 ./Drivers/STM32L5xx_HAL_Driver/stm32l5xx_hal_cortex.o
 .debug_ranges  0x0000000000000328       0x50 ./Drivers/STM32L5xx_HAL_Driver/stm32l5xx_hal_gpio.o

.debug_macro    0x0000000000000000    0x26593
 .debug_macro   0x0000000000000000      0x1e9 ./Core/Src/gpio.o
 .debug_macro   0x00000000000001e9      0xa7e ./Core/Src/gpio.o
 .debug_macro   0x0000000000000c67       0x3a ./Core/Src/gpio.o
 .debug_macro   0x0000000000000ca1      0x18a ./Core/Src/gpio.o
 .debug_macro   0x0000000000000e2b       0x2e ./Core/Src/gpio.o
 .debug_macro   0x0000000000000e59       0x42 ./Core/Src/gpio.o
 .debug_macro   0x0000000000000e9b       0x22 ./Core/Src/gpio.o
 .debug_macro   0x0000000000000ebd       0x8e ./Core/Src/gpio.o
 .debug_macro   0x0000000000000f4b       0x51 ./Core/Src/gpio.o
 .debug_macro   0x0000000000000f9c      0x103 ./Core/Src/gpio.o
 .debug_macro   0x000000000000109f       0x6a ./Core/Src/gpio.o
 .debug_macro   0x0000000000001109      0x1df ./Core/Src/gpio.o
 .debug_macro   0x00000000000012e8       0x1c ./Core/Src/gpio.o
 .debug_macro   0x0000000000001304       0x29 ./Core/Src/gpio.o
 .debug_macro   0x000000000000132d       0xfb ./Core/Src/gpio.o
 .debug_macro   0x0000000000001428     0x1336 ./Core/Src/gpio.o
 .debug_macro   0x000000000000275e       0x5e ./Core/Src/gpio.o
 .debug_macro   0x00000000000027bc    0x1ac8f ./Core/Src/gpio.o
 .debug_macro   0x000000000001d44b       0x42 ./Core/Src/gpio.o
 .debug_macro   0x000000000001d48d     0x34df ./Core/Src/gpio.o
 .debug_macro   0x000000000002096c      0x174 ./Core/Src/gpio.o
 .debug_macro   0x0000000000020ae0       0x5c ./Core/Src/gpio.o
 .debug_macro   0x0000000000020b3c     0x1948 ./Core/Src/gpio.o
 .debug_macro   0x0000000000022484      0xa4b ./Core/Src/gpio.o
 .debug_macro   0x0000000000022ecf      0x153 ./Core/Src/gpio.o
 .debug_macro   0x0000000000023022      0x1d9 ./Core/Src/gpio.o
 .debug_macro   0x00000000000231fb      0x4e1 ./Core/Src/gpio.o
 .debug_macro   0x00000000000236dc      0x1ac ./Core/Src/gpio.o
 .debug_macro   0x0000000000023888       0x4a ./Core/Src/gpio.o
 .debug_macro   0x00000000000238d2      0x1ba ./Core/Src/gpio.o
 .debug_macro   0x0000000000023a8c      0x231 ./Core/Src/gpio.o
 .debug_macro   0x0000000000023cbd      0x3bb ./Core/Src/gpio.o
 .debug_macro   0x0000000000024078       0x36 ./Core/Src/gpio.o
 .debug_macro   0x00000000000240ae      0x11c ./Core/Src/gpio.o
 .debug_macro   0x00000000000241ca      0x22c ./Core/Src/gpio.o
 .debug_macro   0x00000000000243f6       0x5b ./Core/Src/gpio.o
 .debug_macro   0x0000000000024451       0xa5 ./Core/Src/gpio.o
 .debug_macro   0x00000000000244f6       0xf3 ./Core/Src/gpio.o
 .debug_macro   0x00000000000245e9      0x199 ./Core/Src/gpio.o
 .debug_macro   0x0000000000024782      0x487 ./Core/Src/gpio.o
 .debug_macro   0x0000000000024c09      0x3f1 ./Core/Src/gpio.o
 .debug_macro   0x0000000000024ffa      0x2c0 ./Core/Src/main.o
 .debug_macro   0x00000000000252ba       0x64 ./Core/Src/main.o
 .debug_macro   0x000000000002531e       0x52 ./Core/Src/main.o
 .debug_macro   0x0000000000025370       0x1e ./Core/Src/main.o
 .debug_macro   0x000000000002538e       0x3c ./Core/Src/main.o
 .debug_macro   0x00000000000253ca       0x34 ./Core/Src/main.o
 .debug_macro   0x00000000000253fe       0x16 ./Core/Src/main.o
 .debug_macro   0x0000000000025414       0x43 ./Core/Src/main.o
 .debug_macro   0x0000000000025457       0x34 ./Core/Src/main.o
 .debug_macro   0x000000000002548b       0x10 ./Core/Src/main.o
 .debug_macro   0x000000000002549b       0x58 ./Core/Src/main.o
 .debug_macro   0x00000000000254f3       0x71 ./Core/Src/main.o
 .debug_macro   0x0000000000025564       0x1c ./Core/Src/main.o
 .debug_macro   0x0000000000025580      0x12a ./Core/Src/main.o
 .debug_macro   0x00000000000256aa      0x341 ./Core/Src/main.o
 .debug_macro   0x00000000000259eb       0x10 ./Core/Src/main.o
 .debug_macro   0x00000000000259fb       0x35 ./Core/Src/main.o
 .debug_macro   0x0000000000025a30       0x20 ./Core/Src/main.o
 .debug_macro   0x0000000000025a50      0x1db ./Core/Src/stm32l5xx_hal_msp.o
 .debug_macro   0x0000000000025c2b      0x1e5 ./Core/Src/stm32l5xx_it.o
 .debug_macro   0x0000000000025e10      0x1c8 ./Core/Src/system_stm32l5xx_ns.o
 .debug_macro   0x0000000000025fd8      0x1f8 ./Drivers/STM32L5xx_HAL_Driver/stm32l5xx_hal.o
 .debug_macro   0x00000000000261d0      0x1c8 ./Drivers/STM32L5xx_HAL_Driver/stm32l5xx_hal_cortex.o
 .debug_macro   0x0000000000026398      0x1fb ./Drivers/STM32L5xx_HAL_Driver/stm32l5xx_hal_gpio.o

.debug_frame    0x0000000000000000      0xd3c
 .debug_frame   0x0000000000000000       0x34 ./Core/Src/gpio.o
 .debug_frame   0x0000000000000034       0x9c ./Core/Src/main.o
 .debug_frame   0x00000000000000d0       0x38 ./Core/Src/stm32l5xx_hal_msp.o
 .debug_frame   0x0000000000000108       0x9c ./Core/Src/stm32l5xx_it.o
 .debug_frame   0x00000000000001a4       0x4c ./Core/Src/system_stm32l5xx_ns.o
 .debug_frame   0x00000000000001f0      0x4a4 ./Drivers/STM32L5xx_HAL_Driver/stm32l5xx_hal.o
 .debug_frame   0x0000000000000694      0x508 ./Drivers/STM32L5xx_HAL_Driver/stm32l5xx_hal_cortex.o
 .debug_frame   0x0000000000000b9c      0x174 ./Drivers/STM32L5xx_HAL_Driver/stm32l5xx_hal_gpio.o
 .debug_frame   0x0000000000000d10       0x2c /opt/st/stm32cubeide_1.9.0/plugins/com.st.stm32cube.ide.mcu.externaltools.gnu-tools-for-stm32.10.3-2021.10.linux64_1.0.0.202111181127/tools/bin/../lib/gcc/arm-none-eabi/10.3.1/../../../../arm-none-eabi/lib/thumb/v8-m.main+fp/hard/libc_nano.a(lib_a-init.o)
