application.c:1478:6:delay	24	static
application.c:1485:6:read_data	16	static
application.c:1531:10:get_temperature	16	static
application.c:1540:10:get_humidity	16	static
application.c:1549:10:pulseIn	16	static
application.c:1560:6:getUltrasonicReading	16	static
application.c:1581:6:run_ultrasonic	24	static
application.c:1591:6:run_temperature	24	static
application.c:1601:6:run_humidity	24	static
application.c:1612:6:read_command	16	static
application.c:1624:6:process_command	32	static
application.c:1653:5:record_output_data	16	static
application.c:1658:6:application	8	static
