application.c:1175:6:delay	24	static
application.c:1182:6:read_data	16	static
application.c:1228:10:get_temperature	16	static
application.c:1237:10:get_humidity	16	static
application.c:1246:10:pulseIn	16	static
application.c:1257:6:getUltrasonicReading	16	static
application.c:1278:6:run_ultrasonic	24	static
application.c:1288:6:run_temperature	24	static
application.c:1298:6:run_humidity	24	static
application.c:1309:6:read_command	16	static
application.c:1321:6:process_command	32	static
application.c:1350:5:record_output_data	16	static
application.c:1355:6:application	8	static
