../Core/Src/cfa_engine.c:108:6:_setup_data	16	static
../Core/Src/cfa_engine.c:115:6:_update_challenge	24	static
../Core/Src/cfa_engine.c:121:6:_clean	16	static
../Core/Src/cfa_engine.c:133:6:_run_application	16	static
../Core/Src/cfa_engine.c:143:6:record_output_data	16	static
../Core/Src/cfa_engine.c:161:6:CFA_ENGINE_start	8	static
../Core/Src/cfa_engine.c:170:6:CFA_ENGINE_register_callback	4	static
../Core/Src/cfa_engine.c:179:5:STATE_initialize_attestation	16	static
../Core/Src/cfa_engine.c:202:5:STATE_accept_report	8	static
../Core/Src/cfa_engine.c:211:5:STATE_heal	8	static
../Core/Src/cfa_engine.c:219:5:STATE_continue	8	static
../Core/Src/cfa_engine.c:231:6:translate_command	16	static
../Core/Src/cfa_engine.c:245:6:wait_for_command	32	static
../Core/Src/cfa_engine.c:262:6:_read_serial_loop	16	static
../Core/Src/cfa_engine.c:298:10:_receive_challenge	96	static
../Core/Src/cfa_engine.c:331:6:_receive_request	16	static
../Core/Src/cfa_engine.c:338:6:_send_report_message	24	static
../Core/Src/cfa_engine.c:363:6:_send_report	8	static
../Core/Src/cfa_engine.c:396:6:_attest_memory	8	static
../Core/Src/cfa_engine.c:408:6:_sign_report	24	static
../Core/Src/cfa_engine.c:442:6:CFA_ENGINE_new_log_entry	16	static
../Core/Src/cfa_engine.c:511:6:CFA_ENGINE_run_attestation	8	static
../Core/Src/cfa_engine.c:532:6:CFA_ENGINE_initialize	8	static
../Core/Src/cfa_engine.c:546:6:_software_reset	8	static
../Core/Src/cfa_engine.c:552:6:_heal_function	4	static
