../Core/Src/cfa_engine.c:117:6:_setup_data	16	static
../Core/Src/cfa_engine.c:124:6:_update_challenge	24	static
../Core/Src/cfa_engine.c:130:6:_clean	4	static
../Core/Src/cfa_engine.c:143:6:_clean_partial	4	static
../Core/Src/cfa_engine.c:147:6:_run_application	16	static
../Core/Src/cfa_engine.c:156:6:record_output_data	16	static
../Core/Src/cfa_engine.c:161:6:update_flash	32	static
../Core/Src/cfa_engine.c:174:6:CFA_ENGINE_start	8	static
../Core/Src/cfa_engine.c:183:6:CFA_ENGINE_register_callback	4	static
../Core/Src/cfa_engine.c:192:5:STATE_initialize_attestation	16	static
../Core/Src/cfa_engine.c:213:5:STATE_accept_report	8	static
../Core/Src/cfa_engine.c:222:5:STATE_heal	8	static
../Core/Src/cfa_engine.c:230:5:STATE_continue	8	static
../Core/Src/cfa_engine.c:244:6:translate_command	16	static
../Core/Src/cfa_engine.c:258:6:wait_for_command	32	static
../Core/Src/cfa_engine.c:275:6:_read_serial_loop	16	static
../Core/Src/cfa_engine.c:313:6:_initialize_timer_interrupt	16	static
../Core/Src/cfa_engine.c:325:6:_activate_timeout_interrupt	8	static
../Core/Src/cfa_engine.c:330:6:_deactivate_timer_interrupt	8	static
../Core/Src/cfa_engine.c:335:6:CFA_time_interrupt_handler	16	static
../Core/Src/cfa_engine.c:349:10:_receive_challenge	96	static
../Core/Src/cfa_engine.c:382:6:_receive_request	16	static
../Core/Src/cfa_engine.c:389:6:_send_report_message	24	static
../Core/Src/cfa_engine.c:410:6:_send_report	8	static
../Core/Src/cfa_engine.c:444:6:_attest_memory	8	static
../Core/Src/cfa_engine.c:455:6:_sign_report	32	static
../Core/Src/cfa_engine.c:488:6:CFA_ENGINE_new_log_entry	80	static
../Core/Src/cfa_engine.c:557:6:CFA_ENGINE_run_attestation	8	static
../Core/Src/cfa_engine.c:584:6:CFA_ENGINE_initialize	8	static
../Core/Src/cfa_engine.c:598:6:_software_reset	8	static
../Core/Src/cfa_engine.c:604:6:_heal_function	4	static
