22:51:14 **** Incremental Build of configuration Debug for project TRACES_Secure ****
make -j16 all 
arm-none-eabi-gcc "D:/Workspace/Git/TRACES/prv/TRACES/Drivers/STM32L5xx_HAL_Driver/Src/stm32l5xx_hal.c" -mcpu=cortex-m33 -std=gnu11 -g3 -DDEBUG -DUSE_HAL_DRIVER -DSTM32L552xx -c -I../Core/Inc -I../../Secure_nsclib -I../../Drivers/STM32L5xx_HAL_Driver/Inc -I../../Drivers/CMSIS/Device/ST/STM32L5xx/Include -I../../Drivers/STM32L5xx_HAL_Driver/Inc/Legacy -I../../Drivers/CMSIS/Include -O0 -ffunction-sections -fdata-sections -Wall -mcmse -fstack-usage -fcyclomatic-complexity -mcmse -MMD -MP -MF"Drivers/STM32L5xx_HAL_Driver/stm32l5xx_hal.d" -MT"Drivers/STM32L5xx_HAL_Driver/stm32l5xx_hal.o" --specs=nano.specs -mfpu=fpv5-sp-d16 -mfloat-abi=hard -mthumb -o "Drivers/STM32L5xx_HAL_Driver/stm32l5xx_hal.o"
arm-none-eabi-gcc "D:/Workspace/Git/TRACES/prv/TRACES/Drivers/STM32L5xx_HAL_Driver/Src/stm32l5xx_hal_cortex.c" -mcpu=cortex-m33 -std=gnu11 -g3 -DDEBUG -DUSE_HAL_DRIVER -DSTM32L552xx -c -I../Core/Inc -I../../Secure_nsclib -I../../Drivers/STM32L5xx_HAL_Driver/Inc -I../../Drivers/CMSIS/Device/ST/STM32L5xx/Include -I../../Drivers/STM32L5xx_HAL_Driver/Inc/Legacy -I../../Drivers/CMSIS/Include -O0 -ffunction-sections -fdata-sections -Wall -mcmse -fstack-usage -fcyclomatic-complexity -mcmse -MMD -MP -MF"Drivers/STM32L5xx_HAL_Driver/stm32l5xx_hal_cortex.d" -MT"Drivers/STM32L5xx_HAL_Driver/stm32l5xx_hal_cortex.o" --specs=nano.specs -mfpu=fpv5-sp-d16 -mfloat-abi=hard -mthumb -o "Drivers/STM32L5xx_HAL_Driver/stm32l5xx_hal_cortex.o"
arm-none-eabi-gcc "D:/Workspace/Git/TRACES/prv/TRACES/Drivers/STM32L5xx_HAL_Driver/Src/stm32l5xx_hal_dma.c" -mcpu=cortex-m33 -std=gnu11 -g3 -DDEBUG -DUSE_HAL_DRIVER -DSTM32L552xx -c -I../Core/Inc -I../../Secure_nsclib -I../../Drivers/STM32L5xx_HAL_Driver/Inc -I../../Drivers/CMSIS/Device/ST/STM32L5xx/Include -I../../Drivers/STM32L5xx_HAL_Driver/Inc/Legacy -I../../Drivers/CMSIS/Include -O0 -ffunction-sections -fdata-sections -Wall -mcmse -fstack-usage -fcyclomatic-complexity -mcmse -MMD -MP -MF"Drivers/STM32L5xx_HAL_Driver/stm32l5xx_hal_dma.d" -MT"Drivers/STM32L5xx_HAL_Driver/stm32l5xx_hal_dma.o" --specs=nano.specs -mfpu=fpv5-sp-d16 -mfloat-abi=hard -mthumb -o "Drivers/STM32L5xx_HAL_Driver/stm32l5xx_hal_dma.o"
arm-none-eabi-gcc "D:/Workspace/Git/TRACES/prv/TRACES/Drivers/STM32L5xx_HAL_Driver/Src/stm32l5xx_hal_dma_ex.c" -mcpu=cortex-m33 -std=gnu11 -g3 -DDEBUG -DUSE_HAL_DRIVER -DSTM32L552xx -c -I../Core/Inc -I../../Secure_nsclib -I../../Drivers/STM32L5xx_HAL_Driver/Inc -I../../Drivers/CMSIS/Device/ST/STM32L5xx/Include -I../../Drivers/STM32L5xx_HAL_Driver/Inc/Legacy -I../../Drivers/CMSIS/Include -O0 -ffunction-sections -fdata-sections -Wall -mcmse -fstack-usage -fcyclomatic-complexity -mcmse -MMD -MP -MF"Drivers/STM32L5xx_HAL_Driver/stm32l5xx_hal_dma_ex.d" -MT"Drivers/STM32L5xx_HAL_Driver/stm32l5xx_hal_dma_ex.o" --specs=nano.specs -mfpu=fpv5-sp-d16 -mfloat-abi=hard -mthumb -o "Drivers/STM32L5xx_HAL_Driver/stm32l5xx_hal_dma_ex.o"
arm-none-eabi-gcc "D:/Workspace/Git/TRACES/prv/TRACES/Drivers/STM32L5xx_HAL_Driver/Src/stm32l5xx_hal_exti.c" -mcpu=cortex-m33 -std=gnu11 -g3 -DDEBUG -DUSE_HAL_DRIVER -DSTM32L552xx -c -I../Core/Inc -I../../Secure_nsclib -I../../Drivers/STM32L5xx_HAL_Driver/Inc -I../../Drivers/CMSIS/Device/ST/STM32L5xx/Include -I../../Drivers/STM32L5xx_HAL_Driver/Inc/Legacy -I../../Drivers/CMSIS/Include -O0 -ffunction-sections -fdata-sections -Wall -mcmse -fstack-usage -fcyclomatic-complexity -mcmse -MMD -MP -MF"Drivers/STM32L5xx_HAL_Driver/stm32l5xx_hal_exti.d" -MT"Drivers/STM32L5xx_HAL_Driver/stm32l5xx_hal_exti.o" --specs=nano.specs -mfpu=fpv5-sp-d16 -mfloat-abi=hard -mthumb -o "Drivers/STM32L5xx_HAL_Driver/stm32l5xx_hal_exti.o"
arm-none-eabi-gcc "D:/Workspace/Git/TRACES/prv/TRACES/Drivers/STM32L5xx_HAL_Driver/Src/stm32l5xx_hal_flash.c" -mcpu=cortex-m33 -std=gnu11 -g3 -DDEBUG -DUSE_HAL_DRIVER -DSTM32L552xx -c -I../Core/Inc -I../../Secure_nsclib -I../../Drivers/STM32L5xx_HAL_Driver/Inc -I../../Drivers/CMSIS/Device/ST/STM32L5xx/Include -I../../Drivers/STM32L5xx_HAL_Driver/Inc/Legacy -I../../Drivers/CMSIS/Include -O0 -ffunction-sections -fdata-sections -Wall -mcmse -fstack-usage -fcyclomatic-complexity -mcmse -MMD -MP -MF"Drivers/STM32L5xx_HAL_Driver/stm32l5xx_hal_flash.d" -MT"Drivers/STM32L5xx_HAL_Driver/stm32l5xx_hal_flash.o" --specs=nano.specs -mfpu=fpv5-sp-d16 -mfloat-abi=hard -mthumb -o "Drivers/STM32L5xx_HAL_Driver/stm32l5xx_hal_flash.o"
arm-none-eabi-gcc "D:/Workspace/Git/TRACES/prv/TRACES/Drivers/STM32L5xx_HAL_Driver/Src/stm32l5xx_hal_flash_ex.c" -mcpu=cortex-m33 -std=gnu11 -g3 -DDEBUG -DUSE_HAL_DRIVER -DSTM32L552xx -c -I../Core/Inc -I../../Secure_nsclib -I../../Drivers/STM32L5xx_HAL_Driver/Inc -I../../Drivers/CMSIS/Device/ST/STM32L5xx/Include -I../../Drivers/STM32L5xx_HAL_Driver/Inc/Legacy -I../../Drivers/CMSIS/Include -O0 -ffunction-sections -fdata-sections -Wall -mcmse -fstack-usage -fcyclomatic-complexity -mcmse -MMD -MP -MF"Drivers/STM32L5xx_HAL_Driver/stm32l5xx_hal_flash_ex.d" -MT"Drivers/STM32L5xx_HAL_Driver/stm32l5xx_hal_flash_ex.o" --specs=nano.specs -mfpu=fpv5-sp-d16 -mfloat-abi=hard -mthumb -o "Drivers/STM32L5xx_HAL_Driver/stm32l5xx_hal_flash_ex.o"
arm-none-eabi-gcc "D:/Workspace/Git/TRACES/prv/TRACES/Drivers/STM32L5xx_HAL_Driver/Src/stm32l5xx_hal_flash_ramfunc.c" -mcpu=cortex-m33 -std=gnu11 -g3 -DDEBUG -DUSE_HAL_DRIVER -DSTM32L552xx -c -I../Core/Inc -I../../Secure_nsclib -I../../Drivers/STM32L5xx_HAL_Driver/Inc -I../../Drivers/CMSIS/Device/ST/STM32L5xx/Include -I../../Drivers/STM32L5xx_HAL_Driver/Inc/Legacy -I../../Drivers/CMSIS/Include -O0 -ffunction-sections -fdata-sections -Wall -mcmse -fstack-usage -fcyclomatic-complexity -mcmse -MMD -MP -MF"Drivers/STM32L5xx_HAL_Driver/stm32l5xx_hal_flash_ramfunc.d" -MT"Drivers/STM32L5xx_HAL_Driver/stm32l5xx_hal_flash_ramfunc.o" --specs=nano.specs -mfpu=fpv5-sp-d16 -mfloat-abi=hard -mthumb -o "Drivers/STM32L5xx_HAL_Driver/stm32l5xx_hal_flash_ramfunc.o"
arm-none-eabi-gcc "D:/Workspace/Git/TRACES/prv/TRACES/Drivers/STM32L5xx_HAL_Driver/Src/stm32l5xx_hal_gpio.c" -mcpu=cortex-m33 -std=gnu11 -g3 -DDEBUG -DUSE_HAL_DRIVER -DSTM32L552xx -c -I../Core/Inc -I../../Secure_nsclib -I../../Drivers/STM32L5xx_HAL_Driver/Inc -I../../Drivers/CMSIS/Device/ST/STM32L5xx/Include -I../../Drivers/STM32L5xx_HAL_Driver/Inc/Legacy -I../../Drivers/CMSIS/Include -O0 -ffunction-sections -fdata-sections -Wall -mcmse -fstack-usage -fcyclomatic-complexity -mcmse -MMD -MP -MF"Drivers/STM32L5xx_HAL_Driver/stm32l5xx_hal_gpio.d" -MT"Drivers/STM32L5xx_HAL_Driver/stm32l5xx_hal_gpio.o" --specs=nano.specs -mfpu=fpv5-sp-d16 -mfloat-abi=hard -mthumb -o "Drivers/STM32L5xx_HAL_Driver/stm32l5xx_hal_gpio.o"
arm-none-eabi-gcc "D:/Workspace/Git/TRACES/prv/TRACES/Drivers/STM32L5xx_HAL_Driver/Src/stm32l5xx_hal_gtzc.c" -mcpu=cortex-m33 -std=gnu11 -g3 -DDEBUG -DUSE_HAL_DRIVER -DSTM32L552xx -c -I../Core/Inc -I../../Secure_nsclib -I../../Drivers/STM32L5xx_HAL_Driver/Inc -I../../Drivers/CMSIS/Device/ST/STM32L5xx/Include -I../../Drivers/STM32L5xx_HAL_Driver/Inc/Legacy -I../../Drivers/CMSIS/Include -O0 -ffunction-sections -fdata-sections -Wall -mcmse -fstack-usage -fcyclomatic-complexity -mcmse -MMD -MP -MF"Drivers/STM32L5xx_HAL_Driver/stm32l5xx_hal_gtzc.d" -MT"Drivers/STM32L5xx_HAL_Driver/stm32l5xx_hal_gtzc.o" --specs=nano.specs -mfpu=fpv5-sp-d16 -mfloat-abi=hard -mthumb -o "Drivers/STM32L5xx_HAL_Driver/stm32l5xx_hal_gtzc.o"
arm-none-eabi-gcc "D:/Workspace/Git/TRACES/prv/TRACES/Drivers/STM32L5xx_HAL_Driver/Src/stm32l5xx_hal_hash.c" -mcpu=cortex-m33 -std=gnu11 -g3 -DDEBUG -DUSE_HAL_DRIVER -DSTM32L552xx -c -I../Core/Inc -I../../Secure_nsclib -I../../Drivers/STM32L5xx_HAL_Driver/Inc -I../../Drivers/CMSIS/Device/ST/STM32L5xx/Include -I../../Drivers/STM32L5xx_HAL_Driver/Inc/Legacy -I../../Drivers/CMSIS/Include -O0 -ffunction-sections -fdata-sections -Wall -mcmse -fstack-usage -fcyclomatic-complexity -mcmse -MMD -MP -MF"Drivers/STM32L5xx_HAL_Driver/stm32l5xx_hal_hash.d" -MT"Drivers/STM32L5xx_HAL_Driver/stm32l5xx_hal_hash.o" --specs=nano.specs -mfpu=fpv5-sp-d16 -mfloat-abi=hard -mthumb -o "Drivers/STM32L5xx_HAL_Driver/stm32l5xx_hal_hash.o"
arm-none-eabi-gcc "D:/Workspace/Git/TRACES/prv/TRACES/Drivers/STM32L5xx_HAL_Driver/Src/stm32l5xx_hal_hash_ex.c" -mcpu=cortex-m33 -std=gnu11 -g3 -DDEBUG -DUSE_HAL_DRIVER -DSTM32L552xx -c -I../Core/Inc -I../../Secure_nsclib -I../../Drivers/STM32L5xx_HAL_Driver/Inc -I../../Drivers/CMSIS/Device/ST/STM32L5xx/Include -I../../Drivers/STM32L5xx_HAL_Driver/Inc/Legacy -I../../Drivers/CMSIS/Include -O0 -ffunction-sections -fdata-sections -Wall -mcmse -fstack-usage -fcyclomatic-complexity -mcmse -MMD -MP -MF"Drivers/STM32L5xx_HAL_Driver/stm32l5xx_hal_hash_ex.d" -MT"Drivers/STM32L5xx_HAL_Driver/stm32l5xx_hal_hash_ex.o" --specs=nano.specs -mfpu=fpv5-sp-d16 -mfloat-abi=hard -mthumb -o "Drivers/STM32L5xx_HAL_Driver/stm32l5xx_hal_hash_ex.o"
arm-none-eabi-gcc "D:/Workspace/Git/TRACES/prv/TRACES/Drivers/STM32L5xx_HAL_Driver/Src/stm32l5xx_hal_i2c.c" -mcpu=cortex-m33 -std=gnu11 -g3 -DDEBUG -DUSE_HAL_DRIVER -DSTM32L552xx -c -I../Core/Inc -I../../Secure_nsclib -I../../Drivers/STM32L5xx_HAL_Driver/Inc -I../../Drivers/CMSIS/Device/ST/STM32L5xx/Include -I../../Drivers/STM32L5xx_HAL_Driver/Inc/Legacy -I../../Drivers/CMSIS/Include -O0 -ffunction-sections -fdata-sections -Wall -mcmse -fstack-usage -fcyclomatic-complexity -mcmse -MMD -MP -MF"Drivers/STM32L5xx_HAL_Driver/stm32l5xx_hal_i2c.d" -MT"Drivers/STM32L5xx_HAL_Driver/stm32l5xx_hal_i2c.o" --specs=nano.specs -mfpu=fpv5-sp-d16 -mfloat-abi=hard -mthumb -o "Drivers/STM32L5xx_HAL_Driver/stm32l5xx_hal_i2c.o"
arm-none-eabi-gcc "D:/Workspace/Git/TRACES/prv/TRACES/Drivers/STM32L5xx_HAL_Driver/Src/stm32l5xx_hal_i2c_ex.c" -mcpu=cortex-m33 -std=gnu11 -g3 -DDEBUG -DUSE_HAL_DRIVER -DSTM32L552xx -c -I../Core/Inc -I../../Secure_nsclib -I../../Drivers/STM32L5xx_HAL_Driver/Inc -I../../Drivers/CMSIS/Device/ST/STM32L5xx/Include -I../../Drivers/STM32L5xx_HAL_Driver/Inc/Legacy -I../../Drivers/CMSIS/Include -O0 -ffunction-sections -fdata-sections -Wall -mcmse -fstack-usage -fcyclomatic-complexity -mcmse -MMD -MP -MF"Drivers/STM32L5xx_HAL_Driver/stm32l5xx_hal_i2c_ex.d" -MT"Drivers/STM32L5xx_HAL_Driver/stm32l5xx_hal_i2c_ex.o" --specs=nano.specs -mfpu=fpv5-sp-d16 -mfloat-abi=hard -mthumb -o "Drivers/STM32L5xx_HAL_Driver/stm32l5xx_hal_i2c_ex.o"
arm-none-eabi-gcc "D:/Workspace/Git/TRACES/prv/TRACES/Drivers/STM32L5xx_HAL_Driver/Src/stm32l5xx_hal_icache.c" -mcpu=cortex-m33 -std=gnu11 -g3 -DDEBUG -DUSE_HAL_DRIVER -DSTM32L552xx -c -I../Core/Inc -I../../Secure_nsclib -I../../Drivers/STM32L5xx_HAL_Driver/Inc -I../../Drivers/CMSIS/Device/ST/STM32L5xx/Include -I../../Drivers/STM32L5xx_HAL_Driver/Inc/Legacy -I../../Drivers/CMSIS/Include -O0 -ffunction-sections -fdata-sections -Wall -mcmse -fstack-usage -fcyclomatic-complexity -mcmse -MMD -MP -MF"Drivers/STM32L5xx_HAL_Driver/stm32l5xx_hal_icache.d" -MT"Drivers/STM32L5xx_HAL_Driver/stm32l5xx_hal_icache.o" --specs=nano.specs -mfpu=fpv5-sp-d16 -mfloat-abi=hard -mthumb -o "Drivers/STM32L5xx_HAL_Driver/stm32l5xx_hal_icache.o"
arm-none-eabi-gcc "D:/Workspace/Git/TRACES/prv/TRACES/Drivers/STM32L5xx_HAL_Driver/Src/stm32l5xx_hal_pwr.c" -mcpu=cortex-m33 -std=gnu11 -g3 -DDEBUG -DUSE_HAL_DRIVER -DSTM32L552xx -c -I../Core/Inc -I../../Secure_nsclib -I../../Drivers/STM32L5xx_HAL_Driver/Inc -I../../Drivers/CMSIS/Device/ST/STM32L5xx/Include -I../../Drivers/STM32L5xx_HAL_Driver/Inc/Legacy -I../../Drivers/CMSIS/Include -O0 -ffunction-sections -fdata-sections -Wall -mcmse -fstack-usage -fcyclomatic-complexity -mcmse -MMD -MP -MF"Drivers/STM32L5xx_HAL_Driver/stm32l5xx_hal_pwr.d" -MT"Drivers/STM32L5xx_HAL_Driver/stm32l5xx_hal_pwr.o" --specs=nano.specs -mfpu=fpv5-sp-d16 -mfloat-abi=hard -mthumb -o "Drivers/STM32L5xx_HAL_Driver/stm32l5xx_hal_pwr.o"
arm-none-eabi-gcc "D:/Workspace/Git/TRACES/prv/TRACES/Drivers/STM32L5xx_HAL_Driver/Src/stm32l5xx_hal_pwr_ex.c" -mcpu=cortex-m33 -std=gnu11 -g3 -DDEBUG -DUSE_HAL_DRIVER -DSTM32L552xx -c -I../Core/Inc -I../../Secure_nsclib -I../../Drivers/STM32L5xx_HAL_Driver/Inc -I../../Drivers/CMSIS/Device/ST/STM32L5xx/Include -I../../Drivers/STM32L5xx_HAL_Driver/Inc/Legacy -I../../Drivers/CMSIS/Include -O0 -ffunction-sections -fdata-sections -Wall -mcmse -fstack-usage -fcyclomatic-complexity -mcmse -MMD -MP -MF"Drivers/STM32L5xx_HAL_Driver/stm32l5xx_hal_pwr_ex.d" -MT"Drivers/STM32L5xx_HAL_Driver/stm32l5xx_hal_pwr_ex.o" --specs=nano.specs -mfpu=fpv5-sp-d16 -mfloat-abi=hard -mthumb -o "Drivers/STM32L5xx_HAL_Driver/stm32l5xx_hal_pwr_ex.o"
arm-none-eabi-gcc "D:/Workspace/Git/TRACES/prv/TRACES/Drivers/STM32L5xx_HAL_Driver/Src/stm32l5xx_hal_rcc.c" -mcpu=cortex-m33 -std=gnu11 -g3 -DDEBUG -DUSE_HAL_DRIVER -DSTM32L552xx -c -I../Core/Inc -I../../Secure_nsclib -I../../Drivers/STM32L5xx_HAL_Driver/Inc -I../../Drivers/CMSIS/Device/ST/STM32L5xx/Include -I../../Drivers/STM32L5xx_HAL_Driver/Inc/Legacy -I../../Drivers/CMSIS/Include -O0 -ffunction-sections -fdata-sections -Wall -mcmse -fstack-usage -fcyclomatic-complexity -mcmse -MMD -MP -MF"Drivers/STM32L5xx_HAL_Driver/stm32l5xx_hal_rcc.d" -MT"Drivers/STM32L5xx_HAL_Driver/stm32l5xx_hal_rcc.o" --specs=nano.specs -mfpu=fpv5-sp-d16 -mfloat-abi=hard -mthumb -o "Drivers/STM32L5xx_HAL_Driver/stm32l5xx_hal_rcc.o"
arm-none-eabi-gcc "D:/Workspace/Git/TRACES/prv/TRACES/Drivers/STM32L5xx_HAL_Driver/Src/stm32l5xx_hal_rcc_ex.c" -mcpu=cortex-m33 -std=gnu11 -g3 -DDEBUG -DUSE_HAL_DRIVER -DSTM32L552xx -c -I../Core/Inc -I../../Secure_nsclib -I../../Drivers/STM32L5xx_HAL_Driver/Inc -I../../Drivers/CMSIS/Device/ST/STM32L5xx/Include -I../../Drivers/STM32L5xx_HAL_Driver/Inc/Legacy -I../../Drivers/CMSIS/Include -O0 -ffunction-sections -fdata-sections -Wall -mcmse -fstack-usage -fcyclomatic-complexity -mcmse -MMD -MP -MF"Drivers/STM32L5xx_HAL_Driver/stm32l5xx_hal_rcc_ex.d" -MT"Drivers/STM32L5xx_HAL_Driver/stm32l5xx_hal_rcc_ex.o" --specs=nano.specs -mfpu=fpv5-sp-d16 -mfloat-abi=hard -mthumb -o "Drivers/STM32L5xx_HAL_Driver/stm32l5xx_hal_rcc_ex.o"
arm-none-eabi-gcc "D:/Workspace/Git/TRACES/prv/TRACES/Drivers/STM32L5xx_HAL_Driver/Src/stm32l5xx_hal_tim.c" -mcpu=cortex-m33 -std=gnu11 -g3 -DDEBUG -DUSE_HAL_DRIVER -DSTM32L552xx -c -I../Core/Inc -I../../Secure_nsclib -I../../Drivers/STM32L5xx_HAL_Driver/Inc -I../../Drivers/CMSIS/Device/ST/STM32L5xx/Include -I../../Drivers/STM32L5xx_HAL_Driver/Inc/Legacy -I../../Drivers/CMSIS/Include -O0 -ffunction-sections -fdata-sections -Wall -mcmse -fstack-usage -fcyclomatic-complexity -mcmse -MMD -MP -MF"Drivers/STM32L5xx_HAL_Driver/stm32l5xx_hal_tim.d" -MT"Drivers/STM32L5xx_HAL_Driver/stm32l5xx_hal_tim.o" --specs=nano.specs -mfpu=fpv5-sp-d16 -mfloat-abi=hard -mthumb -o "Drivers/STM32L5xx_HAL_Driver/stm32l5xx_hal_tim.o"
arm-none-eabi-gcc "D:/Workspace/Git/TRACES/prv/TRACES/Drivers/STM32L5xx_HAL_Driver/Src/stm32l5xx_hal_tim_ex.c" -mcpu=cortex-m33 -std=gnu11 -g3 -DDEBUG -DUSE_HAL_DRIVER -DSTM32L552xx -c -I../Core/Inc -I../../Secure_nsclib -I../../Drivers/STM32L5xx_HAL_Driver/Inc -I../../Drivers/CMSIS/Device/ST/STM32L5xx/Include -I../../Drivers/STM32L5xx_HAL_Driver/Inc/Legacy -I../../Drivers/CMSIS/Include -O0 -ffunction-sections -fdata-sections -Wall -mcmse -fstack-usage -fcyclomatic-complexity -mcmse -MMD -MP -MF"Drivers/STM32L5xx_HAL_Driver/stm32l5xx_hal_tim_ex.d" -MT"Drivers/STM32L5xx_HAL_Driver/stm32l5xx_hal_tim_ex.o" --specs=nano.specs -mfpu=fpv5-sp-d16 -mfloat-abi=hard -mthumb -o "Drivers/STM32L5xx_HAL_Driver/stm32l5xx_hal_tim_ex.o"
arm-none-eabi-gcc "../Drivers/STM32L5xx_HAL_Driver/stm32l5xx_hal_uart.c" -mcpu=cortex-m33 -std=gnu11 -g3 -DDEBUG -DUSE_HAL_DRIVER -DSTM32L552xx -c -I../Core/Inc -I../../Secure_nsclib -I../../Drivers/STM32L5xx_HAL_Driver/Inc -I../../Drivers/CMSIS/Device/ST/STM32L5xx/Include -I../../Drivers/STM32L5xx_HAL_Driver/Inc/Legacy -I../../Drivers/CMSIS/Include -O0 -ffunction-sections -fdata-sections -Wall -mcmse -fstack-usage -fcyclomatic-complexity -mcmse -MMD -MP -MF"Drivers/STM32L5xx_HAL_Driver/stm32l5xx_hal_uart.d" -MT"Drivers/STM32L5xx_HAL_Driver/stm32l5xx_hal_uart.o" --specs=nano.specs -mfpu=fpv5-sp-d16 -mfloat-abi=hard -mthumb -o "Drivers/STM32L5xx_HAL_Driver/stm32l5xx_hal_uart.o"
arm-none-eabi-gcc "../Drivers/STM32L5xx_HAL_Driver/stm32l5xx_hal_uart_ex.c" -mcpu=cortex-m33 -std=gnu11 -g3 -DDEBUG -DUSE_HAL_DRIVER -DSTM32L552xx -c -I../Core/Inc -I../../Secure_nsclib -I../../Drivers/STM32L5xx_HAL_Driver/Inc -I../../Drivers/CMSIS/Device/ST/STM32L5xx/Include -I../../Drivers/STM32L5xx_HAL_Driver/Inc/Legacy -I../../Drivers/CMSIS/Include -O0 -ffunction-sections -fdata-sections -Wall -mcmse -fstack-usage -fcyclomatic-complexity -mcmse -MMD -MP -MF"Drivers/STM32L5xx_HAL_Driver/stm32l5xx_hal_uart_ex.d" -MT"Drivers/STM32L5xx_HAL_Driver/stm32l5xx_hal_uart_ex.o" --specs=nano.specs -mfpu=fpv5-sp-d16 -mfloat-abi=hard -mthumb -o "Drivers/STM32L5xx_HAL_Driver/stm32l5xx_hal_uart_ex.o"
arm-none-eabi-gcc -mcpu=cortex-m33 -g3 -DDEBUG -c -x assembler-with-cpp -MMD -MP -MF"Core/Startup/startup_stm32l552zetxq.d" -MT"Core/Startup/startup_stm32l552zetxq.o" --specs=nano.specs -mfpu=fpv5-sp-d16 -mfloat-abi=hard -mthumb -o "Core/Startup/startup_stm32l552zetxq.o" "../Core/Startup/startup_stm32l552zetxq.s"
arm-none-eabi-gcc "../Core/Src/Hacl_HMAC_SHA2_256.c" -mcpu=cortex-m33 -std=gnu11 -g3 -DDEBUG -DUSE_HAL_DRIVER -DSTM32L552xx -c -I../Core/Inc -I../../Secure_nsclib -I../../Drivers/STM32L5xx_HAL_Driver/Inc -I../../Drivers/CMSIS/Device/ST/STM32L5xx/Include -I../../Drivers/STM32L5xx_HAL_Driver/Inc/Legacy -I../../Drivers/CMSIS/Include -O0 -ffunction-sections -fdata-sections -Wall -mcmse -fstack-usage -fcyclomatic-complexity -mcmse -MMD -MP -MF"Core/Src/Hacl_HMAC_SHA2_256.d" -MT"Core/Src/Hacl_HMAC_SHA2_256.o" --specs=nano.specs -mfpu=fpv5-sp-d16 -mfloat-abi=hard -mthumb -o "Core/Src/Hacl_HMAC_SHA2_256.o"
arm-none-eabi-gcc "../Core/Src/Hacl_SHA2_256.c" -mcpu=cortex-m33 -std=gnu11 -g3 -DDEBUG -DUSE_HAL_DRIVER -DSTM32L552xx -c -I../Core/Inc -I../../Secure_nsclib -I../../Drivers/STM32L5xx_HAL_Driver/Inc -I../../Drivers/CMSIS/Device/ST/STM32L5xx/Include -I../../Drivers/STM32L5xx_HAL_Driver/Inc/Legacy -I../../Drivers/CMSIS/Include -O0 -ffunction-sections -fdata-sections -Wall -mcmse -fstack-usage -fcyclomatic-complexity -mcmse -MMD -MP -MF"Core/Src/Hacl_SHA2_256.d" -MT"Core/Src/Hacl_SHA2_256.o" --specs=nano.specs -mfpu=fpv5-sp-d16 -mfloat-abi=hard -mthumb -o "Core/Src/Hacl_SHA2_256.o"
arm-none-eabi-gcc "../Core/Src/auc.c" -mcpu=cortex-m33 -std=gnu11 -g3 -DDEBUG -DUSE_HAL_DRIVER -DSTM32L552xx -c -I../Core/Inc -I../../Secure_nsclib -I../../Drivers/STM32L5xx_HAL_Driver/Inc -I../../Drivers/CMSIS/Device/ST/STM32L5xx/Include -I../../Drivers/STM32L5xx_HAL_Driver/Inc/Legacy -I../../Drivers/CMSIS/Include -O0 -ffunction-sections -fdata-sections -Wall -mcmse -fstack-usage -fcyclomatic-complexity -mcmse -MMD -MP -MF"Core/Src/auc.d" -MT"Core/Src/auc.o" --specs=nano.specs -mfpu=fpv5-sp-d16 -mfloat-abi=hard -mthumb -o "Core/Src/auc.o"
arm-none-eabi-gcc "../Core/Src/cfa_engine.c" -mcpu=cortex-m33 -std=gnu11 -g3 -DDEBUG -DUSE_HAL_DRIVER -DSTM32L552xx -c -I../Core/Inc -I../../Secure_nsclib -I../../Drivers/STM32L5xx_HAL_Driver/Inc -I../../Drivers/CMSIS/Device/ST/STM32L5xx/Include -I../../Drivers/STM32L5xx_HAL_Driver/Inc/Legacy -I../../Drivers/CMSIS/Include -O0 -ffunction-sections -fdata-sections -Wall -mcmse -fstack-usage -fcyclomatic-complexity -mcmse -MMD -MP -MF"Core/Src/cfa_engine.d" -MT"Core/Src/cfa_engine.o" --specs=nano.specs -mfpu=fpv5-sp-d16 -mfloat-abi=hard -mthumb -o "Core/Src/cfa_engine.o"
arm-none-eabi-gcc "../Core/Src/gpio.c" -mcpu=cortex-m33 -std=gnu11 -g3 -DDEBUG -DUSE_HAL_DRIVER -DSTM32L552xx -c -I../Core/Inc -I../../Secure_nsclib -I../../Drivers/STM32L5xx_HAL_Driver/Inc -I../../Drivers/CMSIS/Device/ST/STM32L5xx/Include -I../../Drivers/STM32L5xx_HAL_Driver/Inc/Legacy -I../../Drivers/CMSIS/Include -O0 -ffunction-sections -fdata-sections -Wall -mcmse -fstack-usage -fcyclomatic-complexity -mcmse -MMD -MP -MF"Core/Src/gpio.d" -MT"Core/Src/gpio.o" --specs=nano.specs -mfpu=fpv5-sp-d16 -mfloat-abi=hard -mthumb -o "Core/Src/gpio.o"
arm-none-eabi-gcc "../Core/Src/gtzc.c" -mcpu=cortex-m33 -std=gnu11 -g3 -DDEBUG -DUSE_HAL_DRIVER -DSTM32L552xx -c -I../Core/Inc -I../../Secure_nsclib -I../../Drivers/STM32L5xx_HAL_Driver/Inc -I../../Drivers/CMSIS/Device/ST/STM32L5xx/Include -I../../Drivers/STM32L5xx_HAL_Driver/Inc/Legacy -I../../Drivers/CMSIS/Include -O0 -ffunction-sections -fdata-sections -Wall -mcmse -fstack-usage -fcyclomatic-complexity -mcmse -MMD -MP -MF"Core/Src/gtzc.d" -MT"Core/Src/gtzc.o" --specs=nano.specs -mfpu=fpv5-sp-d16 -mfloat-abi=hard -mthumb -o "Core/Src/gtzc.o"
arm-none-eabi-gcc "../Core/Src/hash.c" -mcpu=cortex-m33 -std=gnu11 -g3 -DDEBUG -DUSE_HAL_DRIVER -DSTM32L552xx -c -I../Core/Inc -I../../Secure_nsclib -I../../Drivers/STM32L5xx_HAL_Driver/Inc -I../../Drivers/CMSIS/Device/ST/STM32L5xx/Include -I../../Drivers/STM32L5xx_HAL_Driver/Inc/Legacy -I../../Drivers/CMSIS/Include -O0 -ffunction-sections -fdata-sections -Wall -mcmse -fstack-usage -fcyclomatic-complexity -mcmse -MMD -MP -MF"Core/Src/hash.d" -MT"Core/Src/hash.o" --specs=nano.specs -mfpu=fpv5-sp-d16 -mfloat-abi=hard -mthumb -o "Core/Src/hash.o"
arm-none-eabi-gcc "../Core/Src/kremlib.c" -mcpu=cortex-m33 -std=gnu11 -g3 -DDEBUG -DUSE_HAL_DRIVER -DSTM32L552xx -c -I../Core/Inc -I../../Secure_nsclib -I../../Drivers/STM32L5xx_HAL_Driver/Inc -I../../Drivers/CMSIS/Device/ST/STM32L5xx/Include -I../../Drivers/STM32L5xx_HAL_Driver/Inc/Legacy -I../../Drivers/CMSIS/Include -O0 -ffunction-sections -fdata-sections -Wall -mcmse -fstack-usage -fcyclomatic-complexity -mcmse -MMD -MP -MF"Core/Src/kremlib.d" -MT"Core/Src/kremlib.o" --specs=nano.specs -mfpu=fpv5-sp-d16 -mfloat-abi=hard -mthumb -o "Core/Src/kremlib.o"
arm-none-eabi-gcc "../Core/Src/main.c" -mcpu=cortex-m33 -std=gnu11 -g3 -DDEBUG -DUSE_HAL_DRIVER -DSTM32L552xx -c -I../Core/Inc -I../../Secure_nsclib -I../../Drivers/STM32L5xx_HAL_Driver/Inc -I../../Drivers/CMSIS/Device/ST/STM32L5xx/Include -I../../Drivers/STM32L5xx_HAL_Driver/Inc/Legacy -I../../Drivers/CMSIS/Include -O0 -ffunction-sections -fdata-sections -Wall -mcmse -fstack-usage -fcyclomatic-complexity -mcmse -MMD -MP -MF"Core/Src/main.d" -MT"Core/Src/main.o" --specs=nano.specs -mfpu=fpv5-sp-d16 -mfloat-abi=hard -mthumb -o "Core/Src/main.o"
../Core/Src/hash.c: In function 'MX_HASH_Init':
../Core/Src/hash.c:26:11: warning: implicit declaration of function 'Error_Handler' [-Wimplicit-function-declaration]
   26 |           Error_Handler();
      |           ^~~~~~~~~~~~~
../Core/Src/cfa_engine.c: In function 'translate_command':
../Core/Src/cfa_engine.c:263:21: warning: pointer targets in passing argument 1 of 'strcmp' differ in signedness [-Wpointer-sign]
  263 |         if (!strcmp(command_received,INIT_ATTESTATION))
      |                     ^~~~~~~~~~~~~~~~
      |                     |
      |                     uint8_t * {aka unsigned char *}
In file included from ../Core/Src/cfa_engine.c:12:
D:\ST\STM32CubeIDE_1.13.1\STM32CubeIDE\plugins\com.st.stm32cube.ide.mcu.externaltools.gnu-tools-for-stm32.11.3.rel1.win32_1.1.0.202305231506\tools\bin/../lib/gcc/arm-none-eabi/11.3.1/../../../../arm-none-eabi/include/string.h:36:18: note: expected 'const char *' but argument is of type 'uint8_t *' {aka 'unsigned char *'}
   36 | int      strcmp (const char *, const char *);
      |                  ^~~~~~~~~~~~
../Core/Src/cfa_engine.c:265:26: warning: pointer targets in passing argument 1 of 'strcmp' differ in signedness [-Wpointer-sign]
  265 |         else if (!strcmp(command_received,ACCEPTED_REPORT))
      |                          ^~~~~~~~~~~~~~~~
      |                          |
      |                          uint8_t * {aka unsigned char *}
In file included from ../Core/Src/cfa_engine.c:12:
D:\ST\STM32CubeIDE_1.13.1\STM32CubeIDE\plugins\com.st.stm32cube.ide.mcu.externaltools.gnu-tools-for-stm32.11.3.rel1.win32_1.1.0.202305231506\tools\bin/../lib/gcc/arm-none-eabi/11.3.1/../../../../arm-none-eabi/include/string.h:36:18: note: expected 'const char *' but argument is of type 'uint8_t *' {aka 'unsigned char *'}
   36 | int      strcmp (const char *, const char *);
      |                  ^~~~~~~~~~~~
../Core/Src/cfa_engine.c:267:26: warning: pointer targets in passing argument 1 of 'strcmp' differ in signedness [-Wpointer-sign]
  267 |         else if (!strcmp(command_received,CONTINUE_REQUEST))
      |                          ^~~~~~~~~~~~~~~~
      |                          |
      |                          uint8_t * {aka unsigned char *}
In file included from ../Core/Src/cfa_engine.c:12:
D:\ST\STM32CubeIDE_1.13.1\STM32CubeIDE\plugins\com.st.stm32cube.ide.mcu.externaltools.gnu-tools-for-stm32.11.3.rel1.win32_1.1.0.202305231506\tools\bin/../lib/gcc/arm-none-eabi/11.3.1/../../../../arm-none-eabi/include/string.h:36:18: note: expected 'const char *' but argument is of type 'uint8_t *' {aka 'unsigned char *'}
   36 | int      strcmp (const char *, const char *);
      |                  ^~~~~~~~~~~~
../Core/Src/cfa_engine.c:269:26: warning: pointer targets in passing argument 1 of 'strcmp' differ in signedness [-Wpointer-sign]
  269 |         else if (!strcmp(command_received,HEAL_REQUEST))
      |                          ^~~~~~~~~~~~~~~~
      |                          |
      |                          uint8_t * {aka unsigned char *}
In file included from ../Core/Src/cfa_engine.c:12:
D:\ST\STM32CubeIDE_1.13.1\STM32CubeIDE\plugins\com.st.stm32cube.ide.mcu.externaltools.gnu-tools-for-stm32.11.3.rel1.win32_1.1.0.202305231506\tools\bin/../lib/gcc/arm-none-eabi/11.3.1/../../../../arm-none-eabi/include/string.h:36:18: note: expected 'const char *' but argument is of type 'uint8_t *' {aka 'unsigned char *'}
   36 | int      strcmp (const char *, const char *);
      |                  ^~~~~~~~~~~~
arm-none-eabi-gcc "../Core/Src/mtb.c" -mcpu=cortex-m33 -std=gnu11 -g3 -DDEBUG -DUSE_HAL_DRIVER -DSTM32L552xx -c -I../Core/Inc -I../../Secure_nsclib -I../../Drivers/STM32L5xx_HAL_Driver/Inc -I../../Drivers/CMSIS/Device/ST/STM32L5xx/Include -I../../Drivers/STM32L5xx_HAL_Driver/Inc/Legacy -I../../Drivers/CMSIS/Include -O0 -ffunction-sections -fdata-sections -Wall -mcmse -fstack-usage -fcyclomatic-complexity -mcmse -MMD -MP -MF"Core/Src/mtb.d" -MT"Core/Src/mtb.o" --specs=nano.specs -mfpu=fpv5-sp-d16 -mfloat-abi=hard -mthumb -o "Core/Src/mtb.o"
arm-none-eabi-gcc "../Core/Src/secure_nsc.c" -mcpu=cortex-m33 -std=gnu11 -g3 -DDEBUG -DUSE_HAL_DRIVER -DSTM32L552xx -c -I../Core/Inc -I../../Secure_nsclib -I../../Drivers/STM32L5xx_HAL_Driver/Inc -I../../Drivers/CMSIS/Device/ST/STM32L5xx/Include -I../../Drivers/STM32L5xx_HAL_Driver/Inc/Legacy -I../../Drivers/CMSIS/Include -O0 -ffunction-sections -fdata-sections -Wall -mcmse -fstack-usage -fcyclomatic-complexity -mcmse -MMD -MP -MF"Core/Src/secure_nsc.d" -MT"Core/Src/secure_nsc.o" --specs=nano.specs -mfpu=fpv5-sp-d16 -mfloat-abi=hard -mthumb -o "Core/Src/secure_nsc.o"
arm-none-eabi-gcc "../Core/Src/serial_messages.c" -mcpu=cortex-m33 -std=gnu11 -g3 -DDEBUG -DUSE_HAL_DRIVER -DSTM32L552xx -c -I../Core/Inc -I../../Secure_nsclib -I../../Drivers/STM32L5xx_HAL_Driver/Inc -I../../Drivers/CMSIS/Device/ST/STM32L5xx/Include -I../../Drivers/STM32L5xx_HAL_Driver/Inc/Legacy -I../../Drivers/CMSIS/Include -O0 -ffunction-sections -fdata-sections -Wall -mcmse -fstack-usage -fcyclomatic-complexity -mcmse -MMD -MP -MF"Core/Src/serial_messages.d" -MT"Core/Src/serial_messages.o" --specs=nano.specs -mfpu=fpv5-sp-d16 -mfloat-abi=hard -mthumb -o "Core/Src/serial_messages.o"
arm-none-eabi-gcc "../Core/Src/stm32l5xx_hal_msp.c" -mcpu=cortex-m33 -std=gnu11 -g3 -DDEBUG -DUSE_HAL_DRIVER -DSTM32L552xx -c -I../Core/Inc -I../../Secure_nsclib -I../../Drivers/STM32L5xx_HAL_Driver/Inc -I../../Drivers/CMSIS/Device/ST/STM32L5xx/Include -I../../Drivers/STM32L5xx_HAL_Driver/Inc/Legacy -I../../Drivers/CMSIS/Include -O0 -ffunction-sections -fdata-sections -Wall -mcmse -fstack-usage -fcyclomatic-complexity -mcmse -MMD -MP -MF"Core/Src/stm32l5xx_hal_msp.d" -MT"Core/Src/stm32l5xx_hal_msp.o" --specs=nano.specs -mfpu=fpv5-sp-d16 -mfloat-abi=hard -mthumb -o "Core/Src/stm32l5xx_hal_msp.o"
arm-none-eabi-gcc "../Core/Src/stm32l5xx_it.c" -mcpu=cortex-m33 -std=gnu11 -g3 -DDEBUG -DUSE_HAL_DRIVER -DSTM32L552xx -c -I../Core/Inc -I../../Secure_nsclib -I../../Drivers/STM32L5xx_HAL_Driver/Inc -I../../Drivers/CMSIS/Device/ST/STM32L5xx/Include -I../../Drivers/STM32L5xx_HAL_Driver/Inc/Legacy -I../../Drivers/CMSIS/Include -O0 -ffunction-sections -fdata-sections -Wall -mcmse -fstack-usage -fcyclomatic-complexity -mcmse -MMD -MP -MF"Core/Src/stm32l5xx_it.d" -MT"Core/Src/stm32l5xx_it.o" --specs=nano.specs -mfpu=fpv5-sp-d16 -mfloat-abi=hard -mthumb -o "Core/Src/stm32l5xx_it.o"
arm-none-eabi-gcc "../Core/Src/syscalls.c" -mcpu=cortex-m33 -std=gnu11 -g3 -DDEBUG -DUSE_HAL_DRIVER -DSTM32L552xx -c -I../Core/Inc -I../../Secure_nsclib -I../../Drivers/STM32L5xx_HAL_Driver/Inc -I../../Drivers/CMSIS/Device/ST/STM32L5xx/Include -I../../Drivers/STM32L5xx_HAL_Driver/Inc/Legacy -I../../Drivers/CMSIS/Include -O0 -ffunction-sections -fdata-sections -Wall -mcmse -fstack-usage -fcyclomatic-complexity -mcmse -MMD -MP -MF"Core/Src/syscalls.d" -MT"Core/Src/syscalls.o" --specs=nano.specs -mfpu=fpv5-sp-d16 -mfloat-abi=hard -mthumb -o "Core/Src/syscalls.o"
arm-none-eabi-gcc "../Core/Src/sysmem.c" -mcpu=cortex-m33 -std=gnu11 -g3 -DDEBUG -DUSE_HAL_DRIVER -DSTM32L552xx -c -I../Core/Inc -I../../Secure_nsclib -I../../Drivers/STM32L5xx_HAL_Driver/Inc -I../../Drivers/CMSIS/Device/ST/STM32L5xx/Include -I../../Drivers/STM32L5xx_HAL_Driver/Inc/Legacy -I../../Drivers/CMSIS/Include -O0 -ffunction-sections -fdata-sections -Wall -mcmse -fstack-usage -fcyclomatic-complexity -mcmse -MMD -MP -MF"Core/Src/sysmem.d" -MT"Core/Src/sysmem.o" --specs=nano.specs -mfpu=fpv5-sp-d16 -mfloat-abi=hard -mthumb -o "Core/Src/sysmem.o"
arm-none-eabi-gcc "../Core/Src/system_stm32l5xx_s.c" -mcpu=cortex-m33 -std=gnu11 -g3 -DDEBUG -DUSE_HAL_DRIVER -DSTM32L552xx -c -I../Core/Inc -I../../Secure_nsclib -I../../Drivers/STM32L5xx_HAL_Driver/Inc -I../../Drivers/CMSIS/Device/ST/STM32L5xx/Include -I../../Drivers/STM32L5xx_HAL_Driver/Inc/Legacy -I../../Drivers/CMSIS/Include -O0 -ffunction-sections -fdata-sections -Wall -mcmse -fstack-usage -fcyclomatic-complexity -mcmse -MMD -MP -MF"Core/Src/system_stm32l5xx_s.d" -MT"Core/Src/system_stm32l5xx_s.o" --specs=nano.specs -mfpu=fpv5-sp-d16 -mfloat-abi=hard -mthumb -o "Core/Src/system_stm32l5xx_s.o"
arm-none-eabi-gcc -mcpu=cortex-m33 -g3 -DDEBUG -c -x assembler-with-cpp -MMD -MP -MF"Core/Src/test_application.d" -MT"Core/Src/test_application.o" --specs=nano.specs -mfpu=fpv5-sp-d16 -mfloat-abi=hard -mthumb -o "Core/Src/test_application.o" "../Core/Src/test_application.s"
../Core/Src/mtb.c: In function 'mtb_enable':
arm-none-eabi-gcc "../Core/Src/tim.c" -mcpu=cortex-m33 -std=gnu11 -g3 -DDEBUG -DUSE_HAL_DRIVER -DSTM32L552xx -c -I../Core/Inc -I../../Secure_nsclib -I../../Drivers/STM32L5xx_HAL_Driver/Inc -I../../Drivers/CMSIS/Device/ST/STM32L5xx/Include -I../../Drivers/STM32L5xx_HAL_Driver/Inc/Legacy -I../../Drivers/CMSIS/Include -O0 -ffunction-sections -fdata-sections -Wall -mcmse -fstack-usage -fcyclomatic-complexity -mcmse -MMD -MP -MF"Core/Src/tim.d" -MT"Core/Src/tim.o" --specs=nano.specs -mfpu=fpv5-sp-d16 -mfloat-abi=hard -mthumb -o "Core/Src/tim.o"
../Core/Src/mtb.c:26:3: warning: implicit declaration of function 'memset' [-Wimplicit-function-declaration]
   26 |   memset((void *)MTB->BASE, 0x0, mtb_size);
      |   ^~~~~~
../Core/Src/mtb.c:5:1: note: include '<string.h>' or provide a declaration of 'memset'
    4 | #include <stdint.h>
  +++ |+#include <string.h>
    5 | 
../Core/Src/mtb.c:26:3: warning: incompatible implicit declaration of built-in function 'memset' [-Wbuiltin-declaration-mismatch]
   26 |   memset((void *)MTB->BASE, 0x0, mtb_size);
      |   ^~~~~~
../Core/Src/mtb.c:26:3: note: include '<string.h>' or provide a declaration of 'memset'
arm-none-eabi-gcc "../Core/Src/uECC.c" -mcpu=cortex-m33 -std=gnu11 -g3 -DDEBUG -DUSE_HAL_DRIVER -DSTM32L552xx -c -I../Core/Inc -I../../Secure_nsclib -I../../Drivers/STM32L5xx_HAL_Driver/Inc -I../../Drivers/CMSIS/Device/ST/STM32L5xx/Include -I../../Drivers/STM32L5xx_HAL_Driver/Inc/Legacy -I../../Drivers/CMSIS/Include -O0 -ffunction-sections -fdata-sections -Wall -mcmse -fstack-usage -fcyclomatic-complexity -mcmse -MMD -MP -MF"Core/Src/uECC.d" -MT"Core/Src/uECC.o" --specs=nano.specs -mfpu=fpv5-sp-d16 -mfloat-abi=hard -mthumb -o "Core/Src/uECC.o"
arm-none-eabi-gcc "../Core/Src/usart.c" -mcpu=cortex-m33 -std=gnu11 -g3 -DDEBUG -DUSE_HAL_DRIVER -DSTM32L552xx -c -I../Core/Inc -I../../Secure_nsclib -I../../Drivers/STM32L5xx_HAL_Driver/Inc -I../../Drivers/CMSIS/Device/ST/STM32L5xx/Include -I../../Drivers/STM32L5xx_HAL_Driver/Inc/Legacy -I../../Drivers/CMSIS/Include -O0 -ffunction-sections -fdata-sections -Wall -mcmse -fstack-usage -fcyclomatic-complexity -mcmse -MMD -MP -MF"Core/Src/usart.d" -MT"Core/Src/usart.o" --specs=nano.specs -mfpu=fpv5-sp-d16 -mfloat-abi=hard -mthumb -o "Core/Src/usart.o"
arm-none-eabi-gcc -o "TRACES_Secure.elf" @"objects.list"   -mcpu=cortex-m33 -T"D:\Workspace\Git\TRACES\prv\TRACES\Secure\STM32L552ZETXQ_FLASH.ld" --specs=nosys.specs -Wl,-Map="TRACES_Secure.map" -Wl,--gc-sections -static -Wl,--cmse-implib -Wl,--out-implib=./secure_nsclib.o --specs=nano.specs -mfpu=fpv5-sp-d16 -mfloat-abi=hard -mthumb -Wl,--start-group -lc -lm -Wl,--end-group
Finished building target: TRACES_Secure.elf
 
arm-none-eabi-size   TRACES_Secure.elf 
arm-none-eabi-objdump -h -S  TRACES_Secure.elf  > "TRACES_Secure.list"
   text	   data	    bss	    dec	    hex	filename
  31936	  16548	   2364	  50848	   c6a0	TRACES_Secure.elf
Finished building: default.size.stdout
 
Finished building: TRACES_Secure.list
 

22:51:18 Build Finished. 0 errors, 7 warnings. (took 3s.388ms)

