14:03:01 **** Incremental Build of configuration Debug for project TRACES_Secure ****
make -j16 all 
arm-none-eabi-gcc "../Core/Src/cfa_engine.c" -mcpu=cortex-m33 -std=gnu11 -g3 -DDEBUG -DUSE_HAL_DRIVER -DSTM32L552xx -c -I../Core/Inc -I../../Secure_nsclib -I../../Drivers/STM32L5xx_HAL_Driver/Inc -I../../Drivers/CMSIS/Device/ST/STM32L5xx/Include -I../../Drivers/STM32L5xx_HAL_Driver/Inc/Legacy -I../../Drivers/CMSIS/Include -O0 -ffunction-sections -fdata-sections -Wall -mcmse -fstack-usage -fcyclomatic-complexity -mcmse -MMD -MP -MF"Core/Src/cfa_engine.d" -MT"Core/Src/cfa_engine.o" --specs=nano.specs -mfpu=fpv5-sp-d16 -mfloat-abi=hard -mthumb -o "Core/Src/cfa_engine.o"
arm-none-eabi-gcc "../Core/Src/main.c" -mcpu=cortex-m33 -std=gnu11 -g3 -DDEBUG -DUSE_HAL_DRIVER -DSTM32L552xx -c -I../Core/Inc -I../../Secure_nsclib -I../../Drivers/STM32L5xx_HAL_Driver/Inc -I../../Drivers/CMSIS/Device/ST/STM32L5xx/Include -I../../Drivers/STM32L5xx_HAL_Driver/Inc/Legacy -I../../Drivers/CMSIS/Include -O0 -ffunction-sections -fdata-sections -Wall -mcmse -fstack-usage -fcyclomatic-complexity -mcmse -MMD -MP -MF"Core/Src/main.d" -MT"Core/Src/main.o" --specs=nano.specs -mfpu=fpv5-sp-d16 -mfloat-abi=hard -mthumb -o "Core/Src/main.o"
arm-none-eabi-gcc "../Core/Src/secure_nsc.c" -mcpu=cortex-m33 -std=gnu11 -g3 -DDEBUG -DUSE_HAL_DRIVER -DSTM32L552xx -c -I../Core/Inc -I../../Secure_nsclib -I../../Drivers/STM32L5xx_HAL_Driver/Inc -I../../Drivers/CMSIS/Device/ST/STM32L5xx/Include -I../../Drivers/STM32L5xx_HAL_Driver/Inc/Legacy -I../../Drivers/CMSIS/Include -O0 -ffunction-sections -fdata-sections -Wall -mcmse -fstack-usage -fcyclomatic-complexity -mcmse -MMD -MP -MF"Core/Src/secure_nsc.d" -MT"Core/Src/secure_nsc.o" --specs=nano.specs -mfpu=fpv5-sp-d16 -mfloat-abi=hard -mthumb -o "Core/Src/secure_nsc.o"
arm-none-eabi-gcc "../Core/Src/stm32l5xx_it.c" -mcpu=cortex-m33 -std=gnu11 -g3 -DDEBUG -DUSE_HAL_DRIVER -DSTM32L552xx -c -I../Core/Inc -I../../Secure_nsclib -I../../Drivers/STM32L5xx_HAL_Driver/Inc -I../../Drivers/CMSIS/Device/ST/STM32L5xx/Include -I../../Drivers/STM32L5xx_HAL_Driver/Inc/Legacy -I../../Drivers/CMSIS/Include -O0 -ffunction-sections -fdata-sections -Wall -mcmse -fstack-usage -fcyclomatic-complexity -mcmse -MMD -MP -MF"Core/Src/stm32l5xx_it.d" -MT"Core/Src/stm32l5xx_it.o" --specs=nano.specs -mfpu=fpv5-sp-d16 -mfloat-abi=hard -mthumb -o "Core/Src/stm32l5xx_it.o"
../Core/Src/cfa_engine.c: In function 'translate_command':
../Core/Src/cfa_engine.c:263:21: warning: pointer targets in passing argument 1 of 'strcmp' differ in signedness [-Wpointer-sign]
  263 |         if (!strcmp(command_received,INIT_ATTESTATION))
      |                     ^~~~~~~~~~~~~~~~
      |                     |
      |                     uint8_t * {aka unsigned char *}
In file included from ../Core/Src/cfa_engine.c:12:
D:\ST\STM32CubeIDE_1.13.1\STM32CubeIDE\plugins\com.st.stm32cube.ide.mcu.externaltools.gnu-tools-for-stm32.11.3.rel1.win32_1.1.0.202305231506\tools\bin/../lib/gcc/arm-none-eabi/11.3.1/../../../../arm-none-eabi/include/string.h:36:18: note: expected 'const char *' but argument is of type 'uint8_t *' {aka 'unsigned char *'}
   36 | int      strcmp (const char *, const char *);
      |                  ^~~~~~~~~~~~
../Core/Src/cfa_engine.c:265:26: warning: pointer targets in passing argument 1 of 'strcmp' differ in signedness [-Wpointer-sign]
  265 |         else if (!strcmp(command_received,ACCEPTED_REPORT))
      |                          ^~~~~~~~~~~~~~~~
      |                          |
      |                          uint8_t * {aka unsigned char *}
In file included from ../Core/Src/cfa_engine.c:12:
D:\ST\STM32CubeIDE_1.13.1\STM32CubeIDE\plugins\com.st.stm32cube.ide.mcu.externaltools.gnu-tools-for-stm32.11.3.rel1.win32_1.1.0.202305231506\tools\bin/../lib/gcc/arm-none-eabi/11.3.1/../../../../arm-none-eabi/include/string.h:36:18: note: expected 'const char *' but argument is of type 'uint8_t *' {aka 'unsigned char *'}
   36 | int      strcmp (const char *, const char *);
      |                  ^~~~~~~~~~~~
../Core/Src/cfa_engine.c:267:26: warning: pointer targets in passing argument 1 of 'strcmp' differ in signedness [-Wpointer-sign]
  267 |         else if (!strcmp(command_received,CONTINUE_REQUEST))
      |                          ^~~~~~~~~~~~~~~~
      |                          |
      |                          uint8_t * {aka unsigned char *}
In file included from ../Core/Src/cfa_engine.c:12:
D:\ST\STM32CubeIDE_1.13.1\STM32CubeIDE\plugins\com.st.stm32cube.ide.mcu.externaltools.gnu-tools-for-stm32.11.3.rel1.win32_1.1.0.202305231506\tools\bin/../lib/gcc/arm-none-eabi/11.3.1/../../../../arm-none-eabi/include/string.h:36:18: note: expected 'const char *' but argument is of type 'uint8_t *' {aka 'unsigned char *'}
   36 | int      strcmp (const char *, const char *);
      |                  ^~~~~~~~~~~~
../Core/Src/cfa_engine.c:269:26: warning: pointer targets in passing argument 1 of 'strcmp' differ in signedness [-Wpointer-sign]
  269 |         else if (!strcmp(command_received,HEAL_REQUEST))
      |                          ^~~~~~~~~~~~~~~~
      |                          |
      |                          uint8_t * {aka unsigned char *}
In file included from ../Core/Src/cfa_engine.c:12:
D:\ST\STM32CubeIDE_1.13.1\STM32CubeIDE\plugins\com.st.stm32cube.ide.mcu.externaltools.gnu-tools-for-stm32.11.3.rel1.win32_1.1.0.202305231506\tools\bin/../lib/gcc/arm-none-eabi/11.3.1/../../../../arm-none-eabi/include/string.h:36:18: note: expected 'const char *' but argument is of type 'uint8_t *' {aka 'unsigned char *'}
   36 | int      strcmp (const char *, const char *);
      |                  ^~~~~~~~~~~~
arm-none-eabi-gcc -o "TRACES_Secure.elf" @"objects.list"   -mcpu=cortex-m33 -T"D:\Workspace\Git\TRACES\prv\TRACES\Secure\STM32L552ZETXQ_FLASH.ld" --specs=nosys.specs -Wl,-Map="TRACES_Secure.map" -Wl,--gc-sections -static -Wl,--cmse-implib -Wl,--out-implib=./secure_nsclib.o --specs=nano.specs -mfpu=fpv5-sp-d16 -mfloat-abi=hard -mthumb -Wl,--start-group -lc -lm -Wl,--end-group
Finished building target: TRACES_Secure.elf
 
arm-none-eabi-size   TRACES_Secure.elf 
arm-none-eabi-objdump -h -S  TRACES_Secure.elf  > "TRACES_Secure.list"
   text	   data	    bss	    dec	    hex	filename
  31936	  16548	   2364	  50848	   c6a0	TRACES_Secure.elf
Finished building: default.size.stdout
 
Finished building: TRACES_Secure.list
 

14:03:02 Build Finished. 0 errors, 4 warnings. (took 1s.221ms)

